?openmp_logging = false
?vis_history = false
?integration_timer = false
?pacify = true
$method = "omega"
| Process library 'ewa_1_lib': recorded process 'ewa_1_p1'
| Process library 'ewa_1_lib': recorded process 'ewa_1_p2'
| Process library 'ewa_1_lib': recorded process 'ewa_1_p3'
| Process library 'ewa_1_lib': recorded process 'ewa_1_p4'
seed = 0
| Process library 'ewa_1_lib': compiling ...
| Process library 'ewa_1_lib': writing makefile
| Process library 'ewa_1_lib': removing old files
| Process library 'ewa_1_lib': writing driver
| Process library 'ewa_1_lib': creating source code
| Process library 'ewa_1_lib': compiling sources
| Process library 'ewa_1_lib': linking
| Process library 'ewa_1_lib': loading
| Process library 'ewa_1_lib': ... success.
$phs_method = "wood"
$integration_method = "vamp"
sqrts =  3.00000E+03
openmp_num_threads = 1
[user variable] n = 1000
| RNG: Initializing TAO random-number generator
| RNG: Setting seed for random-number generator to 0
| Initializing integration for process ewa_1_p1:
| Beam structure: [any particles]
| Beam data (collision):
|   W-  (mass = 8.0419000E+01 GeV)
|   W+  (mass = 8.0419000E+01 GeV)
|   sqrts = 3.000000000000E+03 GeV
| Phase space: generating configuration ...
| Phase space: ... success.
| Phase space: writing configuration file 'ewa_1_p1.i1.phs'
| ------------------------------------------------------------------------
| Process [scattering]: 'ewa_1_p1'
|   Library name  = 'ewa_1_lib'
|   Process index = 1
|   Process components:
|     1: 'ewa_1_p1_i1':   W-, W+ => t, tbar [omega]
| ------------------------------------------------------------------------
| Phase space: 3 channels, 2 dimensions
| Phase space: found 3 channels, collected in 2 groves.
| Phase space: Using 3 equivalences between channels.
| Phase space: wood
| Applying user-defined cuts.
| Starting integration for process 'ewa_1_p1'
| Integrate: iterations = 3:1000:"g", 3:1000
| Integrator: 2 chains, 3 channels, 2 dimensions
| Integrator: Using VAMP channel equivalences
| Integrator: 1000 initial calls, 20 bins, stratified = T
| Integrator: VAMP
|=============================================================================|
| It      Calls  Integral[fb]  Error[fb]   Err[%]    Acc  Eff[%]   Chi2 N[It] |
|=============================================================================|
   1        864     2.638E+03   1.35E+02    5.10    1.50     2.5
   2        864     4.194E+03   3.74E+02    8.93    2.62     2.7
   3        864     4.434E+03   2.31E+02    5.22    1.53     4.4
|-----------------------------------------------------------------------------|
   3       2592     3.190E+03   1.11E+02    3.48    1.77     4.4   26.44   3
|-----------------------------------------------------------------------------|
   4        864     4.614E+03   3.13E+02    6.79    2.00     3.6
   5        864     4.395E+03   4.38E+02    9.96    2.93     2.0
   6        864     4.758E+03   4.50E+02    9.45    2.78     1.6
|-----------------------------------------------------------------------------|
   6       2592     4.593E+03   2.22E+02    4.83    2.46     1.6    0.17   3
|=============================================================================|
| RNG: Initializing TAO random-number generator
| RNG: Setting seed for random-number generator to 1
| Initializing integration for process ewa_1_p2:
| Beam structure: [any particles]
| Beam data (collision):
|   Z  (mass = 9.1188200E+01 GeV)
|   Z  (mass = 9.1188200E+01 GeV)
|   sqrts = 3.000000000000E+03 GeV
| Phase space: generating configuration ...
| Phase space: ... success.
| Phase space: writing configuration file 'ewa_1_p2.i1.phs'
| ------------------------------------------------------------------------
| Process [scattering]: 'ewa_1_p2'
|   Library name  = 'ewa_1_lib'
|   Process index = 2
|   Process components:
|     1: 'ewa_1_p2_i1':   Z, Z => t, tbar [omega]
| ------------------------------------------------------------------------
| Phase space: 5 channels, 2 dimensions
| Phase space: found 5 channels, collected in 2 groves.
| Phase space: Using 9 equivalences between channels.
| Phase space: wood
| Applying user-defined cuts.
| Starting integration for process 'ewa_1_p2'
| Integrate: iterations = 3:1000:"g", 3:1000
| Integrator: 2 chains, 5 channels, 2 dimensions
| Integrator: Using VAMP channel equivalences
| Integrator: 1000 initial calls, 20 bins, stratified = T
| Integrator: VAMP
|=============================================================================|
| It      Calls  Integral[fb]  Error[fb]   Err[%]    Acc  Eff[%]   Chi2 N[It] |
|=============================================================================|
   1       1000     1.544E+03   1.20E+02    7.75    2.45     3.9
   2       1000     1.445E+03   4.82E+01    3.33    1.05     8.0
   3       1000     1.434E+03   2.77E+01    1.93    0.61    17.2
|-----------------------------------------------------------------------------|
   3       3000     1.441E+03   2.36E+01    1.64    0.90    17.2    0.41   3
|-----------------------------------------------------------------------------|
   4       1000     1.475E+03   2.79E+01    1.89    0.60    16.4
   5       1000     1.403E+03   2.60E+01    1.85    0.59    14.9
   6       1000     1.477E+03   2.92E+01    1.98    0.63    15.3
|-----------------------------------------------------------------------------|
   6       3000     1.448E+03   1.59E+01    1.10    0.60    15.3    2.47   3
|=============================================================================|
ewa_x_min =  1.00000E-02
ewa_mass =  5.10997E-04
| RNG: Initializing TAO random-number generator
| RNG: Setting seed for random-number generator to 2
| Initializing integration for process ewa_1_p3:
| Beam structure: e-, e+ => ewa
| Beam data (collision):
|   e-  (mass = 5.1099700E-04 GeV)
|   e+  (mass = 5.1099700E-04 GeV)
|   sqrts = 3.000000000000E+03 GeV
| Phase space: generating configuration ...
| Phase space: ... success.
| Phase space: writing configuration file 'ewa_1_p3.i1.phs'
| ------------------------------------------------------------------------
| Process [scattering]: 'ewa_1_p3'
|   Library name  = 'ewa_1_lib'
|   Process index = 3
|   Process components:
|     1: 'ewa_1_p3_i1':   W-, W+ => t, tbar [omega]
| ------------------------------------------------------------------------
| Phase space: 3 channels, 2 dimensions
| Phase space: found 3 channels, collected in 2 groves.
| Phase space: Using 3 equivalences between channels.
| Phase space: wood
| Beam structure: ewa, none => none, ewa
| Beam structure: 1 channels, 2 dimensions
| Applying user-defined cuts.
| Starting integration for process 'ewa_1_p3'
| Integrate: iterations = 5:1000:"g", 3:1000
| Integrator: 2 chains, 3 channels, 4 dimensions
| Integrator: Using VAMP channel equivalences
| Integrator: 1000 initial calls, 20 bins, stratified = T
| Integrator: VAMP
|=============================================================================|
| It      Calls  Integral[fb]  Error[fb]   Err[%]    Acc  Eff[%]   Chi2 N[It] |
|=============================================================================|
   1        999     9.505E+01   1.02E+01   10.74    3.39     2.6
   2        999     1.041E+02   5.19E+00    4.99    1.58     6.6
   3        999     1.190E+02   4.45E+00    3.74    1.18    19.2
   4        999     1.101E+02   4.12E+00    3.74    1.18    19.6
   5        999     1.107E+02   3.98E+00    3.60    1.14    18.5
|-----------------------------------------------------------------------------|
   5       4995     1.106E+02   2.14E+00    1.93    1.36    18.5    1.86   5
|-----------------------------------------------------------------------------|
   6        999     1.086E+02   3.89E+00    3.58    1.13    17.5
   7        999     1.100E+02   3.87E+00    3.52    1.11    17.7
   8        999     1.108E+02   3.96E+00    3.57    1.13    16.2
|-----------------------------------------------------------------------------|
   8       2997     1.098E+02   2.26E+00    2.05    1.12    16.2    0.08   3
|=============================================================================|
| RNG: Initializing TAO random-number generator
| RNG: Setting seed for random-number generator to 3
| Initializing integration for process ewa_1_p4:
| Beam structure: e-, e+ => ewa
| Beam data (collision):
|   e-  (mass = 5.1099700E-04 GeV)
|   e+  (mass = 5.1099700E-04 GeV)
|   sqrts = 3.000000000000E+03 GeV
| Phase space: generating configuration ...
| Phase space: ... success.
| Phase space: writing configuration file 'ewa_1_p4.i1.phs'
| ------------------------------------------------------------------------
| Process [scattering]: 'ewa_1_p4'
|   Library name  = 'ewa_1_lib'
|   Process index = 4
|   Process components:
|     1: 'ewa_1_p4_i1':   Z, Z => t, tbar [omega]
| ------------------------------------------------------------------------
| Phase space: 5 channels, 2 dimensions
| Phase space: found 5 channels, collected in 2 groves.
| Phase space: Using 9 equivalences between channels.
| Phase space: wood
| Beam structure: ewa, none => none, ewa
| Beam structure: 1 channels, 2 dimensions
| Applying user-defined cuts.
| Starting integration for process 'ewa_1_p4'
| Integrate: iterations = 5:1000:"g", 3:1000
| Integrator: 2 chains, 5 channels, 4 dimensions
| Integrator: Using VAMP channel equivalences
| Integrator: 1000 initial calls, 20 bins, stratified = T
| Integrator: VAMP
|=============================================================================|
| It      Calls  Integral[fb]  Error[fb]   Err[%]    Acc  Eff[%]   Chi2 N[It] |
|=============================================================================|
   1       1000     1.643E+00   9.28E-02    5.65    1.79     9.5
   2       1000     1.612E+00   5.12E-02    3.17    1.00    26.5
   3       1000     1.584E+00   4.60E-02    2.91    0.92    34.6
   4       1000     1.706E+00   4.57E-02    2.68    0.85    28.2
   5       1000     1.574E+00   4.41E-02    2.80    0.89    28.8
|-----------------------------------------------------------------------------|
   5       5000     1.620E+00   2.26E-02    1.39    0.99    28.8    1.35   5
|-----------------------------------------------------------------------------|
   6       1000     1.574E+00   4.55E-02    2.89    0.91    27.4
   7       1000     1.642E+00   4.53E-02    2.76    0.87    28.1
   8       1000     1.649E+00   4.68E-02    2.84    0.90    26.4
|-----------------------------------------------------------------------------|
   8       3000     1.621E+00   2.65E-02    1.63    0.89    26.4    0.82   3
|=============================================================================|
| WHIZARD run finished.
|=============================================================================|
