* Test output: commands_28
*   Purpose: quit the program

*  Initialization

*  Input file: quit without code

quit

*  Parse file

Parse tree:
+  <command_list>  =  <cmd_quit>
|  +  <cmd_quit>  =  quit
|  |  +  quit  = [keyword] quit

* Compile command list

 quit: has_code = F

* Execute command list

========================================================================
 Runtime data:
========================================================================
 Process library stack: [empty]
========================================================================
 Beam structure: [any particles]
========================================================================
 Cuts: [undefined]
------------------------------------------------------------------------
 Scale: [undefined]
------------------------------------------------------------------------
 Factorization scale: [undefined]
------------------------------------------------------------------------
 Renormalization scale: [undefined]
------------------------------------------------------------------------
 Weight: [undefined]
========================================================================
 Event selection: [undefined]
------------------------------------------------------------------------
 Event reweighting factor: [undefined]
------------------------------------------------------------------------
 Event analysis: [undefined]
------------------------------------------------------------------------
 Event callback: [undefined]
========================================================================
 Process stack: [empty]
========================================================================
 quit     : T
 quit_code: 0
========================================================================
 Logfile  : ''
========================================================================

*  Input file: quit with code

quit ( 3 + 4 )

*  Parse file

Parse tree:
+  <command_list>  =  <cmd_quit>
|  +  <cmd_quit>  =  quit <quit_arg>
|  |  +  quit  = [keyword] quit
|  |  +  <quit_arg>  =  <expr>
|  |  |  +  <expr>  =  <term> <addition>
|  |  |  |  +  <term>  =  <factor>
|  |  |  |  |  +  <factor>  =  <integer_value>
|  |  |  |  |  |  +  <integer_value>  =  <integer_literal>
|  |  |  |  |  |  |  +  <integer_literal>  = 3
|  |  |  |  +  <addition>  =  '+' <term>
|  |  |  |  |  +  '+'  = [keyword] +
|  |  |  |  |  +  <term>  =  <factor>
|  |  |  |  |  |  +  <factor>  =  <integer_value>
|  |  |  |  |  |  |  +  <integer_value>  =  <integer_literal>
|  |  |  |  |  |  |  |  +  <integer_literal>  = 4

* Compile command list

 quit: has_code = T

* Execute command list

========================================================================
 Runtime data:
========================================================================
 Process library stack: [empty]
========================================================================
 Beam structure: [any particles]
========================================================================
 Cuts: [undefined]
------------------------------------------------------------------------
 Scale: [undefined]
------------------------------------------------------------------------
 Factorization scale: [undefined]
------------------------------------------------------------------------
 Renormalization scale: [undefined]
------------------------------------------------------------------------
 Weight: [undefined]
========================================================================
 Event selection: [undefined]
------------------------------------------------------------------------
 Event reweighting factor: [undefined]
------------------------------------------------------------------------
 Event analysis: [undefined]
------------------------------------------------------------------------
 Event callback: [undefined]
========================================================================
 Process stack: [empty]
========================================================================
 quit     : T
 quit_code: 7
========================================================================
 Logfile  : ''
========================================================================

* Cleanup

* Test output end: commands_28
