* Test output: dispatch_1
*   Purpose: select process configuration method

* Allocate core_def as prc_test_def

* Allocate core_def as omega_def

     Model name        = ""
     Mode string       = " -scatter"
     Process string    = " 'a b -> c d'"
     Restrictions      = ""
     OpenMP support    = F
     Report progress   = T
     Extra options     = " "
     Write diagrams    = F
     Write color diag. = F
     Complex Mass S.   = F

* Test output end: dispatch_1
