* Test output: eio_stdhep_3
*   Purpose: read a StdHep file, HEPRUP/HEPEUP block

* Write a StdHep data file, HEPRUP/HEPEUP block


* Generate and write an event, HEPEUP/HEPRUP

 STDHEP event stream:
   Writing to file   = eio_stdhep_4.up.hep
   Keep beams        = F
   Keep remnants     = T
   Recover beams     = F
   Alpha_s from file = F
   Scale from file   = F
   Numerical process IDs:
     1: 42
* Initialize test process

 Event sample properties:
   MD5 sum (proc)   = '                                '
   MD5 sum (config) = '                                '
   unweighted       = T
   negative weights = F
   normalization    = '1'
   number of beams  = 2
     PDG    =                   25                  25
     Energy =   5.000000000000E+02  5.000000000000E+02
   num of processes = 1
   Process #42
     CSec  =  0.000000000000E+00
     Error =  0.000000000000E+00

* Initialize

 STDHEP event stream:
   Reading from file = eio_stdhep_4.up.hep
   Keep beams        = F
   Keep remnants     = T
   Recover beams     = F
   Alpha_s from file = F
   Scale from file   = F
   Numerical process IDs:
     1: 42

* Read event

Found process #1 with ID = 42
========================================================================
 Event #1 [incomplete]
------------------------------------------------------------------------
   Unweighted         = F
   Normalization      = 'sigma'
   Helicity handling  = drop
   Keep correlations  = F
------------------------------------------------------------------------
   Event weight (ref)       =  1.000000000000E+00
------------------------------------------------------------------------
   Selected MCI group = 1
   Selected term      = 1
   Selected channel   = 1
========================================================================
 Process instance [scattering]: 'processes_test'
   Run ID = 'run_test'
   Process components:
     1: 'processes_test_i1':   s, s => s, s [test_me]
   status = initialized
========================================================================
========================================================================
 Event transform: trivial (hard process)
------------------------------------------------------------------------
   Associated process: 'processes_test'
   Random-number generator: test (state = 1)
   Number of tries = 0
------------------------------------------------------------------------
 Particle set:
------------------------------------------------------------------------
 Particle 1 [i] f(25)
 E =   5.000000000000E+02
 P =   0.000000000000E+00  0.000000000000E+00  4.841229182759E+02
 T =   1.562500000000E+04
 Children: 3 4
 Particle 2 [i] f(25)
 E =   5.000000000000E+02
 P =   0.000000000000E+00  0.000000000000E+00 -4.841229182759E+02
 T =   1.562500000000E+04
 Children: 3 4
 Particle 3 [o] f(25)
 E =   5.000000000000E+02
 P =  -4.437059837325E+02  0.000000000000E+00  1.936491673104E+02
 T =   1.562500000000E+04
 Parents:  1 2
 Particle 4 [o] f(25)
 E =   5.000000000000E+02
 P =   4.437059837325E+02  0.000000000000E+00 -1.936491673104E+02
 T =   1.562500000000E+04
 Parents:  1 2
========================================================================

* Read closing

iostat = 0

* Cleanup

* Test output end: eio_stdhep_4
