* Test output: grids_3
*   Purpose: Get Segments

* A double error is expected
******************************************************************************
*** ERROR: grid_get_segment: Did not find x in [0,1]^d
******************************************************************************
******************************************************************************
*** ERROR: grid_get_segment: Did not find x in [0,1]^d
******************************************************************************

* Test output end: grids_3
