* Test output: phs_base_4
*   Purpose: compute and compare MD5 sums

* Model parameters

 gy =  1.000000000000E+00
 ms =  1.250000000000E+02
 ff =  1.500000000000E+00
 mf =  1.875000000000E+02

* Initialize a process and a matching phase-space configuration

 Partonic phase-space configuration:
   ID        = 'phs_base_4'
   n_in      = 2
   n_out     = 2
   n_tot     = 4
   n_state   = 1
   n_par     = 0
   n_channel = 0
   sqrts     =  0.000000000000E+00
   s_fixed   = T
   lab_is_cm = T
   azim.dep. = F
 Flavor combinations:
   1: s s s s
   MD5 sum (process)    = 'test_process_data_m6sum_12345678'
   MD5 sum (model par)  = '34AE44487D84198697E1368F11F2C8D8'
   MD5 sum (phs config) = 'ADDB6A5999650C3367FD7151481039DE'

* Modify model parameter


* PHS configuration

 Partonic phase-space configuration:
   ID        = 'phs_base_4'
   n_in      = 2
   n_out     = 2
   n_tot     = 4
   n_state   = 1
   n_par     = 0
   n_channel = 0
   sqrts     =  0.000000000000E+00
   s_fixed   = T
   lab_is_cm = T
   azim.dep. = F
 Flavor combinations:
   1: s s s s
   MD5 sum (process)    = 'test_process_data_m6sum_12345678'
   MD5 sum (model par)  = '0607E53E39F805915025CAFFAF57245A'
   MD5 sum (phs config) = 'AF4164F1AB528649D7AC550EC94DAC41'

* Test output end: phs_base_4
