* Test output: prclib_interfaces_1
*   Purpose: display the driver object contents

* Create a prclib driver object

 External matrix-element code library: prclib
   static    = F
   loaded    = F
   MD5 sum   = 'prclib_interfaces_1_md5sum      '
   Mdl flags = ''

 DL access info:
   is open   = F
   error     = [none]

 Matrix-element code entries:
   test1  [test_model]
     test_1: init
   test2  [foo_model]
     test_1: another_proc
   test3  [test_model]
     test_1: init some_proc

* Test output end: prclib_interfaces_1
