* Test output: processes_13
*   Purpose: initialized a colored interaction

* Set up a process constants block

* Set up the interaction

 Interaction: 1
 Incoming:
 Particle 1
  [momentum undefined]
 mask [fch] = [FFgF]
 internal links: X => 3 4 5
 Particle 2
  [momentum undefined]
 mask [fch] = [FFgF]
 internal links: X => 3 4 5
 Outgoing:
 Particle 3
  [momentum undefined]
 mask [fch] = [FFgF]
 internal links: 1 2 => X
 Particle 4
  [momentum undefined]
 mask [fch] = [FFgF]
 internal links: 1 2 => X
 Particle 5
  [momentum undefined]
 mask [fch] = [FFgF]
 internal links: 1 2 => X
 State matrix:  norm =  1.000000000000E+00
 [f(1) c(-1 ) h(1)]
   [f(21) c(1 -2) h(1)]
     [f(1) c(3 ) h(1)]
       [f(21) c(2 -3) h(1)]
         [f(21) c* h(0)] => ME(1) = ( 0.000000000000E+00, 0.000000000000E+00)
   [f(21) c(3 -2) h(1)]
     [f(1) c(3 ) h(1)]
       [f(21) c(2 -1) h(1)]
         [f(21) c* h(0)] => ME(2) = ( 0.000000000000E+00, 0.000000000000E+00)
   [f(21) c(1 -2) h(-1)]
     [f(1) c(3 ) h(1)]
       [f(21) c(2 -3) h(-1)]
         [f(21) c* h(0)] => ME(3) = ( 0.000000000000E+00, 0.000000000000E+00)
   [f(21) c(3 -2) h(-1)]
     [f(1) c(3 ) h(1)]
       [f(21) c(2 -1) h(-1)]
         [f(21) c* h(0)] => ME(4) = ( 0.000000000000E+00, 0.000000000000E+00)
 [f(2) c(-1 ) h(1)]
   [f(21) c(1 -2) h(1)]
     [f(2) c(3 ) h(1)]
       [f(21) c(2 -3) h(1)]
         [f(21) c* h(0)] => ME(5) = ( 0.000000000000E+00, 0.000000000000E+00)
   [f(21) c(3 -2) h(1)]
     [f(2) c(3 ) h(1)]
       [f(21) c(2 -1) h(1)]
         [f(21) c* h(0)] => ME(6) = ( 0.000000000000E+00, 0.000000000000E+00)
   [f(21) c(1 -2) h(-1)]
     [f(2) c(3 ) h(1)]
       [f(21) c(2 -3) h(-1)]
         [f(21) c* h(0)] => ME(7) = ( 0.000000000000E+00, 0.000000000000E+00)
   [f(21) c(3 -2) h(-1)]
     [f(2) c(3 ) h(1)]
       [f(21) c(2 -1) h(-1)]
         [f(21) c* h(0)] => ME(8) = ( 0.000000000000E+00, 0.000000000000E+00)

* Test output end: processes_13
