* Test output: rng_stream_3
*   Purpose: initialize and advance the state of the random-number generator

* Initialize generator (default seed)

 RNG Stream generator
 Current position = [
               1234.0,               1234.0,               1234.0,
               1234.0,               1234.0,               1234.0,
 ]
 Beginning substream = [
               1234.0,               1234.0,               1234.0,
               1234.0,               1234.0,               1234.0,
 ]
 Initial stream = [
               1234.0,               1234.0,               1234.0,
               1234.0,               1234.0,               1234.0,
 ]

* Advance state by 15389 by iteration

 RNG Stream generator
 Current position = [
         3076754789.0,         2508529543.0,          703205332.0,
         4192330791.0,         3979885954.0,         2717852572.0,
 ]
 Beginning substream = [
               1234.0,               1234.0,               1234.0,
               1234.0,               1234.0,               1234.0,
 ]
 Initial stream = [
               1234.0,               1234.0,               1234.0,
               1234.0,               1234.0,               1234.0,
 ]

* Get random number

x = 0.0881233

* Advance state by 15389 by procedure

 RNG Stream generator
 Current position = [
         3076754789.0,         2508529543.0,          703205332.0,
         4192330791.0,         3979885954.0,         2717852572.0,
 ]
 Beginning substream = [
               1234.0,               1234.0,               1234.0,
               1234.0,               1234.0,               1234.0,
 ]
 Initial stream = [
               1234.0,               1234.0,               1234.0,
               1234.0,               1234.0,               1234.0,
 ]

* Get random number

x = 0.0881233

* Get random number pair

x = 0.8361261 0.3632148

 RNG Stream generator
 Current position = [
          620693287.0,          524291113.0,         2943599977.0,
          242206432.0,         1228124163.0,         1383604540.0,
 ]
 Beginning substream = [
               1234.0,               1234.0,               1234.0,
               1234.0,               1234.0,               1234.0,
 ]
 Initial stream = [
               1234.0,               1234.0,               1234.0,
               1234.0,               1234.0,               1234.0,
 ]

* Jump to next substream and get random number

x = 0.5996781

 RNG Stream generator
 Current position = [
         3470414878.0,         1313082294.0,         1788360512.0,
          973859203.0,         3454102139.0,         3507729920.0,
 ]
 Beginning substream = [
         1341236075.0,         3470414878.0,         1313082294.0,
          458719161.0,          973859203.0,         3454102139.0,
 ]
 Initial stream = [
               1234.0,               1234.0,               1234.0,
               1234.0,               1234.0,               1234.0,
 ]

* Cleanup

* Test output end: rng_stream_3
