* Test output: rng_tao_1
*   Purpose: initialize and call the TAO random-number generator

* Initialize generator (default seed)

 TAO random-number generator:
   seed  = 0
   calls = 0

* Get random number

x = 0.0546489

* Get random number pair

x = 0.2318944 0.3911304

 TAO random-number generator:
   seed  = 0
   calls = 3

* Cleanup

* Test output end: rng_tao_1
