* Test output: simulations_2
*   Purpose: generate events for a single process

* Initialize processes

* Initialize event generation

 Event sample properties:
   MD5 sum (proc)   = '5368809EAF375C82590A69A6239A7DD4'
   MD5 sum (config) = '9E27AB6226E84FCFCB9D7FFC932D32E7'
   unweighted       = F
   negative weights = F
   normalization    = 'sigma'
   number of beams  = 2
     PDG    =                   25                  25
     Energy =   5.000000000000E+02  5.000000000000E+02
   total cross sec. =  7.746462203555E+03
   num of processes = 1
   Process #1
     CSec  =  7.746462203555E+03
     Error =  0.000000000000E+00

* Generate three events

========================================================================
 Event sample: 'simulation_2p'
   Processes    = 1
   Unweighted   = F
   Event norm   = 'sigma'
   Neg. weights = F
   Res. history = F
   Respect sel. = T
   Update sqme  = F
   Update wgt   = F
   Update event = F
   Recov. beams = F
   Pacify       = F
   Max. tries   = 10000
   Integral     =  7.746462203555E+03
   Error        =  0.000000000000E+00
   Sim. valid   = T
   Ev.file ver. = 2
   MD5 sum (proc)   = '5368809EAF375C82590A69A6239A7DD4'
   MD5 sum (config) = '9E27AB6226E84FCFCB9D7FFC932D32E7'
   Events requested  = 3
   Event index       = 3
   Events total      = 3
     generated       = 3
     read            = 0
     positive weight = 3
     negative weight = 0
     zero weight     = 0
     excess weight   = 0
   Events dropped    = 0
------------------------------------------------------------------------
 Current event:
   Process #1: simulation_2p
   MCI set #1
   Weight    =  7.746462203555E+03
   Zero-weight events dropped = 0
------------------------------------------------------------------------
 TAO random-number generator:
   seed  = 65536
   calls = 0
========================================================================
 Process #1:
   Process   = 'simulation_2p'
   Library   = 'simulation_2a'
   Run       = 'simulations1'
   is valid  = T
   Integral  =  7.746462203555E+03
   Error     =  0.000000000000E+00
   Weight    = 1.0000000000
   MCI sets  = 1
   Events total      = 3
     generated       = 3
     read            = 0
     positive weight = 3
     negative weight = 0
     zero weight     = 0
     excess weight   = 0
   Events dropped    = 0

 MCI set #1:
   Components:
     1: 'simulation_2p_i1'
   Integral  =  7.746462203555E+03
   Error     =  0.000000000000E+00
   Weight    = 1.0000000000
   Events total      = 3
     generated       = 3
     read            = 0
     positive weight = 3
     negative weight = 0
     zero weight     = 0
     excess weight   = 0
   Events dropped    = 0
========================================================================

* Write the event record for the last event

========================================================================
 Event #3
------------------------------------------------------------------------
   Unweighted         = F
   Normalization      = 'sigma'
   Helicity handling  = drop
   Keep correlations  = F
------------------------------------------------------------------------
   Squared matrix el. (ref) =  1.000000000000E+00
   Squared matrix el. (prc) =  1.000000000000E+00
   Event weight (ref)       =  7.746462203555E+03
   Event weight (prc)       =  7.746462203555E+03
------------------------------------------------------------------------
   Selected MCI group = 1
   Selected term      = 1
   Selected channel   = 1
------------------------------------------------------------------------
   Passed selection   = T
   Reweighting factor =  1.000000000000E+00
   Analysis flag      = T
========================================================================
 Process instance [scattering]: 'simulation_2p'
   Run ID = 'simulations1'
   Process components:
   * 1: 'simulation_2p_i1':   s, s => s, s [unit_test]
   status = event complete
------------------------------------------------------------------------
   sqme   =  1.000000000000E+00
   weight =  7.746462203555E+03
------------------------------------------------------------------------
 Active MCI instance #1 =
   0.24309 0.61407
 x = 0.2430856107 0.6140713627
 Integrand =  8.000511761705E+03
 Weight    =  9.682458365519E-01
 Maximum   =  8.000511761705E+03
 Minimum   =  8.000511761705E+03
 Call statistics (current run):
   total       = 3
   failed kin. = 0
   failed cuts = 0
   passed cuts = 0
   evaluated   = 3
========================================================================
========================================================================
 Event transform: trivial (hard process)
------------------------------------------------------------------------
   Associated process: 'simulation_2p'
   TAO random-number generator:
     seed  = 2
     calls = 9
   Number of tries = 1
------------------------------------------------------------------------
 Particle set:
------------------------------------------------------------------------
 Particle 1 [i] f(25)
 E =   5.000000000000E+02
 P =   0.000000000000E+00  0.000000000000E+00  4.841229182759E+02
 T =   1.562500000000E+04
 Children: 3 4
 Particle 2 [i] f(25)
 E =   5.000000000000E+02
 P =   0.000000000000E+00  0.000000000000E+00 -4.841229182759E+02
 T =   1.562500000000E+04
 Children: 3 4
 Particle 3 [o] f(25)
 E =   5.000000000000E+02
 P =  -3.131375620363E+02 -2.728372711295E+02  2.487562878091E+02
 T =   1.562500000000E+04
 Parents:  1 2
 Particle 4 [o] f(25)
 E =   5.000000000000E+02
 P =   3.131375620363E+02  2.728372711295E+02 -2.487562878091E+02
 T =   1.562500000000E+04
 Parents:  1 2
========================================================================
 Local variables:
------------------------------------------------------------------------
sqrts* =  1.000000000000E+03
sqrts_hat* =>  1.000000000000E+03
n_in* => 2
n_out* => 2
n_tot* => 4
$process_id* => "simulation_2p"
process_num_id* => [unknown integer]
sqme* =>  1.000000000000E+00
sqme_ref* =>  1.000000000000E+00
event_index* => 3
event_weight* =>  7.746462203555E+03
event_weight_ref* =>  7.746462203555E+03
event_excess* =>  0.000000000000E+00
------------------------------------------------------------------------
 subevent:
 1 prt(i:25|-5.0000000E+02; 0.0000000E+00, 0.0000000E+00,-4.8412292E+02| 1.562500000000E+04| 1)
 2 prt(i:25|-5.0000000E+02; 0.0000000E+00, 0.0000000E+00, 4.8412292E+02| 1.562500000000E+04| 2)
 3 prt(o:25| 5.0000000E+02;-3.1313756E+02,-2.7283727E+02, 2.4875629E+02| 1.562500000000E+04| 3)
 4 prt(o:25| 5.0000000E+02; 3.1313756E+02, 2.7283727E+02,-2.4875629E+02| 1.562500000000E+04| 4)
========================================================================

* Cleanup

* Test output end: simulations_2
