* Test output: api_cc_5
*   Purpose:  generate events

Event #1
  process #1
  proc_id = api_cc_5_p1
  f_scale =  5.521e+02
  alpha_s =  9.289e-02
  sqme    =  3.328e-05
  weight  =  8.643e-01
Event #2
  process #1
  proc_id = api_cc_5_p1
  f_scale =  8.236e+02
  alpha_s =  8.872e-02
  sqme    =  6.601e-12
  weight  =  4.373e-08
Event #3
  process #1
  proc_id = api_cc_5_p1
  f_scale =  9.934e+02
  alpha_s =  8.690e-02
  sqme    =  1.568e-18
  weight  =  3.027e-16
Event #4
  process #1
  proc_id = api_cc_5_p1
  f_scale =  5.268e+02
  alpha_s =  9.340e-02
  sqme    =  1.184e-04
  weight  =  3.363e+00
Event #5
  process #1
  proc_id = api_cc_5_p1
  f_scale =  5.541e+02
  alpha_s =  9.285e-02
  sqme    =  7.580e-07
  weight  =  1.954e-02
Event #6
  process #1
  proc_id = api_cc_5_p1
  f_scale =  8.081e+02
  alpha_s =  8.891e-02
  sqme    =  1.774e-09
  weight  =  1.309e-05
Event #7
  process #1
  proc_id = api_cc_5_p1
  f_scale =  3.964e+02
  alpha_s =  9.665e-02
  sqme    =  1.903e-03
  weight  =  6.705e+01
Event #8
  process #1
  proc_id = api_cc_5_p1
  f_scale =  8.971e+02
  alpha_s =  8.788e-02
  sqme    =  1.545e-11
  weight  =  5.342e-08
Event #9
  process #1
  proc_id = api_cc_5_p1
  f_scale =  6.122e+02
  alpha_s =  9.177e-02
  sqme    =  9.507e-08
  weight  =  1.948e-03
Event #10
  process #2
  proc_id = api_cc_5_p2
  f_scale =  6.089e+02
  alpha_s =  9.183e-02
  sqme    =  1.006e-07
  weight  =  2.089e-03

* Test output end: api_cc_5
