* Test output: compilations_1
*   Purpose: configure and compile test process

========================================================================
 Process library stack:
------------------------------------------------------------------------
 Process library: compilation_1
   external        = F
   makefile exists = F
   driver exists   = F
   code status     = a

 Process library entries: 1
 Entry #1: [a] prc_comp_1.1 = int (test_me)

 Process #1:
 ID = 'prc_comp_1'
 Scattering
 Model = Test
 Initially defined component(s) = 1
 Extra generated component(s)   = 0
 MD5 sum   = 'AABD7F1E9E8048AB671CD57B8EC53553'
 Component #1
   Component ID        = prc_comp_1_i1
   Initial component   = T
   N (in, out, tot)    = 2 2 4
   Particle content    = s, s => s, s
   Method              = unit_test
   Process variant     = test_me
   MD5 sum (def)       = 'CA8E7F0320A92C52CF7D50DF1F731180'
========================================================================

* Test output end: compilations_1
