* Test output: eio_checkpoints_1
*   Purpose: generate a number of events with screen output

* Initialize test process

* Generate events

* Checkpointing status

 Event-sample checkpoints:  active
   interval  = 4
   n_events  = 10
   n_read    = 0
   n_current = 10
   blanking  = F
 Time in seconds = [running]

* Cleanup

* Test output end: eio_checkpoints_1
