* Test output: radiation_generator_2
* Purpose: Test the repeated application of a radiation generator splitting in QCD
* Only Final state emissions!

* Loading radiation model: SM.mdl
* Success
* Leading order
* Incoming: PDG(11)PDG(-11)
* Outgoing: PDG(2)PDG(-2)
------------------------------------------------------------------------
Generate higher-multiplicity states
Desired multiplicity: 10
 1: u ubar gl
 2: d dbar u ubar
 3: u u ubar ubar
 4: u ubar s sbar
 5: u ubar gl gl
 6: d dbar u ubar gl
 7: u u ubar ubar gl
 8: u ubar s sbar gl
 9: u ubar gl gl gl
10: d d dbar dbar u ubar
11: d dbar u u ubar ubar
12: d dbar u ubar s sbar
13: d dbar u ubar gl gl
14: u u u ubar ubar ubar
15: u u ubar ubar s sbar
16: u u ubar ubar gl gl
17: u ubar s s sbar sbar
18: u ubar s sbar gl gl
19: u ubar gl gl gl gl
20: d d dbar dbar u ubar gl
21: d dbar u u ubar ubar gl
22: d dbar u ubar s sbar gl
23: d dbar u ubar gl gl gl
24: u u u ubar ubar ubar gl
25: u u ubar ubar s sbar gl
26: u u ubar ubar gl gl gl
27: u ubar s s sbar sbar gl
28: u ubar s sbar gl gl gl
29: u ubar gl gl gl gl gl
30: d d d dbar dbar dbar u ubar
31: d d dbar dbar u u ubar ubar
32: d d dbar dbar u ubar s sbar
33: d d dbar dbar u ubar gl gl
34: d dbar u u u ubar ubar ubar
35: d dbar u u ubar ubar s sbar
36: d dbar u u ubar ubar gl gl
37: d dbar u ubar s s sbar sbar
38: d dbar u ubar s sbar gl gl
39: d dbar u ubar gl gl gl gl
40: u u u u ubar ubar ubar ubar
41: u u u ubar ubar ubar s sbar
42: u u u ubar ubar ubar gl gl
43: u u ubar ubar s s sbar sbar
44: u u ubar ubar s sbar gl gl
45: u u ubar ubar gl gl gl gl
46: u ubar s s s sbar sbar sbar
47: u ubar s s sbar sbar gl gl
48: u ubar s sbar gl gl gl gl
49: u ubar gl gl gl gl gl gl
50: d d d dbar dbar dbar u ubar gl
51: d d dbar dbar u u ubar ubar gl
52: d d dbar dbar u ubar s sbar gl
53: d d dbar dbar u ubar gl gl gl
54: d dbar u u u ubar ubar ubar gl
55: d dbar u u ubar ubar s sbar gl
56: d dbar u u ubar ubar gl gl gl
57: d dbar u ubar s s sbar sbar gl
58: d dbar u ubar s sbar gl gl gl
59: d dbar u ubar gl gl gl gl gl
60: u u u u ubar ubar ubar ubar gl
61: u u u ubar ubar ubar s sbar gl
62: u u u ubar ubar ubar gl gl gl
63: u u ubar ubar s s sbar sbar gl
64: u u ubar ubar s sbar gl gl gl
65: u u ubar ubar gl gl gl gl gl
66: u ubar s s s sbar sbar sbar gl
67: u ubar s s sbar sbar gl gl gl
68: u ubar s sbar gl gl gl gl gl
69: u ubar gl gl gl gl gl gl gl
70: d d d d dbar dbar dbar dbar u ubar
71: d d d dbar dbar dbar u u ubar ubar
72: d d d dbar dbar dbar u ubar s sbar
73: d d d dbar dbar dbar u ubar gl gl
74: d d dbar dbar u u u ubar ubar ubar
75: d d dbar dbar u u ubar ubar s sbar
76: d d dbar dbar u u ubar ubar gl gl
77: d d dbar dbar u ubar s s sbar sbar
78: d d dbar dbar u ubar s sbar gl gl
79: d d dbar dbar u ubar gl gl gl gl
80: d dbar u u u u ubar ubar ubar ubar
81: d dbar u u u ubar ubar ubar s sbar
82: d dbar u u u ubar ubar ubar gl gl
83: d dbar u u ubar ubar s s sbar sbar
84: d dbar u u ubar ubar s sbar gl gl
85: d dbar u u ubar ubar gl gl gl gl
86: d dbar u ubar s s s sbar sbar sbar
87: d dbar u ubar s s sbar sbar gl gl
88: d dbar u ubar s sbar gl gl gl gl
89: d dbar u ubar gl gl gl gl gl gl
90: u u u u u ubar ubar ubar ubar ubar
91: u u u u ubar ubar ubar ubar s sbar
92: u u u u ubar ubar ubar ubar gl gl
93: u u u ubar ubar ubar s s sbar sbar
94: u u u ubar ubar ubar s sbar gl gl
95: u u u ubar ubar ubar gl gl gl gl
96: u u ubar ubar s s s sbar sbar sbar
97: u u ubar ubar s s sbar sbar gl gl
98: u u ubar ubar s sbar gl gl gl gl
99: u u ubar ubar gl gl gl gl gl gl
**: u ubar s s s s sbar sbar sbar sbar
**: u ubar s s s sbar sbar sbar gl gl
**: u ubar s s sbar sbar gl gl gl gl
**: u ubar s sbar gl gl gl gl gl gl
**: u ubar gl gl gl gl gl gl gl gl
------------------------------------------------------------------------
Number of higher-multiplicity states: 104
Check that no particle state occurs twice or more
SUCCESS
------------------------------------------------------------------------
Check that there are 10 particles in the last entry:
SUCCESS
