?openmp_logging = false
?vis_history = false
?integration_timer = false
$method = "omega"
| Process library 'beam_setup_2_lib': recorded process 'beam_setup_2p'
| Process library 'beam_setup_2_lib': compiling ...
| Process library 'beam_setup_2_lib': writing makefile
| Process library 'beam_setup_2_lib': removing old files
| Process library 'beam_setup_2_lib': writing driver
| Process library 'beam_setup_2_lib': creating source code
| Process library 'beam_setup_2_lib': compiling sources
| Process library 'beam_setup_2_lib': linking
| Process library 'beam_setup_2_lib': loading
| Process library 'beam_setup_2_lib': ... success.
$phs_method = "wood"
$integration_method = "vamp"
openmp_num_threads = 1
seed = 0
| RNG: Initializing TAO random-number generator
| RNG: Setting seed for random-number generator to 0
| Initializing integration for process beam_setup_2p:
| Beam structure: Z
| Beam data (decay):
|   Z  (mass = 9.1188200E+01 GeV)
| Phase space: generating configuration ...
| Phase space: ... success.
| Phase space: writing configuration file 'beam_setup_2p.i1.phs'
| ------------------------------------------------------------------------
| Process [decay]: 'beam_setup_2p'
|   Library name  = 'beam_setup_2_lib'
|   Process index = 1
|   Process components:
|     1: 'beam_setup_2p_i1':   Z => e-, e+ [omega]
| ------------------------------------------------------------------------
| Phase space: 1 channels, 2 dimensions
| Phase space: found 1 channel, collected in 1 grove.
| Phase space: Using 1 equivalence between channels.
| Phase space: wood
| Applying user-defined cuts.
| Starting integration for process 'beam_setup_2p'
| Integrate: iterations = 1:12
| Integrator: 1 chains, 1 channels, 2 dimensions
| Integrator: Using VAMP channel equivalences
| Integrator: 12 initial calls, 20 bins, stratified = T
| Integrator: VAMP
|=============================================================================|
| It      Calls  Integral[GeV] Error[GeV]  Err[%]    Acc  Eff[%]   Chi2 N[It] |
|=============================================================================|
   1         12  8.3965692E-02  0.00E+00    0.00    0.00* 100.00
|-----------------------------------------------------------------------------|
   1         12  8.3965692E-02  0.00E+00    0.00    0.00  100.00
|=============================================================================|
seed = 0
| RNG: Initializing TAO random-number generator
| RNG: Setting seed for random-number generator to 0
| Initializing integration for process beam_setup_2p:
| Beam structure: Z
|   polarization (beam 1):
|     @(+0: +0: ( 1.000000000000E+00, 0.000000000000E+00))
|   polarization degree = 1.0000000
| Beam data (decay):
|   Z  (mass = 9.1188200E+01 GeV)  polarized
| Phase space: generating configuration ...
| Phase space: ... success.
| Phase space: writing configuration file 'beam_setup_2p.i1.phs'
| ------------------------------------------------------------------------
| Process [decay]: 'beam_setup_2p'
|   Library name  = 'beam_setup_2_lib'
|   Process index = 1
|   Process components:
|     1: 'beam_setup_2p_i1':   Z => e-, e+ [omega]
| ------------------------------------------------------------------------
| Phase space: 1 channels, 2 dimensions
| Phase space: found 1 channel, collected in 1 grove.
| Phase space: Using 1 equivalence between channels.
| Phase space: wood
| Applying user-defined cuts.
| Starting integration for process 'beam_setup_2p'
| Integrate: iterations = 1:12
| Integrator: 1 chains, 1 channels, 2 dimensions
| Integrator: Using VAMP channel equivalences
| Integrator: 12 initial calls, 20 bins, stratified = T
| Integrator: VAMP
|=============================================================================|
| It      Calls  Integral[GeV] Error[GeV]  Err[%]    Acc  Eff[%]   Chi2 N[It] |
|=============================================================================|
   1         12  7.9615275E-02  1.14E-02   14.37    0.50*  63.22
|-----------------------------------------------------------------------------|
   1         12  7.9615275E-02  1.14E-02   14.37    0.50   63.22
|=============================================================================|
seed = 0
| RNG: Initializing TAO random-number generator
| RNG: Setting seed for random-number generator to 0
| Initializing integration for process beam_setup_2p:
| Beam structure: Z
|   polarization (beam 1):
|     @(+1: +1: ( 1.000000000000E+00, 0.000000000000E+00))
|   polarization degree = 1.0000000
| Beam data (decay):
|   Z  (mass = 9.1188200E+01 GeV)  polarized
| Phase space: generating configuration ...
| Phase space: ... success.
| Phase space: writing configuration file 'beam_setup_2p.i1.phs'
| ------------------------------------------------------------------------
| Process [decay]: 'beam_setup_2p'
|   Library name  = 'beam_setup_2_lib'
|   Process index = 1
|   Process components:
|     1: 'beam_setup_2p_i1':   Z => e-, e+ [omega]
| ------------------------------------------------------------------------
| Phase space: 1 channels, 2 dimensions
| Phase space: found 1 channel, collected in 1 grove.
| Phase space: Using 1 equivalence between channels.
| Phase space: wood
| Applying user-defined cuts.
| Starting integration for process 'beam_setup_2p'
| Integrate: iterations = 1:12
| Integrator: 1 chains, 1 channels, 2 dimensions
| Integrator: Using VAMP channel equivalences
| Integrator: 12 initial calls, 20 bins, stratified = T
| Integrator: VAMP
|=============================================================================|
| It      Calls  Integral[GeV] Error[GeV]  Err[%]    Acc  Eff[%]   Chi2 N[It] |
|=============================================================================|
   1         12  8.2854189E-02  5.88E-03    7.09    0.25*  63.93
|-----------------------------------------------------------------------------|
   1         12  8.2854189E-02  5.88E-03    7.09    0.25   63.93
|=============================================================================|
| WHIZARD run finished.
|=============================================================================|
