?openmp_logging = false
?vis_history = false
?integration_timer = false
seed = 0
| Process library 'select_1_lib': recorded process 'select_1_p'
sqrts =  1.000000000000E+03
| Integrate: current process library needs compilation
| Process library 'select_1_lib': compiling ...
| Process library 'select_1_lib': writing makefile
| Process library 'select_1_lib': removing old files
| Process library 'select_1_lib': writing driver
| Process library 'select_1_lib': creating source code
| Process library 'select_1_lib': compiling sources
| Process library 'select_1_lib': linking
| Process library 'select_1_lib': loading
| Process library 'select_1_lib': ... success.
| Integrate: compilation done
| RNG: Initializing TAO random-number generator
| RNG: Setting seed for random-number generator to 0
| Initializing integration for process select_1_p:
| Beam structure: [any particles]
| Beam data (collision):
|   e-  (mass = 5.1099700E-04 GeV)
|   e+  (mass = 5.1099700E-04 GeV)
|   sqrts = 1.000000000000E+03 GeV
| Phase space: generating configuration ...
| Phase space: ... success.
| Phase space: writing configuration file 'select_1_p.i1.phs'
| ------------------------------------------------------------------------
| Process [scattering]: 'select_1_p'
|   Library name  = 'select_1_lib'
|   Process index = 1
|   Process components:
|     1: 'select_1_p_i1':   e-, e+ => W+, W- [omega]
| ------------------------------------------------------------------------
| Phase space: 3 channels, 2 dimensions
| Phase space: found 3 channels, collected in 2 groves.
| Phase space: Using 3 equivalences between channels.
| Phase space: wood
Warning: No cuts have been defined.
| Starting integration for process 'select_1_p'
| Integrate: iterations = 1:1000
| Integrator: 2 chains, 3 channels, 2 dimensions
| Integrator: Using VAMP channel equivalences
| Integrator: 1000 initial calls, 20 bins, stratified = T
| Integrator: VAMP
|=============================================================================|
| It      Calls  Integral[fb]  Error[fb]   Err[%]    Acc  Eff[%]   Chi2 N[It] |
|=============================================================================|
   1        864  2.7213322E+03  1.94E+01    0.71    0.21*  28.91
|-----------------------------------------------------------------------------|
   1        864  2.7213322E+03  1.94E+01    0.71    0.21   28.91
|=============================================================================|
?polarized_events = true
| Particle W+ declared as polarized
| Particle W- declared as polarized
n_events = 100
?unweighted = false
$sample = "select_1a"
?sample_select = false
| Starting simulation for process 'select_1_p'
| Simulate: using integration grids from file 'select_1_p.m1.vg'
| RNG: Initializing TAO random-number generator
| RNG: Setting seed for random-number generator to 1
| Events: writing to LHEF file 'select_1a.lhe'
| Events: writing to raw file 'select_1a.evx'
| Events: generating 100 weighted, polarized events ...
| Events: event normalization mode 'sigma'
|         ... event sample complete.
| Events: closing LHEF file 'select_1a.lhe'
| Events: closing raw file 'select_1a.evx'
$out_file = "select_1a.dat"
| Opening file 'select_1a.dat' for output
| Writing analysis data to file 'select_1a.dat'
| Closing file 'select_1a.dat' for output
$sample = "select_1b"
?sample_select = true
| Starting simulation for process 'select_1_p'
| Simulate: using integration grids from file 'select_1_p.m1.vg'
| RNG: Initializing TAO random-number generator
| RNG: Setting seed for random-number generator to 2
| Events: writing to LHEF file 'select_1b.lhe'
| Events: writing to raw file 'select_1b.evx'
| Events: generating 100 weighted, polarized events ...
| Events: event normalization mode 'sigma'
|         ... event sample complete.
| Events: closing LHEF file 'select_1b.lhe'
| Events: closing raw file 'select_1b.evx'
$out_file = "select_1b.dat"
| Opening file 'select_1b.dat' for output
| Writing analysis data to file 'select_1b.dat'
| Closing file 'select_1b.dat' for output
?write_raw = false
| Starting simulation for process 'select_1_p'
| RNG: Initializing TAO random-number generator
| RNG: Setting seed for random-number generator to 3
| Events: reading from raw file 'select_1a.evx'
| Rescanning weighted events ...
| ... event file terminates after 100 events.
| Events: closing raw file 'select_1a.evx'
| Starting simulation for process 'select_1_p'
| RNG: Initializing TAO random-number generator
| RNG: Setting seed for random-number generator to 4
| Events: reading from raw file 'select_1b.evx'
| Rescanning weighted events ...
| ... event file terminates after 100 events.
| Events: closing raw file 'select_1b.evx'
?read_raw = false
$rescan_input_format = "lhef"
| Starting simulation for process 'select_1_p'
| RNG: Initializing TAO random-number generator
| RNG: Setting seed for random-number generator to 5
| Events: reading from LHEF file 'select_1a.lhe'
| LHEF: Event file has been generated by WHIZARD [version]
| Rescanning weighted events ...
| ... event file terminates after 100 events.
| Events: closing LHEF file 'select_1a.lhe'
$rescan_input_format = "lhef"
| Starting simulation for process 'select_1_p'
| RNG: Initializing TAO random-number generator
| RNG: Setting seed for random-number generator to 6
| Events: reading from LHEF file 'select_1b.lhe'
| LHEF: Event file has been generated by WHIZARD [version]
| Rescanning weighted events ...
| ... event file terminates after 6 events.
| Events: closing LHEF file 'select_1b.lhe'
| There were no errors and    1 warning(s).
| WHIZARD run finished.
|=============================================================================|
Contents of select_1a.dat:
###############################################################################
# Observable: count_a
average     =  1.000000000000E+00
error[abs]  =  0.000000000000E+00
error[rel]  =  0.000000000000E+00
n_entries   = 11
Contents of select_1b.dat:
###############################################################################
# Observable: count_b
average     =  1.000000000000E+00
error[abs]  =  0.000000000000E+00
error[rel]  =  0.000000000000E+00
n_entries   = 6
