?openmp_logging = false
?vis_history = false
?integration_timer = false
?pacify = true
| Process library 'ilc_lib': recorded process 'ilc_zh'
| Process library 'ilc_lib': recorded process 'ilc_ww'
| Process library 'ilc_lib': compiling ...
| Process library 'ilc_lib': writing makefile
| Process library 'ilc_lib': removing old files
| Process library 'ilc_lib': writing driver
| Process library 'ilc_lib': creating source code
| Process library 'ilc_lib': compiling sources
| Process library 'ilc_lib': linking
| Process library 'ilc_lib': loading
| Process library 'ilc_lib': ... success.
seed = 1
sqrts =  5.00000E+02
openmp_num_threads = 1
| RNG: Initializing TAO random-number generator
| RNG: Setting seed for random-number generator to 1
| Initializing integration for process ilc_zh:
| Beam structure: e-, e+
| Beam data (collision):
|   e-  (mass = 5.1099700E-04 GeV)
|   e+  (mass = 5.1099700E-04 GeV)
|   sqrts = 5.000000000000E+02 GeV
| Phase space: generating configuration ...
| Phase space: ... success.
| Phase space: writing configuration file 'ilc_zh.i1.phs'
| ------------------------------------------------------------------------
| Process [scattering]: 'ilc_zh'
|   Library name  = 'ilc_lib'
|   Process index = 1
|   Process components:
|     1: 'ilc_zh_i1':   e-, e+ => Z, H [omega]
| ------------------------------------------------------------------------
| Phase space: 1 channels, 2 dimensions
| Phase space: found 1 channel, collected in 1 grove.
| Phase space: Using 1 equivalence between channels.
| Phase space: wood
Warning: No cuts have been defined.
| Starting integration for process 'ilc_zh'
| Integrate: iterations = 1:100
| Integrator: 1 chains, 1 channels, 2 dimensions
| Integrator: Using VAMP channel equivalences
| Integrator: 100 initial calls, 20 bins, stratified = T
| Integrator: VAMP
|=============================================================================|
| It      Calls  Integral[fb]  Error[fb]   Err[%]    Acc  Eff[%]   Chi2 N[It] |
|=============================================================================|
   1        100     5.807E+01   1.78E+00    3.06    0.31    76.1
|-----------------------------------------------------------------------------|
   1        100     5.807E+01   1.78E+00    3.06    0.31    76.1
|=============================================================================|
| RNG: Initializing TAO random-number generator
| RNG: Setting seed for random-number generator to 2
| Initializing integration for process ilc_zh:
| Beam structure: e-, e+ => isr
| Beam data (collision):
|   e-  (mass = 5.1099700E-04 GeV)
|   e+  (mass = 5.1099700E-04 GeV)
|   sqrts = 5.000000000000E+02 GeV
| Phase space: generating configuration ...
| Phase space: ... success.
| Phase space: writing configuration file 'ilc_zh.i1.phs'
| ------------------------------------------------------------------------
| Process [scattering]: 'ilc_zh'
|   Library name  = 'ilc_lib'
|   Process index = 1
|   Process components:
|     1: 'ilc_zh_i1':   e-, e+ => Z, H [omega]
| ------------------------------------------------------------------------
| Phase space: 1 channels, 2 dimensions
| Phase space: found 1 channel, collected in 1 grove.
| Phase space: Using 1 equivalence between channels.
| Phase space: wood
| Beam structure: isr, none => none, isr
| Beam structure: 1 channels, 2 dimensions
Warning: No cuts have been defined.
| Starting integration for process 'ilc_zh'
| Integrate: iterations = 1:100
| Integrator: 1 chains, 1 channels, 4 dimensions
| Integrator: Using VAMP channel equivalences
| Integrator: 100 initial calls, 20 bins, stratified = T
| Integrator: VAMP
|=============================================================================|
| It      Calls  Integral[fb]  Error[fb]   Err[%]    Acc  Eff[%]   Chi2 N[It] |
|=============================================================================|
   1        100     6.267E+01   2.33E+00    3.72    0.37    50.5
|-----------------------------------------------------------------------------|
   1        100     6.267E+01   2.33E+00    3.72    0.37    50.5
|=============================================================================|
| RNG: Initializing TAO random-number generator
| RNG: Setting seed for random-number generator to 3
| Initializing integration for process ilc_zh:
| Beam structure: e-, e+ => circe1
| Beam data (collision):
|   e-  (mass = 5.1099700E-04 GeV)
|   e+  (mass = 5.1099700E-04 GeV)
|   sqrts = 5.000000000000E+02 GeV
| CIRCE1: activating generator mode
| RNG: Initializing TAO random-number generator
| RNG: Setting seed for random-number generator to 4
| Phase space: generating configuration ...
| Phase space: ... success.
| Phase space: writing configuration file 'ilc_zh.i1.phs'
| ------------------------------------------------------------------------
| Process [scattering]: 'ilc_zh'
|   Library name  = 'ilc_lib'
|   Process index = 1
|   Process components:
|     1: 'ilc_zh_i1':   e-, e+ => Z, H [omega]
| ------------------------------------------------------------------------
| Phase space: 1 channels, 2 dimensions
| Phase space: found 1 channel, collected in 1 grove.
| Phase space: Using 1 equivalence between channels.
| Phase space: wood
| Beam structure: circe1
| Beam structure: 1 channels, 0 dimensions
Warning: No cuts have been defined.
| Starting integration for process 'ilc_zh'
| Integrate: iterations = 1:100
| Integrator: 1 chains, 1 channels, 2 dimensions
| Integrator: Using VAMP channel equivalences
| Integrator: 100 initial calls, 20 bins, stratified = T
| Integrator: VAMP
|=============================================================================|
| It      Calls  Integral[fb]  Error[fb]   Err[%]    Acc  Eff[%]   Chi2 N[It] |
|=============================================================================|
   1        100     6.003E+01   1.69E+00    2.82    0.28    68.8
|-----------------------------------------------------------------------------|
   1        100     6.003E+01   1.69E+00    2.82    0.28    68.8
|=============================================================================|
| RNG: Initializing TAO random-number generator
| RNG: Setting seed for random-number generator to 5
| Initializing integration for process ilc_zh:
| Beam structure: e-, e+ => circe1 => isr
| Beam data (collision):
|   e-  (mass = 5.1099700E-04 GeV)
|   e+  (mass = 5.1099700E-04 GeV)
|   sqrts = 5.000000000000E+02 GeV
| CIRCE1: activating generator mode
| RNG: Initializing TAO random-number generator
| RNG: Setting seed for random-number generator to 6
| Phase space: generating configuration ...
| Phase space: ... success.
| Phase space: writing configuration file 'ilc_zh.i1.phs'
| ------------------------------------------------------------------------
| Process [scattering]: 'ilc_zh'
|   Library name  = 'ilc_lib'
|   Process index = 1
|   Process components:
|     1: 'ilc_zh_i1':   e-, e+ => Z, H [omega]
| ------------------------------------------------------------------------
| Phase space: 1 channels, 2 dimensions
| Phase space: found 1 channel, collected in 1 grove.
| Phase space: Using 1 equivalence between channels.
| Phase space: wood
| Beam structure: circe1 => isr, none => none, isr
| Beam structure: 1 channels, 2 dimensions
Warning: No cuts have been defined.
| Starting integration for process 'ilc_zh'
| Integrate: iterations = 1:100
| Integrator: 1 chains, 1 channels, 4 dimensions
| Integrator: Using VAMP channel equivalences
| Integrator: 100 initial calls, 20 bins, stratified = T
| Integrator: VAMP
|=============================================================================|
| It      Calls  Integral[fb]  Error[fb]   Err[%]    Acc  Eff[%]   Chi2 N[It] |
|=============================================================================|
   1        100     6.483E+01   2.50E+00    3.85    0.39    54.3
|-----------------------------------------------------------------------------|
   1        100     6.483E+01   2.50E+00    3.85    0.39    54.3
|=============================================================================|
epa_x_min =  1.00000E-01
epa_mass =  5.10997E-04
| RNG: Initializing TAO random-number generator
| RNG: Setting seed for random-number generator to 7
| Initializing integration for process ilc_ww:
| Beam structure: e-, e+ => epa
| Beam data (collision):
|   e-  (mass = 5.1099700E-04 GeV)
|   e+  (mass = 5.1099700E-04 GeV)
|   sqrts = 5.000000000000E+02 GeV
| Phase space: generating configuration ...
| Phase space: ... success.
| Phase space: writing configuration file 'ilc_ww.i1.phs'
| ------------------------------------------------------------------------
| Process [scattering]: 'ilc_ww'
|   Library name  = 'ilc_lib'
|   Process index = 2
|   Process components:
|     1: 'ilc_ww_i1':   A, A => W+, W- [omega]
| ------------------------------------------------------------------------
| Phase space: 4 channels, 2 dimensions
| Phase space: found 4 channels, collected in 1 grove.
| Phase space: Using 8 equivalences between channels.
| Phase space: wood
| Beam structure: epa, none => none, epa
| Beam structure: 1 channels, 2 dimensions
Warning: No cuts have been defined.
| Starting integration for process 'ilc_ww'
| Integrate: iterations = 1:100
| Integrator: 1 chains, 4 channels, 4 dimensions
| Integrator: Using VAMP channel equivalences
| Integrator: 100 initial calls, 20 bins, stratified = T
| Integrator: VAMP
|=============================================================================|
| It      Calls  Integral[fb]  Error[fb]   Err[%]    Acc  Eff[%]   Chi2 N[It] |
|=============================================================================|
   1        100     1.783E+02   2.29E+01   12.86    1.29    29.3
|-----------------------------------------------------------------------------|
   1        100     1.783E+02   2.29E+01   12.86    1.29    29.3
|=============================================================================|
$circe2_file = "teslagg_500.circe"
| RNG: Initializing TAO random-number generator
| RNG: Setting seed for random-number generator to 8
| Initializing integration for process ilc_ww:
| Beam structure: A, A => circe2
| Beam data (collision):
|   A  (mass = 0.0000000E+00 GeV)
|   A  (mass = 0.0000000E+00 GeV)
|   sqrts = 5.000000000000E+02 GeV
| CIRCE2: activating generator mode
| RNG: Initializing TAO random-number generator
| RNG: Setting seed for random-number generator to 9
| Phase space: generating configuration ...
| Phase space: ... success.
| Phase space: writing configuration file 'ilc_ww.i1.phs'
| ------------------------------------------------------------------------
| Process [scattering]: 'ilc_ww'
|   Library name  = 'ilc_lib'
|   Process index = 2
|   Process components:
|     1: 'ilc_ww_i1':   A, A => W+, W- [omega]
| ------------------------------------------------------------------------
| Phase space: 4 channels, 2 dimensions
| Phase space: found 4 channels, collected in 1 grove.
| Phase space: Using 8 equivalences between channels.
| Phase space: wood
| Beam structure: circe2
| Beam structure: 1 channels, 0 dimensions
Warning: No cuts have been defined.
| Starting integration for process 'ilc_ww'
| Integrate: iterations = 1:100
| Integrator: 1 chains, 4 channels, 2 dimensions
| Integrator: Using VAMP channel equivalences
| Integrator: 100 initial calls, 20 bins, stratified = T
| Integrator: VAMP
|=============================================================================|
| It      Calls  Integral[fb]  Error[fb]   Err[%]    Acc  Eff[%]   Chi2 N[It] |
|=============================================================================|
   1        100     1.830E+04   3.27E+03   17.88    1.79    18.7
|-----------------------------------------------------------------------------|
   1        100     1.830E+04   3.27E+03   17.88    1.79    18.7
|=============================================================================|
| RNG: Initializing TAO random-number generator
| RNG: Setting seed for random-number generator to 10
| Initializing integration for process ilc_zh:
| Beam structure: e-, e+ => energy_scan
| Beam data (collision):
|   e-  (mass = 5.1099700E-04 GeV)
|   e+  (mass = 5.1099700E-04 GeV)
|   sqrts = 5.000000000000E+02 GeV
| Phase space: generating configuration ...
| Phase space: ... success.
| Phase space: writing configuration file 'ilc_zh.i1.phs'
| ------------------------------------------------------------------------
| Process [scattering]: 'ilc_zh'
|   Library name  = 'ilc_lib'
|   Process index = 1
|   Process components:
|     1: 'ilc_zh_i1':   e-, e+ => Z, H [omega]
| ------------------------------------------------------------------------
| Phase space: 1 channels, 2 dimensions
| Phase space: found 1 channel, collected in 1 grove.
| Phase space: Using 1 equivalence between channels.
| Phase space: wood
| Beam structure: energy_scan
| Beam structure: 1 channels, 1 dimensions
Warning: No cuts have been defined.
| Starting integration for process 'ilc_zh'
| Integrate: iterations = 1:100
| Integrator: 1 chains, 1 channels, 3 dimensions
| Integrator: Using VAMP channel equivalences
| Integrator: 100 initial calls, 20 bins, stratified = T
| Integrator: VAMP
|=============================================================================|
| It      Calls  Integral[fb]  Error[fb]   Err[%]    Acc  Eff[%]   Chi2 N[It] |
|=============================================================================|
   1        100     3.942E+04   3.95E+03   10.02    1.00    31.0
|-----------------------------------------------------------------------------|
   1        100     3.942E+04   3.95E+03   10.02    1.00    31.0
|=============================================================================|
$beam_events_file = "uniform_spread_2.5%.dat"
| RNG: Initializing TAO random-number generator
| RNG: Setting seed for random-number generator to 11
| Initializing integration for process ilc_zh:
| Beam structure: e-, e+ => beam_events
| Beam data (collision):
|   e-  (mass = 5.1099700E-04 GeV)
|   e+  (mass = 5.1099700E-04 GeV)
|   sqrts = 5.000000000000E+02 GeV
| Phase space: generating configuration ...
| Phase space: ... success.
| Phase space: writing configuration file 'ilc_zh.i1.phs'
| ------------------------------------------------------------------------
| Process [scattering]: 'ilc_zh'
|   Library name  = 'ilc_lib'
|   Process index = 1
|   Process components:
|     1: 'ilc_zh_i1':   e-, e+ => Z, H [omega]
| ------------------------------------------------------------------------
| Phase space: 1 channels, 2 dimensions
| Phase space: found 1 channel, collected in 1 grove.
| Phase space: Using 1 equivalence between channels.
| Phase space: wood
| Beam structure: beam_events
| Beam structure: 1 channels, 0 dimensions
Warning: No cuts have been defined.
| Beam events: reading from file 'uniform_spread_2.5%.dat'
| Starting integration for process 'ilc_zh'
| Integrate: iterations = 1:100
| Integrator: 1 chains, 1 channels, 2 dimensions
| Integrator: Using VAMP channel equivalences
| Integrator: 100 initial calls, 20 bins, stratified = T
| Integrator: VAMP
|=============================================================================|
| It      Calls  Integral[fb]  Error[fb]   Err[%]    Acc  Eff[%]   Chi2 N[It] |
|=============================================================================|
   1        100     5.707E+01   1.74E+00    3.05    0.30    71.5
|-----------------------------------------------------------------------------|
   1        100     5.707E+01   1.74E+00    3.05    0.30    71.5
|=============================================================================|
| Beam events: closed file 'uniform_spread_2.5%.dat'
| There were no errors and    8 warning(s).
| WHIZARD run finished.
|=============================================================================|
