* Test output: cascades2_1
*   Purpose: create a test phs file (decay) with the forest
*            output of O'Mega

* Initializing


* Generating phase-space parametrizations

! List of subprocesses with particle bincodes:
! 64    1  2   4  8 16 32
!  t => b e+ nue gl  A gl
! 64    1  2   4  8 16 32

 ! Multiplicity = 5, 1 resonance,   1 logs,  2 off-shell,  s-channel graph
 grove #1
 ! Channel #1
   tree  6 7 40 47 63
   map   6 s_channel        24 ! W+
   map  40 collinear        21 ! gl
 ! Channel #2
   tree  6 22 23 31 63
   map   6 s_channel        24 ! W+
   map  22 radiation        24 ! W+
 ! Channel #3
   tree  6 7 23 40 63
   map   6 s_channel        24 ! W+
   map  40 collinear        21 ! gl
 ! Channel #4
   tree  6 17 23 31 63
   map   6 s_channel        24 ! W+
   map  17 collinear         5 ! b
 ! Channel #5
   tree  6 9 15 47 63
   map   6 s_channel        24 ! W+
   map   9 collinear         5 ! b
 ! Channel #6
   tree  6 9 15 31 63
   map   6 s_channel        24 ! W+
   map   9 collinear         5 ! b
 ! Channel #7
   tree  6 9 25 31 63
   map   6 s_channel        24 ! W+
   map   9 collinear         5 ! b
 ! Channel #8
   tree  6 17 25 31 63
   map   6 s_channel        24 ! W+
   map  17 collinear         5 ! b
 ! Channel #9
   tree  6 9 41 47 63
   map   6 s_channel        24 ! W+
   map   9 collinear         5 ! b
 ! Channel #10
   tree  6 40 41 47 63
   map   6 s_channel        24 ! W+
   map  40 collinear        21 ! gl
 ! Channel #11
   tree  6 9 25 57 63
   map   6 s_channel        24 ! W+
   map   9 collinear         5 ! b
 ! Channel #12
   tree  6 17 25 57 63
   map   6 s_channel        24 ! W+
   map  17 collinear         5 ! b
 ! Channel #13
   tree  6 9 41 57 63
   map   6 s_channel        24 ! W+
   map   9 collinear         5 ! b
 ! Channel #14
   tree  6 40 41 57 63
   map   6 s_channel        24 ! W+
   map  40 collinear        21 ! gl
 ! Channel #15
   tree  6 22 23 55 63
   map   6 s_channel        24 ! W+
   map  22 radiation        24 ! W+
 ! Channel #16
   tree  6 33 39 55 63
   map   6 s_channel        24 ! W+
   map  33 collinear         5 ! b
 ! Channel #17
   tree  6 33 39 47 63
   map   6 s_channel        24 ! W+
   map  33 collinear         5 ! b
 ! Channel #18
   tree  6 17 23 55 63
   map   6 s_channel        24 ! W+
   map  17 collinear         5 ! b
 ! Channel #19
   tree  6 33 41 47 63
   map   6 s_channel        24 ! W+
   map  33 collinear         5 ! b
 ! Channel #20
   tree  6 17 49 55 63
   map   6 s_channel        24 ! W+
   map  17 collinear         5 ! b
 ! Channel #21
   tree  6 33 49 55 63
   map   6 s_channel        24 ! W+
   map  33 collinear         5 ! b
 ! Channel #22
   tree  6 17 49 57 63
   map   6 s_channel        24 ! W+
   map  17 collinear         5 ! b
 ! Channel #23
   tree  6 33 49 57 63
   map   6 s_channel        24 ! W+
   map  33 collinear         5 ! b
 ! Channel #24
   tree  6 33 41 57 63
   map   6 s_channel        24 ! W+
   map  33 collinear         5 ! b

 ! Multiplicity = 4, 1 resonance,   1 logs,  2 off-shell,  s-channel graph
 grove #2
 ! Channel #25
   tree  18 22 23 31 63
   map  18 collinear       -11 ! e+
   map  22 s_channel        24 ! W+
 ! Channel #26
   tree  18 22 23 55 63
   map  18 collinear       -11 ! e+
   map  22 s_channel        24 ! W+

 ! Multiplicity = 4, 1 resonance,   1 logs,  1 off-shell,  s-channel graph
 grove #3
 ! Channel #27
   tree  6 22 23 40 63
   map  22 s_channel        24 ! W+
   map  40 collinear        21 ! gl
 ! Channel #28
   tree  6 9 22 41 63
   map   9 collinear         5 ! b
   map  22 s_channel        24 ! W+
 ! Channel #29
   tree  6 22 40 41 63
   map  22 s_channel        24 ! W+
   map  40 collinear        21 ! gl
 ! Channel #30
   tree  6 9 22 31 63
   map   9 collinear         5 ! b
   map  22 s_channel        24 ! W+
 ! Channel #31
   tree  6 22 33 41 63
   map  22 s_channel        24 ! W+
   map  33 collinear         5 ! b
 ! Channel #32
   tree  6 22 33 55 63
   map  22 s_channel        24 ! W+
   map  33 collinear         5 ! b

 ! Multiplicity = 4, 1 resonance,   0 logs,  2 off-shell,  s-channel graph
 grove #4
 ! Channel #33
   tree  6 22 23 31 63
   map  22 s_channel        24 ! W+
 ! Channel #34
   tree  6 22 23 55 63
   map  22 s_channel        24 ! W+

 ! Multiplicity = 5, 1 resonance,   2 logs,  1 off-shell,  s-channel graph
 grove #5
 ! Channel #35
   tree  6 22 23 40 63
   map   6 s_channel        24 ! W+
   map  22 radiation        24 ! W+
   map  40 collinear        21 ! gl
 ! Channel #36
   tree  6 17 23 40 63
   map   6 s_channel        24 ! W+
   map  17 collinear         5 ! b
   map  40 collinear        21 ! gl
 ! Channel #37
   tree  6 9 22 41 63
   map   6 s_channel        24 ! W+
   map   9 collinear         5 ! b
   map  22 radiation        24 ! W+
 ! Channel #38
   tree  6 22 40 41 63
   map   6 s_channel        24 ! W+
   map  22 radiation        24 ! W+
   map  40 collinear        21 ! gl
 ! Channel #39
   tree  6 17 40 57 63
   map   6 s_channel        24 ! W+
   map  17 collinear         5 ! b
   map  40 collinear        21 ! gl
 ! Channel #40
   tree  6 9 22 31 63
   map   6 s_channel        24 ! W+
   map   9 collinear         5 ! b
   map  22 radiation        24 ! W+
 ! Channel #41
   tree  6 22 33 41 63
   map   6 s_channel        24 ! W+
   map  22 radiation        24 ! W+
   map  33 collinear         5 ! b
 ! Channel #42
   tree  6 22 33 55 63
   map   6 s_channel        24 ! W+
   map  22 radiation        24 ! W+
   map  33 collinear         5 ! b

 ! Multiplicity = 4, 1 resonance,   2 logs,  1 off-shell,  s-channel graph
 grove #6
 ! Channel #43
   tree  18 22 23 40 63
   map  18 collinear       -11 ! e+
   map  22 s_channel        24 ! W+
   map  40 collinear        21 ! gl
 ! Channel #44
   tree  9 18 22 41 63
   map   9 collinear         5 ! b
   map  18 collinear       -11 ! e+
   map  22 s_channel        24 ! W+
 ! Channel #45
   tree  18 22 40 41 63
   map  18 collinear       -11 ! e+
   map  22 s_channel        24 ! W+
   map  40 collinear        21 ! gl
 ! Channel #46
   tree  9 18 22 31 63
   map   9 collinear         5 ! b
   map  18 collinear       -11 ! e+
   map  22 s_channel        24 ! W+
 ! Channel #47
   tree  18 22 33 41 63
   map  18 collinear       -11 ! e+
   map  22 s_channel        24 ! W+
   map  33 collinear         5 ! b
 ! Channel #48
   tree  18 22 33 55 63
   map  18 collinear       -11 ! e+
   map  22 s_channel        24 ! W+
   map  33 collinear         5 ! b

 ! Multiplicity = 6, no resonances,  2 logs,  2 off-shell,  s-channel graph
 grove #7
 ! Channel #49
   tree  18 22 23 40 63
   map  18 collinear       -11 ! e+
   map  40 collinear        21 ! gl
 ! Channel #50
   tree  6 17 23 40 63
   map  17 collinear         5 ! b
   map  40 collinear        21 ! gl
 ! Channel #51
   tree  9 18 22 41 63
   map   9 collinear         5 ! b
   map  18 collinear       -11 ! e+
 ! Channel #52
   tree  18 22 40 41 63
   map  18 collinear       -11 ! e+
   map  40 collinear        21 ! gl
 ! Channel #53
   tree  6 17 40 57 63
   map  17 collinear         5 ! b
   map  40 collinear        21 ! gl
 ! Channel #54
   tree  9 18 22 31 63
   map   9 collinear         5 ! b
   map  18 collinear       -11 ! e+
 ! Channel #55
   tree  18 22 33 41 63
   map  18 collinear       -11 ! e+
   map  33 collinear         5 ! b
 ! Channel #56
   tree  18 22 33 55 63
   map  18 collinear       -11 ! e+
   map  33 collinear         5 ! b
* Cleanup


* Test output end: cascades2_1
