* Test output: commands_22
*   Purpose: write analysis data

* Initialization: create observable

* Input file

$out_file = "commands_22.dat"
write_analysis

* Parse file

* Compile command list

 var: $out_file (string, intrinsic)
 write_analysis

* Execute command list

* Display analysis data

###############################################################################
# Observable: m
average     =  1.250000000000E+02
error[abs]  =  0.000000000000E+00
error[rel]  =  0.000000000000E+00
n_entries   = 1

* Cleanup

* Test output end: commands_22
