* Test output: eio_ascii_6
*   Purpose: generate an event in ASCII long format
*      and write weight to file

* Initialize test process

* Generate and write an event

 ASCII event stream (long format):
   Writing to file   = eio_ascii_6.long.evt
   Keep beams        = F
   Keep remnants     = T

* File contents:

 4 2 0  3.0574068604E+08
 25 0
 -1.4960220911E+02 -4.6042825611E+02  0.0000000000E+00  5.0000000000E+02  1.2500
 25 0
  1.4960220911E+02  4.6042825611E+02  0.0000000000E+00  5.0000000000E+02  1.2500
  1.0000000000E+00  1.0000000000E+00

* Reset data

 ASCII event stream (long format):
   [closed]
   Keep beams        = T
   Keep remnants     = T

* Cleanup

* Test output end: eio_ascii_6
