* Test output: eio_dump_1
*   Purpose: generate events and write essentials to output

* Initialize test process

* Generate and write three events (two passed)

========================================================================
 Event
========================================================================
 count  = 1
 passed = [N/A]
 prc id = 42
------------------------------------------------------------------------
 sqme (ref)   =  1.000000000E+00
 sqme (prc)   =  1.000000000E+00
 weight (ref) =  3.057406860E+08
 weight (prc) =  3.057406860E+08
 excess (prc) =  0.000000000E+00
------------------------------------------------------------------------
 Particle set:
------------------------------------------------------------------------
 Particle 1 [i] f(25)
 E =   5.000000E+02
 P =   0.000000E+00  0.000000E+00  4.841229E+02
 T =   1.562500000E+04
 Children: 3 4
 Particle 2 [i] f(25)
 E =   5.000000E+02
 P =   0.000000E+00  0.000000E+00 -4.841229E+02
 T =   1.562500000E+04
 Children: 3 4
 Particle 3 [o] f(25)
 E =   5.000000E+02
 P =  -1.496022E+02 -4.604283E+02  0.000000E+00
 T =   1.562500000E+04
 Parents:  1 2
 Particle 4 [o] f(25)
 E =   5.000000E+02
 P =   1.496022E+02  4.604283E+02  0.000000E+00
 T =   1.562500000E+04
 Parents:  1 2
========================================================================
 Event #99
========================================================================
 count  = 2
 passed = F
 prc id = 42
------------------------------------------------------------------------
 sqme (ref)   =  1.000000000E+00
 sqme (prc)   =  1.000000000E+00
 weight (ref) =  2.709767399E+08
 weight (prc) =  2.709767399E+08
 excess (prc) =  0.000000000E+00
------------------------------------------------------------------------
 Particle set:
------------------------------------------------------------------------
 Particle 1 [i] f(25)
 E =   5.000000E+02
 P =   0.000000E+00  0.000000E+00  4.841229E+02
 T =   1.562500000E+04
 Children: 3 4
 Particle 2 [i] f(25)
 E =   5.000000E+02
 P =   0.000000E+00  0.000000E+00 -4.841229E+02
 T =   1.562500000E+04
 Children: 3 4
 Particle 3 [o] f(25)
 E =   5.000000E+02
 P =  -1.492174E+02  4.592438E+02  3.470301E+01
 T =   1.562500000E+04
 Parents:  1 2
 Particle 4 [o] f(25)
 E =   5.000000E+02
 P =   1.492174E+02 -4.592438E+02 -3.470301E+01
 T =   1.562500000E+04
 Parents:  1 2
========================================================================
 Event #100
========================================================================
 count  = 3
 passed = T
 prc id = 42
------------------------------------------------------------------------
 sqme (ref)   =  1.000000000E+00
 sqme (prc)   =  1.000000000E+00
 weight (ref) =  2.145970262E+08
 weight (prc) =  2.145970262E+08
 excess (prc) =  0.000000000E+00
------------------------------------------------------------------------
 Particle set:
------------------------------------------------------------------------
 Particle 1 [i] f(25)
 E =   5.000000E+02
 P =   0.000000E+00  0.000000E+00  4.841229E+02
 T =   1.562500000E+04
 Children: 3 4
 Particle 2 [i] f(25)
 E =   5.000000E+02
 P =   0.000000E+00  0.000000E+00 -4.841229E+02
 T =   1.562500000E+04
 Children: 3 4
 Particle 3 [o] f(25)
 E =   5.000000E+02
 P =   2.471277E+02 -1.795487E+02 -3.755864E+02
 T =   1.562500000E+04
 Parents:  1 2
 Particle 4 [o] f(25)
 E =   5.000000E+02
 P =  -2.471277E+02  1.795487E+02  3.755864E+02
 T =   1.562500000E+04
 Parents:  1 2

* Contents of eio_dump object

 Dump event stream:
   Screen output     = F
   Writing to file   = ''
   Reduced I/O prec. = T
   Show weights/sqme = T
   Compressed        = F
   Summary           = F

* Cleanup

* Test output end: eio_dump_1
