* Test output: events_1
*   Purpose: display an empty event object

========================================================================
 Event [incomplete]
------------------------------------------------------------------------
   Unweighted         = F
   Normalization      = [undefined]
   Helicity handling  = drop
   Keep correlations  = F
========================================================================
 Process instance: [undefined]
========================================================================

* Test output end: events_1
