Subject wise list of subprograms with possible nonzero IER values.

	Chapter 2        Roundoff error
CASSUM   
CASSUM_A 
ROUND    
CABS
CDIV
CSQRT

	Chapter 3        Linear Algebraic Equations
GAUELM   101, 121
MATINV 
CROUT    102, 122
CROUTH   11,  102, 122
CHOLSK   103, 123
GAUBND   104, 124
SVD      12,  105
SVDEVL   

	Chapter 4        Interpolation
DIVDIF   21,  22,  23
DIVDIF0  21,  22,  23
NEARST   
SPLINE   201
SPLEVL   24,  25,  201
SMOOTH   202
BSPLIN   26,  27,  203
BSPINT   204
BSPEVL   
RATNAL   21,  22,  23, 205
POLY2    206
LINRN    207
LOCATE   
BSPINT2  
BSPEV2  
BSPINTN  
BSPEVN   
BSPEVN1  
BSPEVN2  

	Chapter 5        Differentiation
DRVT     28,  29,  208

	Chapter 6        Integration
SIMSON   30
SPLINT   31,  32,  301
BSPQD    31,  32
ROMBRG   30,  33
EPSILN   30,  33,  34,  35
GAUSS    30,  36
GAUCBY   30
GAUCB1   30
GAUCB2   30
GAUSQ2   30,  37,  38
GAUSQ    30
GAULAG   30,  37,  38
LAGURE   30
HERMIT   30
GAULG2   31,  32,  33,  34,  35,  36,  37
GAULOG   30
GAUSRC   302, 321
GAULEG   302, 321
GAUJAC   302, 313, 321
LAGURW   302, 313, 321
GAUHER   302, 321
GAUSWT   303, 322, 323, 324
FILON    30
ADPINT   31,  32,  325
KRONRD   
GAUS16   
CAUCHY   31,  32,  62,  64,  93,  94,  95,  96, 304, 325, 387, 389, 650, 681, 682, 975
EULER    31,  32,  34,  36
BSPQD2   
BSPQDN   
MULINT   39,  305, 307
NGAUSS   305, 306, 307
SPHND    
STRINT   39,  308, 309
STROUD   308, 309, 310
MCARLO   39,  311
RAN1      
RANF     
EQUIDS   39,  312

	Chapter 7        Nonlinear Algebraic Equations
BISECT   -1,  401, 421
SECANT   40,  402, 422, 423
SECAN_2  40,  402, 422, 423
SECANI   -1,  40,  402, 422, 423
NEWRAP   -n, 126-100n,  403, 424, 425, 426
BRENT    427, 428
SEARCH   
ZROOT    41,  429
ZROOT2   41,  429
MULLER   42,  43,  404, 431, 432, 433
MULER2   -3,  -2,  -1,  42,  43,  404, 431, 432, 433
POLYR    11*n, 406, 408, 430
LAGITR   438, 439
DAVIDN   407, 440
DAVIDN_B 407, 440
NEWTON   441, 442
BROYDN   441, 442

	Chapter 8        Optimisation
BRACKM   501, 521
GOLDEN   50,  51,  522
BRENTM   51,  523
DAVIDM   52,  502, 524, 525
BFGS     53,  503, 526
LINMIN   54,  55,  527, 528
FLNM     
NMINF    504, 529
LINMNF   56
FLN      
SIMPLX   57,  58,  505, 506, 531, 532
SIMPX    57,  531

        Chapter 9        Statistical Inferences
SHSORT   
GAMMAP   
BETAP    
BETSER  
BETCON1  
BETCON  
BETAI  
FBETA 
RANGAU 
IRANBIN 
IRANPOI
PCOR

	Chapter 10       Functional Approximations
POLFIT   601, 621
POLEVL   
POLFIT1  601, 621
POLORT   
POLFIT2  602, 603
POLEV2   604
POLFITN  605
POLEVN   
POLEVN1  
POLEVN2  
LLSQ     606, 607
BSPFIT   608, 609, 610
BSPFIT2  608, 609
BSPFITW2 608, 609, 610
BSPFITN  609
BSPFITWN 608, 609
LINFITXY 617
NLLSQ 
NLLSQ_F 
DFT      611
FFT      611, 631
FFTR     611, 631
FFTN     631
LAPINV   61,  62
POLD 
RMK 
RMK1 
RMKD
RMKD1
PADE     612
CHEBCF   
CHEBEX   613
CHEBAP   612
REMES    614, 632, 633
FM       
GAMMA 
GAMMALN
ERF 
ERFC
BJ0 
BJ1
BJN
BY0
BJY0 
BY1 
BJY1
BYN 
SPHBJN
BI0 
BI1 
BIN
BK0
BK1
BKN
DAWSON 
FERMM05
FERM05
FERM15
FERM25
PLEG
PLM 
YLM
YLM_X
MINMAX   615, 634
POLYL1   616
LINL1    616
SIMPL1   63,  635

	Chapter 11       Algebraic Eigenvalue Problem
INVIT    106, 141, 142
INVIT_L  106, 141, 142
TRED2    107
TRBAK    
TQL2     108, 143
TRIDIA   109
STURM    110
TINVIT   144
HEREVP   111
BALANC   112
BALBAK   
BALBAK_L
ELMHES   113
HQR      114, 145

	Chapter 12       Ordinary Differential Equations
RKM      701, 721, 722, 723
RKM_2    701, 721, 722, 723
RK4     
RK2    
MSTEP    702, 724, 725, 726, 727, 728
ADAMS    729
STRT4    724, 725
GEAR     729
EXTP     703, 730, 731, 732, 733
FDM      704, 734, 735, 736, 737
GEVP     704, 734, 735, 736, 738, 739, 740
GAUBLK   735
SETMAT  
BSPODE   705, 741

	Chapter 13       Integral Equations
FRED     -11, 706, 707
FREDCO   708
FUNK     
RLS      709, 710
FORW     711
VOLT     712, 751
VOLT2    712, 752

	Chapter 14       Partial Differential Equations
CRANK    713, 761
LINES    
ADM      714, 762
LAX      715, 763
SOR      716, 764, 765
ADI      717, 766, 767
