?openmp_logging = false
?vis_history = false
?integration_timer = false
seed = 0
openmp_num_threads = 1
sqrts =  2.000000000000E+02
| RNG: Initializing TAO random-number generator
| RNG: Setting seed for random-number generator to 0
| Initializing integration for process defaultcuts_e4:
| Beam structure: [any particles]
| Beam data (collision):
|   e-  (mass = 5.1099700E-04 GeV)
|   e+  (mass = 5.1099700E-04 GeV)
|   sqrts = 2.000000000000E+02 GeV
| Phase space: generating configuration ...
| Phase space: ... success.
| Phase space: writing configuration file 'defaultcuts_e4.i1.phs'
| ------------------------------------------------------------------------
| Process [scattering]: 'defaultcuts_e4'
|   Library name  = 'defaultcuts_lib'
|   Process index = 1
|   Process components:
|     1: 'defaultcuts_e4_i1':   e-, e+ => e-, e+ [omega]
| ------------------------------------------------------------------------
| Phase space: 4 channels, 2 dimensions
| Phase space: found 4 channels, collected in 3 groves.
| Phase space: Using 4 equivalences between channels.
| Phase space: wood
| Applying user-defined cuts.
| Starting integration for process 'defaultcuts_e4'
| Integrate: iterations = 5:1000:"gw", 3:1000
| Integrator: 3 chains, 4 channels, 2 dimensions
| Integrator: Using VAMP channel equivalences
| Integrator: 1000 initial calls, 20 bins, stratified = T
| Integrator: VAMP
|=============================================================================|
| It      Calls  Integral[fb]  Error[fb]   Err[%]    Acc  Eff[%]   Chi2 N[It] |
|=============================================================================|
   1        800  3.1494836E+06  3.26E+05   10.34    2.92*   4.42
   2        884  2.6124333E+06  7.51E+04    2.88    0.86*  15.36
   3        834  2.8540156E+06  4.09E+04    1.43    0.41*  34.11
   4        857  2.7277922E+06  2.57E+04    0.94    0.28*  41.39
   5        877  2.7108303E+06  2.62E+04    0.97    0.29   48.43
|-----------------------------------------------------------------------------|
   5       4252  2.7369733E+06  1.63E+04    0.60    0.39   48.43    3.42   5
|-----------------------------------------------------------------------------|
   6        877  2.7082605E+06  2.62E+04    0.97    0.29*  46.69
   7        877  2.6932171E+06  2.71E+04    1.01    0.30   46.43
   8        877  2.7240722E+06  2.61E+04    0.96    0.28*  46.15
|-----------------------------------------------------------------------------|
   8       2631  2.7088771E+06  1.53E+04    0.56    0.29   46.15    0.34   3
|=============================================================================|
| WHIZARD run finished.
|=============================================================================|
