?openmp_logging = false
?vis_history = false
?integration_timer = false
[user variable] parton = PDG(2, 5, -5, 21)
$method = "omega"
| Process library 'alphas_lib': recorded process 'alphas_ugug'
| Process library 'alphas_lib': compiling ...
| Process library 'alphas_lib': writing makefile
| Process library 'alphas_lib': removing old files
| Process library 'alphas_lib': writing driver
| Process library 'alphas_lib': creating source code
| Process library 'alphas_lib': compiling sources
| Process library 'alphas_lib': linking
| Process library 'alphas_lib': loading
| Process library 'alphas_lib': ... success.
$phs_method = "wood"
$integration_method = "vamp"
sqrts =  5.000000000000E+02
openmp_num_threads = 1
seed = 0
| RNG: Initializing TAO random-number generator
| RNG: Setting seed for random-number generator to 0
| Initializing integration for process alphas_ugug:
| Beam structure: u, gl
| Beam data (collision):
|   u   (mass = 0.0000000E+00 GeV)
|   gl  (mass = 0.0000000E+00 GeV)
|   sqrts = 5.000000000000E+02 GeV
| Phase space: generating configuration ...
| Phase space: ... success.
| Phase space: writing configuration file 'alphas_ugug.i1.phs'
| ------------------------------------------------------------------------
| Process [scattering]: 'alphas_ugug'
|   Library name  = 'alphas_lib'
|   Process index = 1
|   Process components:
|     1: 'alphas_ugug_i1':   u, gl => u, gl [omega]
| ------------------------------------------------------------------------
| Phase space: 5 channels, 2 dimensions
| Phase space: found 5 channels, collected in 3 groves.
| Phase space: Using 5 equivalences between channels.
| Phase space: wood
| Applying user-defined cuts.
| Starting integration for process 'alphas_ugug'
| Integrate: iterations = 5:5000
| Integrator: 3 chains, 5 channels, 2 dimensions
| Integrator: Using VAMP channel equivalences
| Integrator: 5000 initial calls, 20 bins, stratified = T
| Integrator: VAMP
|=============================================================================|
| It      Calls  Integral[fb]  Error[fb]   Err[%]    Acc  Eff[%]   Chi2 N[It] |
|=============================================================================|
   1       4000  1.2715814E+07  1.93E+05    1.52    0.96*   5.33
   2       4000  1.2592085E+07  2.07E+05    1.65    1.04    5.15
   3       4000  1.2988359E+07  1.91E+05    1.47    0.93*   5.23
   4       4000  1.3149799E+07  2.01E+05    1.53    0.97    5.24
   5       4000  1.2800532E+07  2.13E+05    1.66    1.05    5.08
|-----------------------------------------------------------------------------|
   5      20000  1.2853960E+07  8.97E+04    0.70    0.99    5.08    1.21   5
|=============================================================================|
?rebuild_phase_space = false
?alphas_is_fixed = false
?alphas_from_mz = true
alphas_order = 1
seed = 0
| QCD alpha: using a running strong coupling
| RNG: Initializing TAO random-number generator
| RNG: Setting seed for random-number generator to 0
| Initializing integration for process alphas_ugug:
| Beam structure: u, gl
| Beam data (collision):
|   u   (mass = 0.0000000E+00 GeV)
|   gl  (mass = 0.0000000E+00 GeV)
|   sqrts = 5.000000000000E+02 GeV
| Phase space: keeping configuration file 'alphas_ugug.i1.phs'
| ------------------------------------------------------------------------
| Process [scattering]: 'alphas_ugug'
|   Library name  = 'alphas_lib'
|   Process index = 1
|   Process components:
|     1: 'alphas_ugug_i1':   u, gl => u, gl [omega]
| ------------------------------------------------------------------------
| Phase space: 5 channels, 2 dimensions
| Phase space: found 5 channels, collected in 3 groves.
| Phase space: Using 5 equivalences between channels.
| Phase space: wood
| Applying user-defined cuts.
| Starting integration for process 'alphas_ugug'
| Integrate: iterations = 5:5000
| Integrator: 3 chains, 5 channels, 2 dimensions
| Integrator: Using VAMP channel equivalences
| Integrator: 5000 initial calls, 20 bins, stratified = T
| Integrator: VAMP
|=============================================================================|
| It      Calls  Integral[fb]  Error[fb]   Err[%]    Acc  Eff[%]   Chi2 N[It] |
|=============================================================================|
   1       4000  8.0730333E+06  1.22E+05    1.52    0.96*   5.33
   2       4000  7.9944803E+06  1.32E+05    1.65    1.04    5.15
   3       4000  8.2460670E+06  1.21E+05    1.47    0.93*   5.23
   4       4000  8.3485623E+06  1.28E+05    1.53    0.97    5.24
   5       4000  8.1268196E+06  1.35E+05    1.66    1.05    5.08
|-----------------------------------------------------------------------------|
   5      20000  8.1607398E+06  5.69E+04    0.70    0.99    5.08    1.21   5
|=============================================================================|
?alphas_is_fixed = false
?alphas_from_mz = false
?alphas_from_pdf_builtin = true
seed = 0
| QCD alpha: using a running strong coupling
| Initialized builtin PDF CTEQ6L
| RNG: Initializing TAO random-number generator
| RNG: Setting seed for random-number generator to 0
| Initializing integration for process alphas_ugug:
| Beam structure: u, gl
| Beam data (collision):
|   u   (mass = 0.0000000E+00 GeV)
|   gl  (mass = 0.0000000E+00 GeV)
|   sqrts = 5.000000000000E+02 GeV
| Phase space: keeping configuration file 'alphas_ugug.i1.phs'
| ------------------------------------------------------------------------
| Process [scattering]: 'alphas_ugug'
|   Library name  = 'alphas_lib'
|   Process index = 1
|   Process components:
|     1: 'alphas_ugug_i1':   u, gl => u, gl [omega]
| ------------------------------------------------------------------------
| Phase space: 5 channels, 2 dimensions
| Phase space: found 5 channels, collected in 3 groves.
| Phase space: Using 5 equivalences between channels.
| Phase space: wood
| Applying user-defined cuts.
| Starting integration for process 'alphas_ugug'
| Integrate: iterations = 5:5000
| Integrator: 3 chains, 5 channels, 2 dimensions
| Integrator: Using VAMP channel equivalences
| Integrator: 5000 initial calls, 20 bins, stratified = T
| Integrator: VAMP
|=============================================================================|
| It      Calls  Integral[fb]  Error[fb]   Err[%]    Acc  Eff[%]   Chi2 N[It] |
|=============================================================================|
   1       4000  8.0935764E+06  1.23E+05    1.52    0.96*   5.33
   2       4000  8.0148235E+06  1.32E+05    1.65    1.04    5.15
   3       4000  8.2670504E+06  1.21E+05    1.47    0.93*   5.23
   4       4000  8.3698065E+06  1.28E+05    1.53    0.97    5.24
   5       4000  8.1474996E+06  1.36E+05    1.66    1.05    5.08
|-----------------------------------------------------------------------------|
   5      20000  8.1815061E+06  5.71E+04    0.70    0.99    5.08    1.21   5
|=============================================================================|
| WHIZARD run finished.
|=============================================================================|
