?openmp_logging = false
?vis_history = false
?integration_timer = false
[user variable] parton = PDG(2, 5, -5, 21)
| Process library 'colors_lib': recorded process 'colors_bbg'
| Process library 'colors_lib': recorded process 'colors_ugug'
| Process library 'colors_lib': compiling ...
| Process library 'colors_lib': writing makefile
| Process library 'colors_lib': removing old files
| Process library 'colors_lib': writing driver
| Process library 'colors_lib': creating source code
| Process library 'colors_lib': compiling sources
| Process library 'colors_lib': linking
| Process library 'colors_lib': loading
| Process library 'colors_lib': ... success.
sqrts =  5.000000000000E+02
openmp_num_threads = 1
?read_color_factors = true
seed = 0
| RNG: Initializing TAO random-number generator
| RNG: Setting seed for random-number generator to 0
| Initializing integration for process colors_bbg:
| Beam structure: e-, e+
| Beam data (collision):
|   e-  (mass = 5.1099700E-04 GeV)
|   e+  (mass = 5.1099700E-04 GeV)
|   sqrts = 5.000000000000E+02 GeV
| Phase space: generating configuration ...
| Phase space: ... success.
| Phase space: writing configuration file 'colors_bbg.i1.phs'
| ------------------------------------------------------------------------
| Process [scattering]: 'colors_bbg'
|   Library name  = 'colors_lib'
|   Process index = 1
|   Process components:
|     1: 'colors_bbg_i1':   e-, e+ => b, bbar, gl [omega]
| ------------------------------------------------------------------------
| Phase space: 4 channels, 5 dimensions
| Phase space: found 4 channels, collected in 2 groves.
| Phase space: Using 4 equivalences between channels.
| Phase space: wood
| Applying user-defined cuts.
| Starting integration for process 'colors_bbg'
| Integrate: iterations = 2:1000
| Integrator: 2 chains, 4 channels, 5 dimensions
| Integrator: Using VAMP channel equivalences
| Integrator: 1000 initial calls, 20 bins, stratified = T
| Integrator: VAMP
|=============================================================================|
| It      Calls  Integral[fb]  Error[fb]   Err[%]    Acc  Eff[%]   Chi2 N[It] |
|=============================================================================|
   1       1000  8.3087701E+01  1.20E+01   14.40    4.55*   2.70
   2       1000  9.4909680E+01  1.29E+01   13.61    4.30*   2.87
|-----------------------------------------------------------------------------|
   2       2000  8.8545949E+01  8.78E+00    9.91    4.43    2.87    0.45   2
|=============================================================================|
[user variable] integral_bbg_omega =  8.854594856754E+01
| RNG: Initializing TAO random-number generator
| RNG: Setting seed for random-number generator to 1
| Initializing integration for process colors_ugug:
| Beam structure: u, gl
| Beam data (collision):
|   u   (mass = 0.0000000E+00 GeV)
|   gl  (mass = 0.0000000E+00 GeV)
|   sqrts = 5.000000000000E+02 GeV
| Phase space: generating configuration ...
| Phase space: ... success.
| Phase space: writing configuration file 'colors_ugug.i1.phs'
| ------------------------------------------------------------------------
| Process [scattering]: 'colors_ugug'
|   Library name  = 'colors_lib'
|   Process index = 2
|   Process components:
|     1: 'colors_ugug_i1':   u, gl => u, gl [omega]
| ------------------------------------------------------------------------
| Phase space: 5 channels, 2 dimensions
| Phase space: found 5 channels, collected in 3 groves.
| Phase space: Using 5 equivalences between channels.
| Phase space: wood
| Applying user-defined cuts.
| Starting integration for process 'colors_ugug'
| Integrate: iterations = 2:1000
| Integrator: 3 chains, 5 channels, 2 dimensions
| Integrator: Using VAMP channel equivalences
| Integrator: 1000 initial calls, 20 bins, stratified = T
| Integrator: VAMP
|=============================================================================|
| It      Calls  Integral[fb]  Error[fb]   Err[%]    Acc  Eff[%]   Chi2 N[It] |
|=============================================================================|
   1       1000  1.2679077E+07  9.27E+05    7.31    2.31*   5.34
   2       1000  1.1069844E+07  7.30E+05    6.60    2.09*   4.63
|-----------------------------------------------------------------------------|
   2       2000  1.1686314E+07  5.74E+05    4.91    2.20    4.63    1.86   2
|=============================================================================|
[user variable] integral_ugug_omega =  1.168631413458E+07
?read_color_factors = false
seed = 0
| RNG: Initializing TAO random-number generator
| RNG: Setting seed for random-number generator to 0
| Initializing integration for process colors_bbg:
| Beam structure: e-, e+
| Beam data (collision):
|   e-  (mass = 5.1099700E-04 GeV)
|   e+  (mass = 5.1099700E-04 GeV)
|   sqrts = 5.000000000000E+02 GeV
| Phase space: generating configuration ...
| Phase space: ... success.
| Phase space: writing configuration file 'colors_bbg.i1.phs'
| ------------------------------------------------------------------------
| Process [scattering]: 'colors_bbg'
|   Library name  = 'colors_lib'
|   Process index = 1
|   Process components:
|     1: 'colors_bbg_i1':   e-, e+ => b, bbar, gl [omega]
| ------------------------------------------------------------------------
| Phase space: 4 channels, 5 dimensions
| Phase space: found 4 channels, collected in 2 groves.
| Phase space: Using 4 equivalences between channels.
| Phase space: wood
| Applying user-defined cuts.
| Starting integration for process 'colors_bbg'
| Integrate: iterations = 2:1000
| Integrator: 2 chains, 4 channels, 5 dimensions
| Integrator: Using VAMP channel equivalences
| Integrator: 1000 initial calls, 20 bins, stratified = T
| Integrator: VAMP
|=============================================================================|
| It      Calls  Integral[fb]  Error[fb]   Err[%]    Acc  Eff[%]   Chi2 N[It] |
|=============================================================================|
   1       1000  8.3087701E+01  1.20E+01   14.40    4.55*   2.70
   2       1000  9.4909680E+01  1.29E+01   13.61    4.30*   2.87
|-----------------------------------------------------------------------------|
   2       2000  8.8545949E+01  8.78E+00    9.91    4.43    2.87    0.45   2
|=============================================================================|
[user variable] integral_bbg_whizard =  8.854594856754E+01
| RNG: Initializing TAO random-number generator
| RNG: Setting seed for random-number generator to 1
| Initializing integration for process colors_ugug:
| Beam structure: u, gl
| Beam data (collision):
|   u   (mass = 0.0000000E+00 GeV)
|   gl  (mass = 0.0000000E+00 GeV)
|   sqrts = 5.000000000000E+02 GeV
| Phase space: generating configuration ...
| Phase space: ... success.
| Phase space: writing configuration file 'colors_ugug.i1.phs'
| ------------------------------------------------------------------------
| Process [scattering]: 'colors_ugug'
|   Library name  = 'colors_lib'
|   Process index = 2
|   Process components:
|     1: 'colors_ugug_i1':   u, gl => u, gl [omega]
| ------------------------------------------------------------------------
| Phase space: 5 channels, 2 dimensions
| Phase space: found 5 channels, collected in 3 groves.
| Phase space: Using 5 equivalences between channels.
| Phase space: wood
| Applying user-defined cuts.
| Starting integration for process 'colors_ugug'
| Integrate: iterations = 2:1000
| Integrator: 3 chains, 5 channels, 2 dimensions
| Integrator: Using VAMP channel equivalences
| Integrator: 1000 initial calls, 20 bins, stratified = T
| Integrator: VAMP
|=============================================================================|
| It      Calls  Integral[fb]  Error[fb]   Err[%]    Acc  Eff[%]   Chi2 N[It] |
|=============================================================================|
   1       1000  1.2679077E+07  9.27E+05    7.31    2.31*   5.34
   2       1000  1.1069844E+07  7.30E+05    6.60    2.09*   4.63
|-----------------------------------------------------------------------------|
   2       2000  1.1686314E+07  5.74E+05    4.91    2.20    4.63    1.86   2
|=============================================================================|
[user variable] integral_ugug_whizard =  1.168631413458E+07
tolerance =  1.000000000000E-10
| expect: success
| expect: success
| Summary of value checks:
|   Failures: 0 / Total: 2
| WHIZARD run finished.
|=============================================================================|
