?openmp_logging = false
?vis_history = false
?integration_timer = false
?alphas_is_fixed = true
seed = 0
| Process library 'lcio_10_lib': recorded process 'lcio_10_p'
sqrts =  8.000000000000E+03
openmp_num_threads = 1
n_events = 1
?unweighted = true
?read_raw = false
?write_raw = false
?update_sqme = true
?update_weight = true
?keep_beams = true
QCD.alphas =>  1.250000000000E-01
QCD.alphas =>  2.500000000000E-01
QCD.alphas =>  5.000000000000E-01
QCD.alphas =>  1.000000000000E+00
QCD.alphas =>  2.000000000000E+00
QCD.alphas =>  4.000000000000E+00
QCD.alphas =>  8.000000000000E+00
QCD.alphas =>  1.600000000000E+01
QCD.alphas =>  3.200000000000E+01
QCD.alphas =>  6.400000000000E+01
| Starting simulation for process 'lcio_10_p'
| Simulate: process 'lcio_10_p' needs integration
| Integrate: current process library needs compilation
| Process library 'lcio_10_lib': compiling ...
| Process library 'lcio_10_lib': writing makefile
| Process library 'lcio_10_lib': removing old files
| Process library 'lcio_10_lib': writing driver
| Process library 'lcio_10_lib': creating source code
| Process library 'lcio_10_lib': compiling sources
| Process library 'lcio_10_lib': linking
| Process library 'lcio_10_lib': loading
| Process library 'lcio_10_lib': ... success.
| Integrate: compilation done
| RNG: Initializing TAO random-number generator
| RNG: Setting seed for random-number generator to 0
| Initializing integration for process lcio_10_p:
| Beam structure: p, p => pdf_builtin
| Beam data (collision):
|   p  (mass = 0.0000000E+00 GeV)
|   p  (mass = 0.0000000E+00 GeV)
|   sqrts = 8.000000000000E+03 GeV
| Initialized builtin PDF CTEQ6L
| Phase space: generating configuration ...
| Phase space: ... success.
| Phase space: writing configuration file 'lcio_10_p.i1.phs'
| ------------------------------------------------------------------------
| Process [scattering]: 'lcio_10_p'
|   Library name  = 'lcio_10_lib'
|   Process index = 1
|   Process components:
|     1: 'lcio_10_p_i1':   gl, gl => t, tbar [omega]
| ------------------------------------------------------------------------
| Phase space: 5 channels, 2 dimensions
| Phase space: found 5 channels, collected in 2 groves.
| Phase space: Using 9 equivalences between channels.
| Phase space: wood
| Beam structure: pdf_builtin, none => none, pdf_builtin
| Beam structure: 1 channels, 2 dimensions
Warning: No cuts have been defined.
| Starting integration for process 'lcio_10_p'
| Integrate: iterations = 1:1000
| Integrator: 2 chains, 5 channels, 4 dimensions
| Integrator: Using VAMP channel equivalences
| Integrator: 1000 initial calls, 20 bins, stratified = T
| Integrator: VAMP
|=============================================================================|
| It      Calls  Integral[fb]  Error[fb]   Err[%]    Acc  Eff[%]   Chi2 N[It] |
|=============================================================================|
   1       1000  9.7927939E+04  2.08E+04   21.24    6.72*   1.51
|-----------------------------------------------------------------------------|
   1       1000  9.7927939E+04  2.08E+04   21.24    6.72    1.51
|=============================================================================|
| Simulate: integration done
| Simulate: using integration grids from file 'lcio_10_p.m1.vg'
| Simulate: initializing alternate process setup ...
| RNG: Initializing TAO random-number generator
| RNG: Setting seed for random-number generator to 1
Warning: Reading phs file: MD5 sum check disabled
| Phase space: keeping configuration file 'lcio_10_p.i1.phs'
| ...  alternate process setup complete.
| Simulate: initializing alternate process setup ...
| RNG: Initializing TAO random-number generator
| RNG: Setting seed for random-number generator to 2
Warning: Reading phs file: MD5 sum check disabled
| Phase space: keeping configuration file 'lcio_10_p.i1.phs'
| ...  alternate process setup complete.
| Simulate: initializing alternate process setup ...
| RNG: Initializing TAO random-number generator
| RNG: Setting seed for random-number generator to 3
Warning: Reading phs file: MD5 sum check disabled
| Phase space: keeping configuration file 'lcio_10_p.i1.phs'
| ...  alternate process setup complete.
| Simulate: initializing alternate process setup ...
| RNG: Initializing TAO random-number generator
| RNG: Setting seed for random-number generator to 4
Warning: Reading phs file: MD5 sum check disabled
| Phase space: keeping configuration file 'lcio_10_p.i1.phs'
| ...  alternate process setup complete.
| Simulate: initializing alternate process setup ...
| RNG: Initializing TAO random-number generator
| RNG: Setting seed for random-number generator to 5
Warning: Reading phs file: MD5 sum check disabled
| Phase space: keeping configuration file 'lcio_10_p.i1.phs'
| ...  alternate process setup complete.
| Simulate: initializing alternate process setup ...
| RNG: Initializing TAO random-number generator
| RNG: Setting seed for random-number generator to 6
Warning: Reading phs file: MD5 sum check disabled
| Phase space: keeping configuration file 'lcio_10_p.i1.phs'
| ...  alternate process setup complete.
| Simulate: initializing alternate process setup ...
| RNG: Initializing TAO random-number generator
| RNG: Setting seed for random-number generator to 7
Warning: Reading phs file: MD5 sum check disabled
| Phase space: keeping configuration file 'lcio_10_p.i1.phs'
| ...  alternate process setup complete.
| Simulate: initializing alternate process setup ...
| RNG: Initializing TAO random-number generator
| RNG: Setting seed for random-number generator to 8
Warning: Reading phs file: MD5 sum check disabled
| Phase space: keeping configuration file 'lcio_10_p.i1.phs'
| ...  alternate process setup complete.
| Simulate: initializing alternate process setup ...
| RNG: Initializing TAO random-number generator
| RNG: Setting seed for random-number generator to 9
Warning: Reading phs file: MD5 sum check disabled
| Phase space: keeping configuration file 'lcio_10_p.i1.phs'
| ...  alternate process setup complete.
| Simulate: initializing alternate process setup ...
| RNG: Initializing TAO random-number generator
| RNG: Setting seed for random-number generator to 10
Warning: Reading phs file: MD5 sum check disabled
| Phase space: keeping configuration file 'lcio_10_p.i1.phs'
| ...  alternate process setup complete.
| RNG: Initializing TAO random-number generator
| RNG: Setting seed for random-number generator to 11
| Simulation: requested number of events = 1
|             corr. to luminosity [fb-1] =   1.0212E-05
| Events: writing to LCIO file 'lcio_10_p.slcio'
| Events: writing to weight stream file 'lcio_10_p.weights.dat'
| Events: generating 1 unweighted, unpolarized events ...
| Events: event normalization mode '1'
|         ... event sample complete.
| Events: actual unweighting efficiency =   0.32 %
| Events: closing LCIO file 'lcio_10_p.slcio'
| Events: closing weight stream file 'lcio_10_p.weights.dat'
| There were no errors and   11 warning(s).
| WHIZARD run finished.
|=============================================================================|
Output from running lcio_10_rd:

============================================================================
        Event  : 1 - run:  1 -  timestamp [...]
============================================================================
 date: [...]
 detector : unknown
 event parameters: 
 parameter Event Number [int]: 1, 
 parameter ProcessID [int]: 1, 
 parameter Run ID [int]: 1, 
 parameter beamPDG1 [int]: 2212, 
 parameter beamPDG2 [int]: 2212, 
 parameter Energy [float]: 8000, 
 parameter _weight [float]: 1, 
 parameter alphaQCD [float]: 0.1178, 
 parameter beamPol1 [float]: 0, 
 parameter beamPol2 [float]: 0, 
 parameter crossSection [float]: 97927.9, 
 parameter crossSectionError [float]: 20802.6, 
 parameter scale [float]: 488.791, 
 parameter sqme [float]: 120.063, 
 parameter sqme_alt1 [float]: 135.189, 
 parameter sqme_alt10 [float]: 3.54389e+07, 
 parameter sqme_alt2 [float]: 540.754, 
 parameter sqme_alt3 [float]: 2163.02, 
 parameter sqme_alt4 [float]: 8652.07, 
 parameter sqme_alt5 [float]: 34608.3, 
 parameter sqme_alt6 [float]: 138433, 
 parameter sqme_alt7 [float]: 553732, 
 parameter sqme_alt8 [float]: 2.21493e+06, 
 parameter sqme_alt9 [float]: 8.85972e+06, 
 parameter weight_alt1 [float]: 1.12598, 
 parameter weight_alt10 [float]: 295168, 
 parameter weight_alt2 [float]: 4.50391, 
 parameter weight_alt3 [float]: 18.0156, 
 parameter weight_alt4 [float]: 72.0625, 
 parameter weight_alt5 [float]: 288.25, 
 parameter weight_alt6 [float]: 1153, 
 parameter weight_alt7 [float]: 4612, 
 parameter weight_alt8 [float]: 18448, 
 parameter weight_alt9 [float]: 73792, 
 parameter BeamSpectrum [string]: , 
 parameter processName [string]: lcio_10_p, 

 collection name : MCParticle
 parameters: 

--------------- print out of MCParticle collection --------------- 

  flag:  0x0
  simulator status bits: [sbvtcls]  s: created in simulation b: backscatter v: vertex is not endpoint of parent t: decayed in tracker c: decayed in calorimeter l: has left detector s: stopped o: overlay


[   id   ]index|      PDG |    px,     py,        pz    | energy  |gen|[simstat ]| vertex x,     y   ,   z     |    mass |  charge |            spin             | colorflow | [parents] - [daughters]

[00000004]    0|      2212| 0.00e+00, 0.00e+00, 4.00e+03| 4.00e+03| 4 |[    0   ]| 0.00e+00, 0.00e+00, 0.00e+00| 0.00e+00| 1.00e+00| 0.00e+00, 0.00e+00, 0.00e+00|  (0, 0)   | [] - [2,4] 
[00000005]    1|      2212| 0.00e+00, 0.00e+00,-4.00e+03| 4.00e+03| 4 |[    0   ]| 0.00e+00, 0.00e+00, 0.00e+00| 0.00e+00| 1.00e+00| 0.00e+00, 0.00e+00, 0.00e+00|  (0, 0)   | [] - [3,5] 
[00000006]    2|        21| 0.00e+00, 0.00e+00, 7.22e+01| 7.22e+01| 3 |[    0   ]| 0.00e+00, 0.00e+00, 0.00e+00| 0.00e+00| 0.00e+00| 0.00e+00, 0.00e+00, 0.00e+00|  (1, 2)   | [0] - [6,7] 
[00000007]    3|        21| 0.00e+00, 0.00e+00,-8.27e+02| 8.27e+02| 3 |[    0   ]| 0.00e+00, 0.00e+00, 0.00e+00| 0.00e+00| 0.00e+00| 0.00e+00, 0.00e+00, 0.00e+00|  (3, 1)   | [1] - [6,7] 
[00000008]    4|        93| 0.00e+00, 0.00e+00, 3.93e+03| 3.93e+03| 1 |[    0   ]| 0.00e+00, 0.00e+00, 0.00e+00| 0.00e+00| 0.00e+00| 0.00e+00, 0.00e+00, 0.00e+00|  (2, 1)   | [0] - [] 
[00000009]    5|        93| 0.00e+00, 0.00e+00,-3.17e+03| 3.17e+03| 1 |[    0   ]| 0.00e+00, 0.00e+00, 0.00e+00| 0.00e+00| 0.00e+00| 0.00e+00, 0.00e+00, 0.00e+00|  (1, 3)   | [1] - [] 
[00000010]    6|         6| 1.60e+02,-2.33e+01,-4.88e+02| 5.42e+02| 1 |[    0   ]| 0.00e+00, 0.00e+00, 0.00e+00| 1.73e+02| 6.67e-01| 0.00e+00, 0.00e+00, 0.00e+00|  (3, 0)   | [2,3] - [] 
[00000011]    7|        -6|-1.60e+02, 2.33e+01,-2.67e+02| 3.57e+02| 1 |[    0   ]| 0.00e+00, 0.00e+00, 0.00e+00| 1.73e+02|-6.67e-01| 0.00e+00, 0.00e+00, 0.00e+00|  (0, 2)   | [2,3] - [] 

-------------------------------------------------------------------------------- 
