?openmp_logging = false
?vis_history = false
?integration_timer = false
?pacify = true
openmp_num_threads = 1
?use_vamp_equivalences = false
?openloops_use_cms = false
SM.mW =>  7.00000E+01
SM.mZ =>  9.00000E+01
SM.GF =>  1.50000E-05
SM.wZ =>  1.00000E+00
SM.wW =>  3.00000E+00
 alpha_em 0.0130713
[user variable] alpha_em_inverse =  7.65037E+01
SM.mmu =>  0.00000E+00
SM.me =>  0.00000E+00
SM.mc =>  0.00000E+00
SM.ms =>  0.00000E+00
?alphas_is_fixed = true
?alphas_from_mz = false
?alphas_from_lambda_qcd = false
SM.alphas =>  2.00000E-01
alpha_power = 2
alphas_power = 0
$loop_me_method = "openloops"
sqrts =  5.00000E+02
tolerance =  1.00000E-03
$born_me_method = "omega"
$real_tree_me_method = "omega"
$correlation_me_method = "omega"
| Process library 'openloops_4_lib': recorded process 'openloops_4_omomom'
seed = 0
| Integrate: current process library needs compilation
| Process library 'openloops_4_lib': compiling ...
| Process library 'openloops_4_lib': writing makefile
| Process library 'openloops_4_lib': removing old files
| Process library 'openloops_4_lib': writing driver
| Process library 'openloops_4_lib': creating source code
| Process library 'openloops_4_lib': compiling sources
| Process library 'openloops_4_lib': linking
| Process library 'openloops_4_lib': loading
| Process library 'openloops_4_lib': ... success.
| Integrate: compilation done
| RNG: Initializing TAO random-number generator
| RNG: Setting seed for random-number generator to 0
| Initializing integration for process openloops_4_omomom:
| Beam structure: [any particles]
| Beam data (collision):
|   e+  (mass = 0.0000000E+00 GeV)
|   e-  (mass = 0.0000000E+00 GeV)
|   sqrts = 5.000000000000E+02 GeV
| Phase space: generating configuration ...
| Phase space: ... success.
| Phase space: writing configuration file 'openloops_4_omomom.i1.phs'
| Phase space: generating configuration ...
| Phase space: ... success.
| Phase space: writing configuration file 'openloops_4_omomom.i3.phs'
| One-Loop-Provider: Using OpenLoops
| Loading library: [...]
| One-Loop-Provider: Using OpenLoops
| Loading library: [...]
| ------------------------------------------------------------------------
| Process [scattering]: 'openloops_4_omomom'
|   Library name  = 'openloops_4_lib'
|   Process index = 1
|   Process components:
|     1: 'openloops_4_omomom_i1':   e+, e- => u, ubar [omega]
|     2: 'openloops_4_omomom_i2':   e+, e- => u, ubar, gl [omega], [real]
|     3: 'openloops_4_omomom_i3':   e+, e- => u, ubar [openloops], [virtual]
|     4: 'openloops_4_omomom_i4':   e+, e- => u, ubar [inactive], [subtraction]
| ------------------------------------------------------------------------
| Phase space: 2 channels, 2 dimensions
| Phase space: found 2 channels, collected in 2 groves.
| Phase space: no equivalences between channels used.
| Phase space: wood
| Phase space: 2 channels, 5 dimensions
| Phase space: found 2 channels, collected in 2 groves.
| Phase space: no equivalences between channels used.
| Phase space: wood
| Phase space: 2 channels, 2 dimensions
| Phase space: found 2 channels, collected in 2 groves.
| Phase space: no equivalences between channels used.
| Phase space: wood
Warning: No cuts have been defined.
| Using user-defined general scale.
| Starting integration for process 'openloops_4_omomom' part 'born'
| Integrate: iterations = 1:100:"gw"
| Integrator: 2 chains, 2 channels, 2 dimensions
| Integrator: 100 initial calls, 20 bins, stratified = T
| Integrator: VAMP
|=============================================================================|
| It      Calls  Integral[fb]  Error[fb]   Err[%]    Acc  Eff[%]   Chi2 N[It] |
|=============================================================================|
   1        100     1.792E+03   1.08E+02    6.02    0.60    41.2
|-----------------------------------------------------------------------------|
   1        100     1.792E+03   1.08E+02    6.02    0.60    41.2
|=============================================================================|
| Starting integration for process 'openloops_4_omomom' part 'real'
| Integrate: iterations = 1:100:"gw"
| Integrator: 2 chains, 2 channels, 5 dimensions
| Integrator: 100 initial calls, 20 bins, stratified = T
| Integrator: VAMP
|=============================================================================|
| It      Calls  Integral[fb]  Error[fb]   Err[%]    Acc  Eff[%]   Chi2 N[It] |
|=============================================================================|
   1        100     2.253E+02   2.07E+01    9.18    0.92    20.0
|-----------------------------------------------------------------------------|
   1        100     2.253E+02   2.07E+01    9.18    0.92    20.0
|=============================================================================|
| Starting integration for process 'openloops_4_omomom' part 'virtual'
| Integrate: iterations = 1:100:"gw"
| Integrator: 2 chains, 2 channels, 2 dimensions
| Integrator: 100 initial calls, 20 bins, stratified = T
| Integrator: VAMP
|=============================================================================|
| It      Calls  Integral[fb]  Error[fb]   Err[%]    Acc  Eff[%]   Chi2 N[It] |
|=============================================================================|
   1        100    -1.152E+02   6.79E+00    5.89    0.59    39.6
|-----------------------------------------------------------------------------|
   1        100    -1.152E+02   6.79E+00    5.89    0.59    39.6
|=============================================================================|
| Integrate: sum of all components
|=============================================================================|
| It      Calls  Integral[fb]  Error[fb]   Err[%]    Acc  Eff[%]   Chi2 N[It] |
|=============================================================================|
   1          0     1.902E+03   1.10E+02    5.79    0.00    34.7
| NLO Correction: [O(alpha_s+1)/O(alpha_s)]
|  (   6.14 +-   1.27 ) %
|=============================================================================|
integral(openloops_4_omomom) =  1.90204E+03
error(openloops_4_omomom) =  1.10105E+02
[user variable] reference_integral =  1.90204E+03
$born_me_method = "openloops"
$real_tree_me_method = "omega"
$correlation_me_method = "omega"
| Process library 'openloops_4_lib': unloading
| Process library 'openloops_4_lib': open
| Process library 'openloops_4_lib': recorded process 'openloops_4_olomom'
seed = 0
| Integrate: current process library needs compilation
| Process library 'openloops_4_lib': compiling ...
| Process library 'openloops_4_lib': writing makefile
| Process library 'openloops_4_lib': removing old files
| Process library 'openloops_4_lib': writing driver
| Process library 'openloops_4_lib': creating source code
| Process library 'openloops_4_lib': compiling sources
| Process library 'openloops_4_lib': linking
| Process library 'openloops_4_lib': loading
| Process library 'openloops_4_lib': ... success.
| Integrate: compilation done
| RNG: Initializing TAO random-number generator
| RNG: Setting seed for random-number generator to 0
| Initializing integration for process openloops_4_olomom:
| Beam structure: [any particles]
| Beam data (collision):
|   e+  (mass = 0.0000000E+00 GeV)
|   e-  (mass = 0.0000000E+00 GeV)
|   sqrts = 5.000000000000E+02 GeV
| Phase space: generating configuration ...
| Phase space: ... success.
| Phase space: writing configuration file 'openloops_4_olomom.i1.phs'
| Phase space: generating configuration ...
| Phase space: ... success.
| Phase space: writing configuration file 'openloops_4_olomom.i3.phs'
| One-Loop-Provider: Using OpenLoops
| Loading library: [...]
| One-Loop-Provider: Using OpenLoops
| Loading library: [...]
| One-Loop-Provider: Using OpenLoops
| Loading library: [...]
| One-Loop-Provider: Using OpenLoops
| Loading library: [...]
| ------------------------------------------------------------------------
| Process [scattering]: 'openloops_4_olomom'
|   Library name  = 'openloops_4_lib'
|   Process index = 2
|   Process components:
|     1: 'openloops_4_olomom_i1':   e+, e- => u, ubar [openloops]
|     2: 'openloops_4_olomom_i2':   e+, e- => u, ubar, gl [omega], [real]
|     3: 'openloops_4_olomom_i3':   e+, e- => u, ubar [openloops], [virtual]
|     4: 'openloops_4_olomom_i4':   e+, e- => u, ubar [inactive], [subtraction]
| ------------------------------------------------------------------------
| Phase space: 2 channels, 2 dimensions
| Phase space: found 2 channels, collected in 2 groves.
| Phase space: no equivalences between channels used.
| Phase space: wood
| Phase space: 2 channels, 5 dimensions
| Phase space: found 2 channels, collected in 2 groves.
| Phase space: no equivalences between channels used.
| Phase space: wood
| Phase space: 2 channels, 2 dimensions
| Phase space: found 2 channels, collected in 2 groves.
| Phase space: no equivalences between channels used.
| Phase space: wood
Warning: No cuts have been defined.
| Using user-defined general scale.
| Starting integration for process 'openloops_4_olomom' part 'born'
| Integrate: iterations = 1:100:"gw"
| Integrator: 2 chains, 2 channels, 2 dimensions
| Integrator: 100 initial calls, 20 bins, stratified = T
| Integrator: VAMP
|=============================================================================|
| It      Calls  Integral[fb]  Error[fb]   Err[%]    Acc  Eff[%]   Chi2 N[It] |
|=============================================================================|
   1        100     1.792E+03   1.08E+02    6.02    0.60    41.2
|-----------------------------------------------------------------------------|
   1        100     1.792E+03   1.08E+02    6.02    0.60    41.2
|=============================================================================|
| Starting integration for process 'openloops_4_olomom' part 'real'
| Integrate: iterations = 1:100:"gw"
| Integrator: 2 chains, 2 channels, 5 dimensions
| Integrator: 100 initial calls, 20 bins, stratified = T
| Integrator: VAMP
|=============================================================================|
| It      Calls  Integral[fb]  Error[fb]   Err[%]    Acc  Eff[%]   Chi2 N[It] |
|=============================================================================|
   1        100     2.253E+02   2.07E+01    9.18    0.92    20.0
|-----------------------------------------------------------------------------|
   1        100     2.253E+02   2.07E+01    9.18    0.92    20.0
|=============================================================================|
| Starting integration for process 'openloops_4_olomom' part 'virtual'
| Integrate: iterations = 1:100:"gw"
| Integrator: 2 chains, 2 channels, 2 dimensions
| Integrator: 100 initial calls, 20 bins, stratified = T
| Integrator: VAMP
|=============================================================================|
| It      Calls  Integral[fb]  Error[fb]   Err[%]    Acc  Eff[%]   Chi2 N[It] |
|=============================================================================|
   1        100    -1.152E+02   6.79E+00    5.89    0.59    39.6
|-----------------------------------------------------------------------------|
   1        100    -1.152E+02   6.79E+00    5.89    0.59    39.6
|=============================================================================|
| Integrate: sum of all components
|=============================================================================|
| It      Calls  Integral[fb]  Error[fb]   Err[%]    Acc  Eff[%]   Chi2 N[It] |
|=============================================================================|
   1          0     1.902E+03   1.10E+02    5.79    0.00    34.7
| NLO Correction: [O(alpha_s+1)/O(alpha_s)]
|  (   6.14 +-   1.27 ) %
|=============================================================================|
integral(openloops_4_olomom) =  1.90204E+03
error(openloops_4_olomom) =  1.10105E+02
| expect: success
$born_me_method = "omega"
$real_tree_me_method = "openloops"
$correlation_me_method = "omega"
| Process library 'openloops_4_lib': unloading
| Process library 'openloops_4_lib': open
| Process library 'openloops_4_lib': recorded process 'openloops_4_omolom'
seed = 0
| Integrate: current process library needs compilation
| Process library 'openloops_4_lib': compiling ...
| Process library 'openloops_4_lib': writing makefile
| Process library 'openloops_4_lib': removing old files
| Process library 'openloops_4_lib': writing driver
| Process library 'openloops_4_lib': creating source code
| Process library 'openloops_4_lib': compiling sources
| Process library 'openloops_4_lib': linking
| Process library 'openloops_4_lib': loading
| Process library 'openloops_4_lib': ... success.
| Integrate: compilation done
| RNG: Initializing TAO random-number generator
| RNG: Setting seed for random-number generator to 0
| Initializing integration for process openloops_4_omolom:
| Beam structure: [any particles]
| Beam data (collision):
|   e+  (mass = 0.0000000E+00 GeV)
|   e-  (mass = 0.0000000E+00 GeV)
|   sqrts = 5.000000000000E+02 GeV
| Phase space: generating configuration ...
| Phase space: ... success.
| Phase space: writing configuration file 'openloops_4_omolom.i1.phs'
| Phase space: generating configuration ...
| Phase space: ... success.
| Phase space: writing configuration file 'openloops_4_omolom.i3.phs'
| One-Loop-Provider: Using OpenLoops
| Loading library: [...]
| One-Loop-Provider: Using OpenLoops
| Loading library: [...]
| One-Loop-Provider: Using OpenLoops
| Loading library: [...]
| One-Loop-Provider: Using OpenLoops
| Loading library: [...]
| ------------------------------------------------------------------------
| Process [scattering]: 'openloops_4_omolom'
|   Library name  = 'openloops_4_lib'
|   Process index = 3
|   Process components:
|     1: 'openloops_4_omolom_i1':   e+, e- => u, ubar [omega]
|     2: 'openloops_4_omolom_i2':   e+, e- => u, ubar, gl [openloops], [real]
|     3: 'openloops_4_omolom_i3':   e+, e- => u, ubar [openloops], [virtual]
|     4: 'openloops_4_omolom_i4':   e+, e- => u, ubar [inactive], [subtraction]
| ------------------------------------------------------------------------
| Phase space: 2 channels, 2 dimensions
| Phase space: found 2 channels, collected in 2 groves.
| Phase space: no equivalences between channels used.
| Phase space: wood
| Phase space: 2 channels, 5 dimensions
| Phase space: found 2 channels, collected in 2 groves.
| Phase space: no equivalences between channels used.
| Phase space: wood
| Phase space: 2 channels, 2 dimensions
| Phase space: found 2 channels, collected in 2 groves.
| Phase space: no equivalences between channels used.
| Phase space: wood
Warning: No cuts have been defined.
| Using user-defined general scale.
| Starting integration for process 'openloops_4_omolom' part 'born'
| Integrate: iterations = 1:100:"gw"
| Integrator: 2 chains, 2 channels, 2 dimensions
| Integrator: 100 initial calls, 20 bins, stratified = T
| Integrator: VAMP
|=============================================================================|
| It      Calls  Integral[fb]  Error[fb]   Err[%]    Acc  Eff[%]   Chi2 N[It] |
|=============================================================================|
   1        100     1.792E+03   1.08E+02    6.02    0.60    41.2
|-----------------------------------------------------------------------------|
   1        100     1.792E+03   1.08E+02    6.02    0.60    41.2
|=============================================================================|
| Starting integration for process 'openloops_4_omolom' part 'real'
| Integrate: iterations = 1:100:"gw"
| Integrator: 2 chains, 2 channels, 5 dimensions
| Integrator: 100 initial calls, 20 bins, stratified = T
| Integrator: VAMP
|=============================================================================|
| It      Calls  Integral[fb]  Error[fb]   Err[%]    Acc  Eff[%]   Chi2 N[It] |
|=============================================================================|
   1        100     2.253E+02   2.07E+01    9.18    0.92    20.0
|-----------------------------------------------------------------------------|
   1        100     2.253E+02   2.07E+01    9.18    0.92    20.0
|=============================================================================|
| Starting integration for process 'openloops_4_omolom' part 'virtual'
| Integrate: iterations = 1:100:"gw"
| Integrator: 2 chains, 2 channels, 2 dimensions
| Integrator: 100 initial calls, 20 bins, stratified = T
| Integrator: VAMP
|=============================================================================|
| It      Calls  Integral[fb]  Error[fb]   Err[%]    Acc  Eff[%]   Chi2 N[It] |
|=============================================================================|
   1        100    -1.152E+02   6.79E+00    5.89    0.59    39.6
|-----------------------------------------------------------------------------|
   1        100    -1.152E+02   6.79E+00    5.89    0.59    39.6
|=============================================================================|
| Integrate: sum of all components
|=============================================================================|
| It      Calls  Integral[fb]  Error[fb]   Err[%]    Acc  Eff[%]   Chi2 N[It] |
|=============================================================================|
   1          0     1.902E+03   1.10E+02    5.79    0.00    34.7
| NLO Correction: [O(alpha_s+1)/O(alpha_s)]
|  (   6.14 +-   1.27 ) %
|=============================================================================|
integral(openloops_4_omolom) =  1.90204E+03
error(openloops_4_omolom) =  1.10105E+02
| expect: success
$born_me_method = "omega"
$real_tree_me_method = "omega"
$correlation_me_method = "openloops"
| Process library 'openloops_4_lib': unloading
| Process library 'openloops_4_lib': open
| Process library 'openloops_4_lib': recorded process 'openloops_4_omomol'
seed = 0
| Integrate: current process library needs compilation
| Process library 'openloops_4_lib': compiling ...
| Process library 'openloops_4_lib': writing makefile
| Process library 'openloops_4_lib': removing old files
| Process library 'openloops_4_lib': writing driver
| Process library 'openloops_4_lib': creating source code
| Process library 'openloops_4_lib': compiling sources
| Process library 'openloops_4_lib': linking
| Process library 'openloops_4_lib': loading
| Process library 'openloops_4_lib': ... success.
| Integrate: compilation done
| RNG: Initializing TAO random-number generator
| RNG: Setting seed for random-number generator to 0
| Initializing integration for process openloops_4_omomol:
| Beam structure: [any particles]
| Beam data (collision):
|   e+  (mass = 0.0000000E+00 GeV)
|   e-  (mass = 0.0000000E+00 GeV)
|   sqrts = 5.000000000000E+02 GeV
| Phase space: generating configuration ...
| Phase space: ... success.
| Phase space: writing configuration file 'openloops_4_omomol.i1.phs'
| Phase space: generating configuration ...
| Phase space: ... success.
| Phase space: writing configuration file 'openloops_4_omomol.i3.phs'
| One-Loop-Provider: Using OpenLoops
| Loading library: [...]
| One-Loop-Provider: Using OpenLoops
| Loading library: [...]
| One-Loop-Provider: Using OpenLoops
| Loading library: [...]
| One-Loop-Provider: Using OpenLoops
| Loading library: [...]
| ------------------------------------------------------------------------
| Process [scattering]: 'openloops_4_omomol'
|   Library name  = 'openloops_4_lib'
|   Process index = 4
|   Process components:
|     1: 'openloops_4_omomol_i1':   e+, e- => u, ubar [omega]
|     2: 'openloops_4_omomol_i2':   e+, e- => u, ubar, gl [omega], [real]
|     3: 'openloops_4_omomol_i3':   e+, e- => u, ubar [openloops], [virtual]
|     4: 'openloops_4_omomol_i4':   e+, e- => u, ubar [inactive], [subtraction]
| ------------------------------------------------------------------------
| Phase space: 2 channels, 2 dimensions
| Phase space: found 2 channels, collected in 2 groves.
| Phase space: no equivalences between channels used.
| Phase space: wood
| Phase space: 2 channels, 5 dimensions
| Phase space: found 2 channels, collected in 2 groves.
| Phase space: no equivalences between channels used.
| Phase space: wood
| Phase space: 2 channels, 2 dimensions
| Phase space: found 2 channels, collected in 2 groves.
| Phase space: no equivalences between channels used.
| Phase space: wood
Warning: No cuts have been defined.
| Using user-defined general scale.
| Starting integration for process 'openloops_4_omomol' part 'born'
| Integrate: iterations = 1:100:"gw"
| Integrator: 2 chains, 2 channels, 2 dimensions
| Integrator: 100 initial calls, 20 bins, stratified = T
| Integrator: VAMP
|=============================================================================|
| It      Calls  Integral[fb]  Error[fb]   Err[%]    Acc  Eff[%]   Chi2 N[It] |
|=============================================================================|
   1        100     1.792E+03   1.08E+02    6.02    0.60    41.2
|-----------------------------------------------------------------------------|
   1        100     1.792E+03   1.08E+02    6.02    0.60    41.2
|=============================================================================|
| Starting integration for process 'openloops_4_omomol' part 'real'
| Integrate: iterations = 1:100:"gw"
| Integrator: 2 chains, 2 channels, 5 dimensions
| Integrator: 100 initial calls, 20 bins, stratified = T
| Integrator: VAMP
|=============================================================================|
| It      Calls  Integral[fb]  Error[fb]   Err[%]    Acc  Eff[%]   Chi2 N[It] |
|=============================================================================|
   1        100     2.253E+02   2.07E+01    9.18    0.92    20.0
|-----------------------------------------------------------------------------|
   1        100     2.253E+02   2.07E+01    9.18    0.92    20.0
|=============================================================================|
| Starting integration for process 'openloops_4_omomol' part 'virtual'
| Integrate: iterations = 1:100:"gw"
| Integrator: 2 chains, 2 channels, 2 dimensions
| Integrator: 100 initial calls, 20 bins, stratified = T
| Integrator: VAMP
|=============================================================================|
| It      Calls  Integral[fb]  Error[fb]   Err[%]    Acc  Eff[%]   Chi2 N[It] |
|=============================================================================|
   1        100    -1.152E+02   6.79E+00    5.89    0.59    39.6
|-----------------------------------------------------------------------------|
   1        100    -1.152E+02   6.79E+00    5.89    0.59    39.6
|=============================================================================|
| Integrate: sum of all components
|=============================================================================|
| It      Calls  Integral[fb]  Error[fb]   Err[%]    Acc  Eff[%]   Chi2 N[It] |
|=============================================================================|
   1          0     1.902E+03   1.10E+02    5.79    0.00    34.7
| NLO Correction: [O(alpha_s+1)/O(alpha_s)]
|  (   6.14 +-   1.27 ) %
|=============================================================================|
integral(openloops_4_omomol) =  1.90204E+03
error(openloops_4_omomol) =  1.10105E+02
| expect: success
$born_me_method = "openloops"
$real_tree_me_method = "openloops"
$correlation_me_method = "openloops"
| Process library 'openloops_4_lib': unloading
| Process library 'openloops_4_lib': open
| Process library 'openloops_4_lib': recorded process 'openloops_4_ololol'
seed = 0
| Integrate: current process library needs compilation
| Process library 'openloops_4_lib': compiling ...
| Process library 'openloops_4_lib': writing makefile
| Process library 'openloops_4_lib': removing old files
| Process library 'openloops_4_lib': writing driver
| Process library 'openloops_4_lib': creating source code
| Process library 'openloops_4_lib': compiling sources
| Process library 'openloops_4_lib': linking
| Process library 'openloops_4_lib': loading
| Process library 'openloops_4_lib': ... success.
| Integrate: compilation done
| RNG: Initializing TAO random-number generator
| RNG: Setting seed for random-number generator to 0
| Initializing integration for process openloops_4_ololol:
| Beam structure: [any particles]
| Beam data (collision):
|   e+  (mass = 0.0000000E+00 GeV)
|   e-  (mass = 0.0000000E+00 GeV)
|   sqrts = 5.000000000000E+02 GeV
| Phase space: generating configuration ...
| Phase space: ... success.
| Phase space: writing configuration file 'openloops_4_ololol.i1.phs'
| Phase space: generating configuration ...
| Phase space: ... success.
| Phase space: writing configuration file 'openloops_4_ololol.i3.phs'
| One-Loop-Provider: Using OpenLoops
| Loading library: [...]
| One-Loop-Provider: Using OpenLoops
| Loading library: [...]
| One-Loop-Provider: Using OpenLoops
| Loading library: [...]
| One-Loop-Provider: Using OpenLoops
| Loading library: [...]
| One-Loop-Provider: Using OpenLoops
| Loading library: [...]
| One-Loop-Provider: Using OpenLoops
| Loading library: [...]
| One-Loop-Provider: Using OpenLoops
| Loading library: [...]
| One-Loop-Provider: Using OpenLoops
| Loading library: [...]
| ------------------------------------------------------------------------
| Process [scattering]: 'openloops_4_ololol'
|   Library name  = 'openloops_4_lib'
|   Process index = 5
|   Process components:
|     1: 'openloops_4_ololol_i1':   e+, e- => u, ubar [openloops]
|     2: 'openloops_4_ololol_i2':   e+, e- => u, ubar, gl [openloops], [real]
|     3: 'openloops_4_ololol_i3':   e+, e- => u, ubar [openloops], [virtual]
|     4: 'openloops_4_ololol_i4':   e+, e- => u, ubar [inactive], [subtraction]
| ------------------------------------------------------------------------
| Phase space: 2 channels, 2 dimensions
| Phase space: found 2 channels, collected in 2 groves.
| Phase space: no equivalences between channels used.
| Phase space: wood
| Phase space: 2 channels, 5 dimensions
| Phase space: found 2 channels, collected in 2 groves.
| Phase space: no equivalences between channels used.
| Phase space: wood
| Phase space: 2 channels, 2 dimensions
| Phase space: found 2 channels, collected in 2 groves.
| Phase space: no equivalences between channels used.
| Phase space: wood
Warning: No cuts have been defined.
| Using user-defined general scale.
| Starting integration for process 'openloops_4_ololol' part 'born'
| Integrate: iterations = 1:100:"gw"
| Integrator: 2 chains, 2 channels, 2 dimensions
| Integrator: 100 initial calls, 20 bins, stratified = T
| Integrator: VAMP
|=============================================================================|
| It      Calls  Integral[fb]  Error[fb]   Err[%]    Acc  Eff[%]   Chi2 N[It] |
|=============================================================================|
   1        100     1.792E+03   1.08E+02    6.02    0.60    41.2
|-----------------------------------------------------------------------------|
   1        100     1.792E+03   1.08E+02    6.02    0.60    41.2
|=============================================================================|
| Starting integration for process 'openloops_4_ololol' part 'real'
| Integrate: iterations = 1:100:"gw"
| Integrator: 2 chains, 2 channels, 5 dimensions
| Integrator: 100 initial calls, 20 bins, stratified = T
| Integrator: VAMP
|=============================================================================|
| It      Calls  Integral[fb]  Error[fb]   Err[%]    Acc  Eff[%]   Chi2 N[It] |
|=============================================================================|
   1        100     2.253E+02   2.07E+01    9.18    0.92    20.0
|-----------------------------------------------------------------------------|
   1        100     2.253E+02   2.07E+01    9.18    0.92    20.0
|=============================================================================|
| Starting integration for process 'openloops_4_ololol' part 'virtual'
| Integrate: iterations = 1:100:"gw"
| Integrator: 2 chains, 2 channels, 2 dimensions
| Integrator: 100 initial calls, 20 bins, stratified = T
| Integrator: VAMP
|=============================================================================|
| It      Calls  Integral[fb]  Error[fb]   Err[%]    Acc  Eff[%]   Chi2 N[It] |
|=============================================================================|
   1        100    -1.152E+02   6.79E+00    5.89    0.59    39.6
|-----------------------------------------------------------------------------|
   1        100    -1.152E+02   6.79E+00    5.89    0.59    39.6
|=============================================================================|
| Integrate: sum of all components
|=============================================================================|
| It      Calls  Integral[fb]  Error[fb]   Err[%]    Acc  Eff[%]   Chi2 N[It] |
|=============================================================================|
   1          0     1.902E+03   1.10E+02    5.79    0.00    34.7
| NLO Correction: [O(alpha_s+1)/O(alpha_s)]
|  (   6.14 +-   1.27 ) %
|=============================================================================|
integral(openloops_4_ololol) =  1.90204E+03
error(openloops_4_ololol) =  1.10105E+02
| expect: success
| Switching to model 'SM_tt_threshold'
SM_tt_threshold.sqrtsstepsize =>  1.00000E-01
SM_tt_threshold.sqrtsmin =>  4.99900E+02
SM_tt_threshold.sqrtsmax =>  5.00100E+02
SM_tt_threshold.mW =>  7.00000E+01
SM_tt_threshold.mZ =>  9.00000E+01
SM_tt_threshold.wZ =>  1.00000E+00
SM_tt_threshold.wW =>  3.00000E+00
SM_tt_threshold.alpha_em_i =>  7.65037E+01
SM_tt_threshold.mmu =>  0.00000E+00
SM_tt_threshold.me =>  0.00000E+00
SM_tt_threshold.mc =>  0.00000E+00
SM_tt_threshold.ms =>  0.00000E+00
?alphas_is_fixed = true
?alphas_from_mz = false
?alphas_from_lambda_qcd = false
SM_tt_threshold.alphas =>  2.00000E-01
| Process library 'openloops_4_lib': unloading
| Process library 'openloops_4_lib': open
| Process library 'openloops_4_lib': recorded process 'openloops_4_threshold'
seed = 0
| Integrate: current process library needs compilation
| Process library 'openloops_4_lib': compiling ...
| Process library 'openloops_4_lib': writing makefile
| Process library 'openloops_4_lib': removing old files
| Process library 'openloops_4_lib': writing driver
| Process library 'openloops_4_lib': creating source code
| Process library 'openloops_4_lib': compiling sources
| Process library 'openloops_4_lib': linking
| Process library 'openloops_4_lib': loading
| Process library 'openloops_4_lib': ... success.
| Integrate: compilation done
| RNG: Initializing TAO random-number generator
| RNG: Setting seed for random-number generator to 0
| Initializing integration for process openloops_4_threshold:
| Beam structure: [any particles]
| Beam data (collision):
|   e+  (mass = 0.0000000E+00 GeV)
|   e-  (mass = 0.0000000E+00 GeV)
|   sqrts = 5.000000000000E+02 GeV
| Phase space: generating configuration ...
| Phase space: ... success.
| Phase space: writing configuration file 'openloops_4_threshold.i1.phs'
| Phase space: generating configuration ...
| Phase space: ... success.
| Phase space: writing configuration file 'openloops_4_threshold.i3.phs'
| One-Loop-Provider: Using OpenLoops
| Loading library: [...]
| One-Loop-Provider: Using OpenLoops
| Loading library: [...]
| One-Loop-Provider: Using OpenLoops
| Loading library: [...]
| One-Loop-Provider: Using OpenLoops
| Loading library: [...]
| One-Loop-Provider: Using OpenLoops
| Loading library: [...]
| One-Loop-Provider: Using OpenLoops
| Loading library: [...]
| One-Loop-Provider: Using OpenLoops
| Loading library: [...]
| One-Loop-Provider: Using OpenLoops
| Loading library: [...]
| ------------------------------------------------------------------------
| Process [scattering]: 'openloops_4_threshold'
|   Library name  = 'openloops_4_lib'
|   Process index = 6
|   Process components:
|     1: 'openloops_4_threshold_i1':   e+, e- => u, ubar [openloops]
|     2: 'openloops_4_threshold_i2':   e+, e- => u, ubar, gl [openloops], [real]
|     3: 'openloops_4_threshold_i3':   e+, e- => u, ubar [openloops], [virtual]
|     4: 'openloops_4_threshold_i4':   e+, e- => u, ubar [inactive], [subtraction]
| ------------------------------------------------------------------------
| Phase space: 2 channels, 2 dimensions
| Phase space: found 2 channels, collected in 2 groves.
| Phase space: no equivalences between channels used.
| Phase space: wood
| Phase space: 2 channels, 5 dimensions
| Phase space: found 2 channels, collected in 2 groves.
| Phase space: no equivalences between channels used.
| Phase space: wood
| Phase space: 2 channels, 2 dimensions
| Phase space: found 2 channels, collected in 2 groves.
| Phase space: no equivalences between channels used.
| Phase space: wood
Warning: No cuts have been defined.
| Using user-defined general scale.
| Starting integration for process 'openloops_4_threshold' part 'born'
| Integrate: iterations = 1:100:"gw"
| Integrator: 2 chains, 2 channels, 2 dimensions
| Integrator: 100 initial calls, 20 bins, stratified = T
| Integrator: VAMP
|=============================================================================|
| It      Calls  Integral[fb]  Error[fb]   Err[%]    Acc  Eff[%]   Chi2 N[It] |
|=============================================================================|
   1        100     1.792E+03   1.08E+02    6.02    0.60    41.2
|-----------------------------------------------------------------------------|
   1        100     1.792E+03   1.08E+02    6.02    0.60    41.2
|=============================================================================|
| Starting integration for process 'openloops_4_threshold' part 'real'
| Integrate: iterations = 1:100:"gw"
| Integrator: 2 chains, 2 channels, 5 dimensions
| Integrator: 100 initial calls, 20 bins, stratified = T
| Integrator: VAMP
|=============================================================================|
| It      Calls  Integral[fb]  Error[fb]   Err[%]    Acc  Eff[%]   Chi2 N[It] |
|=============================================================================|
   1        100     2.253E+02   2.07E+01    9.18    0.92    20.0
|-----------------------------------------------------------------------------|
   1        100     2.253E+02   2.07E+01    9.18    0.92    20.0
|=============================================================================|
| Starting integration for process 'openloops_4_threshold' part 'virtual'
| Integrate: iterations = 1:100:"gw"
| Integrator: 2 chains, 2 channels, 2 dimensions
| Integrator: 100 initial calls, 20 bins, stratified = T
| Integrator: VAMP
|=============================================================================|
| It      Calls  Integral[fb]  Error[fb]   Err[%]    Acc  Eff[%]   Chi2 N[It] |
|=============================================================================|
   1        100    -1.152E+02   6.79E+00    5.89    0.59    39.6
|-----------------------------------------------------------------------------|
   1        100    -1.152E+02   6.79E+00    5.89    0.59    39.6
|=============================================================================|
| Integrate: sum of all components
|=============================================================================|
| It      Calls  Integral[fb]  Error[fb]   Err[%]    Acc  Eff[%]   Chi2 N[It] |
|=============================================================================|
   1          0     1.902E+03   1.10E+02    5.79    0.00    34.7
| NLO Correction: [O(alpha_s+1)/O(alpha_s)]
|  (   6.14 +-   1.27 ) %
|=============================================================================|
integral(openloops_4_threshold) =  1.90204E+03
error(openloops_4_threshold) =  1.10105E+02
| expect: success
| Summary of value checks:
|   Failures: 0 / Total: 5
| There were no errors and    6 warning(s).
| WHIZARD run finished.
|=============================================================================|
