?openmp_logging = false
?vis_history = false
?integration_timer = false
seed = 0
?resonance_history = true
| Process library 'resonances_8_lib': recorded process 'resonances_8_a'
sqrts =  2.500000000000E+02
| Process library 'resonances_8_lib': compiling ...
| Process library 'resonances_8_lib': writing makefile
| Process library 'resonances_8_lib': removing old files
| Process library 'resonances_8_lib': writing driver
| Process library 'resonances_8_lib': creating source code
| Process library 'resonances_8_lib': compiling sources
| Process library 'resonances_8_lib': linking
| Process library 'resonances_8_lib': loading
| Process library 'resonances_8_lib': ... success.
| Creating resonant-subprocess libraries for library 'resonances_8_lib'
| Process 'resonances_8_a': constructing phase space for resonance structure
| RNG: Initializing TAO random-number generator
| RNG: Setting seed for random-number generator to 0
| Initializing integration for process resonances_8_a:
| Beam structure: [any particles]
| Beam data (collision):
|   e-  (mass = 5.1099700E-04 GeV)
|   e+  (mass = 5.1099700E-04 GeV)
|   sqrts = 2.500000000000E+02 GeV
| Phase space: generating configuration ...
| Phase space: ... success.
| Phase space: writing configuration file 'resonances_8_a.i1.phs'
| Phase space: generating configuration ...
| Phase space: ... success.
| Phase space: writing configuration file 'resonances_8_a.i2.phs'
| Phase space: generating configuration ...
| Phase space: ... success.
| Phase space: writing configuration file 'resonances_8_a.i3.phs'
| ------------------------------------------------------------------------
| Process [scattering]: 'resonances_8_a'
|   Library name  = 'resonances_8_lib'
|   Process index = 1
|   Process components:
|     1: 'resonances_8_a_i1':   e-, e+ => nue, nuebar, H [omega]
|     2: 'resonances_8_a_i2':   e-, e+ => numu, numubar, H [omega]
|     3: 'resonances_8_a_i3':   e-, e+ => nutau, nutaubar, H [omega]
| ------------------------------------------------------------------------
| Phase space: 4 channels, 5 dimensions
| Phase space: found 4 channels, collected in 3 groves.
| Phase space: Using 4 equivalences between channels.
| Phase space: wood
| Phase space: 2 channels, 5 dimensions
| Phase space: found 2 channels, collected in 2 groves.
| Phase space: Using 2 equivalences between channels.
| Phase space: wood
| Phase space: 2 channels, 5 dimensions
| Phase space: found 2 channels, collected in 2 groves.
| Phase space: Using 2 equivalences between channels.
| Phase space: wood
Warning: No cuts have been defined.
| Integrate: phase space only, skipping integration
| Creating library for resonant subprocesses 'resonances_8_a_R'
| Process library 'resonances_8_a_R': initialized
| Resonant subprocess #1: 3+4~Z
| Process library 'resonances_8_a_R': recorded process 'resonances_8_a_R1'
| Resonant subprocess #2: 3+4~Z
| Process library 'resonances_8_a_R': recorded process 'resonances_8_a_R2'
| Resonant subprocess #3: 3+4~Z
| Process library 'resonances_8_a_R': recorded process 'resonances_8_a_R3'
| Process library 'resonances_8_a_R': created
| Process library 'resonances_8_a_R': compiling ...
| Process library 'resonances_8_a_R': writing makefile
| Process library 'resonances_8_a_R': removing old files
| Process library 'resonances_8_a_R': writing driver
| Process library 'resonances_8_a_R': creating source code
| Process library 'resonances_8_a_R': compiling sources
| Process library 'resonances_8_a_R': linking
| Process library 'resonances_8_a_R': loading
| Process library 'resonances_8_a_R': ... success.
Process library: resonances_8_lib
  external        = T
  makefile exists = T
  driver exists   = T
  code status     = active
  Processes:
    resonances_8_a [SM] [+ resonant subprocesses]
      resonances_8_a_i1: e-, e+ => nue, nuebar, H  [omega]
      resonances_8_a_i2: e-, e+ => numu, numubar, H  [omega]
      resonances_8_a_i3: e-, e+ => nutau, nutaubar, H  [omega]
Process library: resonances_8_a_R
  external        = T
  makefile exists = T
  driver exists   = T
  code status     = active
  Processes:
    resonances_8_a_R1 [SM]
      resonances_8_a_R1_i1: e-, e+ => nue, nuebar, H  [omega]
    resonances_8_a_R2 [SM]
      resonances_8_a_R2_i1: e-, e+ => numu, numubar, H  [omega]
    resonances_8_a_R3 [SM]
      resonances_8_a_R3_i1: e-, e+ => nutau, nutaubar, H  [omega]
| There were no errors and    1 warning(s).
| WHIZARD run finished.
|=============================================================================|
