?openmp_logging = false
?vis_history = false
?integration_timer = false
?pacify = true
seed = 0
[user variable] tt = PDG(6, -6)
phs_off_shell = 3
phs_t_channel = 3
SM.me =>  0.00000E+00
SM.mmu =>  0.00000E+00
?alphas_is_fixed = false
?alphas_from_mz = true
?alphas_from_lambda_qcd = false
openmp_num_threads = 1
| Process library 'smtest_17_lib': recorded process 'smtest_17_1'
| Process library 'smtest_17_lib': recorded process 'smtest_17_2'
| Process library 'smtest_17_lib': recorded process 'smtest_17_3'
sqrts =  2.00000E+03
| Integrate: current process library needs compilation
| Process library 'smtest_17_lib': compiling ...
| Process library 'smtest_17_lib': writing makefile
| Process library 'smtest_17_lib': removing old files
| Process library 'smtest_17_lib': writing driver
| Process library 'smtest_17_lib': creating source code
| Process library 'smtest_17_lib': compiling sources
| Process library 'smtest_17_lib': linking
| Process library 'smtest_17_lib': loading
| Process library 'smtest_17_lib': ... success.
| Integrate: compilation done
| QCD alpha: using a running strong coupling
| RNG: Initializing TAO random-number generator
| RNG: Setting seed for random-number generator to 0
| Initializing integration for process smtest_17_1:
| Beam structure: [any particles]
| Beam data (collision):
|   gl  (mass = 0.0000000E+00 GeV)
|   gl  (mass = 0.0000000E+00 GeV)
|   sqrts = 2.000000000000E+03 GeV
| Phase space: generating configuration ...
| Phase space: ... success.
| Phase space: writing configuration file 'smtest_17_1.i1.phs'
| ------------------------------------------------------------------------
| Process [scattering]: 'smtest_17_1'
|   Library name  = 'smtest_17_lib'
|   Process index = 1
|   Process components:
|     1: 'smtest_17_1_i1':   gl, gl => t, tbar, t, tbar [omega]
| ------------------------------------------------------------------------
| Phase space: 128 channels, 8 dimensions
| Phase space: found 128 channels, collected in 4 groves.
| Phase space: Using 672 equivalences between channels.
| Phase space: wood
Warning: No cuts have been defined.
| Using user-defined general scale.
| Starting integration for process 'smtest_17_1'
| Integrate: iterations = 1:1280
| Integrator: 4 chains, 128 channels, 8 dimensions
| Integrator: Using VAMP channel equivalences
| Integrator: 1280 initial calls, 20 bins, stratified = T
| Integrator: VAMP
|=============================================================================|
| It      Calls  Integral[fb]  Error[fb]   Err[%]    Acc  Eff[%]   Chi2 N[It] |
|=============================================================================|
   1       1280     1.811E+01   1.85E+00   10.19    3.65    15.6
|-----------------------------------------------------------------------------|
   1       1280     1.811E+01   1.85E+00   10.19    3.65    15.6
|=============================================================================|
seed = 0
| QCD alpha: using a running strong coupling
| RNG: Initializing TAO random-number generator
| RNG: Setting seed for random-number generator to 0
| Initializing integration for process smtest_17_2:
| Beam structure: [any particles]
| Beam data (collision):
|   gl  (mass = 0.0000000E+00 GeV)
|   gl  (mass = 0.0000000E+00 GeV)
|   sqrts = 2.000000000000E+03 GeV
| Phase space: generating configuration ...
| Phase space: ... success.
| Phase space: writing configuration file 'smtest_17_2.i1.phs'
| ------------------------------------------------------------------------
| Process [scattering]: 'smtest_17_2'
|   Library name  = 'smtest_17_lib'
|   Process index = 2
|   Process components:
|     1: 'smtest_17_2_i1':   gl, gl => t, tbar, t, tbar [omega]
| ------------------------------------------------------------------------
| Phase space: 128 channels, 8 dimensions
| Phase space: found 128 channels, collected in 4 groves.
| Phase space: Using 672 equivalences between channels.
| Phase space: wood
Warning: No cuts have been defined.
| Using user-defined general scale.
| Starting integration for process 'smtest_17_2'
| Integrate: iterations = 1:1280
| Integrator: 4 chains, 128 channels, 8 dimensions
| Integrator: Using VAMP channel equivalences
| Integrator: 1280 initial calls, 20 bins, stratified = T
| Integrator: VAMP
|=============================================================================|
| It      Calls  Integral[fb]  Error[fb]   Err[%]    Acc  Eff[%]   Chi2 N[It] |
|=============================================================================|
   1       1280     7.799E+00   9.23E-01   11.83    4.23    14.7
|-----------------------------------------------------------------------------|
   1       1280     7.799E+00   9.23E-01   11.83    4.23    14.7
|=============================================================================|
seed = 0
| QCD alpha: using a running strong coupling
| RNG: Initializing TAO random-number generator
| RNG: Setting seed for random-number generator to 0
| Initializing integration for process smtest_17_3:
| Beam structure: [any particles]
| Beam data (collision):
|   gl  (mass = 0.0000000E+00 GeV)
|   gl  (mass = 0.0000000E+00 GeV)
|   sqrts = 2.000000000000E+03 GeV
| Phase space: generating configuration ...
| Phase space: ... success.
| Phase space: writing configuration file 'smtest_17_3.i1.phs'
| ------------------------------------------------------------------------
| Process [scattering]: 'smtest_17_3'
|   Library name  = 'smtest_17_lib'
|   Process index = 3
|   Process components:
|     1: 'smtest_17_3_i1':   gl, gl => t, tbar, t, tbar [omega]
| ------------------------------------------------------------------------
| Phase space: 128 channels, 8 dimensions
| Phase space: found 128 channels, collected in 4 groves.
| Phase space: Using 672 equivalences between channels.
| Phase space: wood
Warning: No cuts have been defined.
| Using user-defined general scale.
| Starting integration for process 'smtest_17_3'
| Integrate: iterations = 1:1280
| Integrator: 4 chains, 128 channels, 8 dimensions
| Integrator: Using VAMP channel equivalences
| Integrator: 1280 initial calls, 20 bins, stratified = T
| Integrator: VAMP
|=============================================================================|
| It      Calls  Integral[fb]  Error[fb]   Err[%]    Acc  Eff[%]   Chi2 N[It] |
|=============================================================================|
   1       1280     7.799E+00   9.23E-01   11.83    4.23    14.7
|-----------------------------------------------------------------------------|
   1       1280     7.799E+00   9.23E-01   11.83    4.23    14.7
|=============================================================================|
| expect: success
seed = 0
| QCD alpha: using a running strong coupling
| RNG: Initializing TAO random-number generator
| RNG: Setting seed for random-number generator to 0
| Initializing integration for process smtest_17_3:
| Beam structure: [any particles]
| Beam data (collision):
|   gl  (mass = 0.0000000E+00 GeV)
|   gl  (mass = 0.0000000E+00 GeV)
|   sqrts = 2.000000000000E+03 GeV
| Phase space: generating configuration ...
| Phase space: ... success.
| Phase space: writing configuration file 'smtest_17_3.i1.phs'
| ------------------------------------------------------------------------
| Process [scattering]: 'smtest_17_3'
|   Library name  = 'smtest_17_lib'
|   Process index = 3
|   Process components:
|     1: 'smtest_17_3_i1':   gl, gl => t, tbar, t, tbar [omega]
| ------------------------------------------------------------------------
| Phase space: 128 channels, 8 dimensions
| Phase space: found 128 channels, collected in 4 groves.
| Phase space: Using 672 equivalences between channels.
| Phase space: wood
Warning: No cuts have been defined.
| Using user-defined general scale.
| Starting integration for process 'smtest_17_3'
| Integrate: iterations = 1:1280
| Integrator: 4 chains, 128 channels, 8 dimensions
| Integrator: Using VAMP channel equivalences
| Integrator: 1280 initial calls, 20 bins, stratified = T
| Integrator: VAMP
|=============================================================================|
| It      Calls  Integral[fb]  Error[fb]   Err[%]    Acc  Eff[%]   Chi2 N[It] |
|=============================================================================|
   1       1280     7.087E+00   7.98E-01   11.26    4.03    15.0
|-----------------------------------------------------------------------------|
   1       1280     7.087E+00   7.98E-01   11.26    4.03    15.0
|=============================================================================|
| Summary of value checks:
|   Failures: 0 / Total: 1
| There were no errors and    4 warning(s).
| WHIZARD run finished.
|=============================================================================|
