?openmp_logging = false
?vis_history = false
?integration_timer = false
?rebuild_events = false
$method = "unit_test"
| Process library 'testproc_4_lib': recorded process 'testproc_4_p1'
seed = 0
| Process library 'testproc_4_lib': compiling ...
| Process library 'testproc_4_lib': ... success.
$phs_method = "single"
$integration_method = "midpoint"
sqrts =  1.000000000000E+03
| RNG: Initializing TAO random-number generator
| RNG: Setting seed for random-number generator to 0
| Initializing integration for process testproc_4_p1:
| Beam structure: [any particles]
| Beam data (collision):
|   s  (mass = 1.2500000E+02 GeV)
|   s  (mass = 1.2500000E+02 GeV)
|   sqrts = 1.000000000000E+03 GeV
| ------------------------------------------------------------------------
| Process [scattering]: 'testproc_4_p1'
|   Library name  = 'testproc_4_lib'
|   Process index = 1
|   Process components:
|     1: 'testproc_4_p1_i1':   s, s => s, s [unit_test]
| ------------------------------------------------------------------------
| Phase space: 1 channels, 2 dimensions
| Phase space: single-particle
Warning: No cuts have been defined.
| Starting integration for process 'testproc_4_p1'
| Integrate: iterations = 1:1000
| Integrator: 1 channels, 2 dimensions
| Integrator: Midpoint rule: 1 binned dimensions
|=============================================================================|
| It      Calls  Integral[fb]  Error[fb]   Err[%]    Acc  Eff[%]   Chi2 N[It] |
|=============================================================================|
   1       1000  7.7464622E+03  0.00E+00    0.00    0.00*  96.82
|-----------------------------------------------------------------------------|
   1       1000  7.7464622E+03  0.00E+00    0.00    0.00   96.82
|=============================================================================|
?read_raw = false
?write_raw = true
n_events = 1
| Starting simulation for process 'testproc_4_p1'
| RNG: Initializing TAO random-number generator
| RNG: Setting seed for random-number generator to 1
| Simulation: requested number of events = 1
|             corr. to luminosity [fb-1] =   1.2909E-04
| Events: writing to raw file 'testproc_4_p1.evx'
| Events: generating 1 unweighted, unpolarized events ...
| Events: event normalization mode '1'
|         ... event sample complete.
| Events: actual unweighting efficiency = 100.00 %
| Events: closing raw file 'testproc_4_p1.evx'
?read_raw = true
?write_raw = true
n_events = 1
| Starting simulation for process 'testproc_4_p1'
| RNG: Initializing TAO random-number generator
| RNG: Setting seed for random-number generator to 2
| Simulation: requested number of events = 1
|             corr. to luminosity [fb-1] =   1.2909E-04
| Events: reading from raw file 'testproc_4_p1.evx'
| Events: reading 1 unweighted, unpolarized events ...
| Events: event normalization mode '1'
|         ... event sample complete.
| Events: closing raw file 'testproc_4_p1.evx'
?read_raw = true
?write_raw = true
n_events = 2
| Starting simulation for process 'testproc_4_p1'
| RNG: Initializing TAO random-number generator
| RNG: Setting seed for random-number generator to 3
| Simulation: requested number of events = 2
|             corr. to luminosity [fb-1] =   2.5818E-04
| Events: reading from raw file 'testproc_4_p1.evx'
| Events: reading 2 unweighted, unpolarized events ...
| Events: event normalization mode '1'
| ... event file terminates after 1 events.
| Events: appending to raw file 'testproc_4_p1.evx'
| Generating remaining  1 events ...
|         ... event sample complete.
| Events: actual unweighting efficiency = 100.00 %
| Events: closing raw file 'testproc_4_p1.evx'
?read_raw = false
?write_raw = false
n_events = 1
| Starting simulation for process 'testproc_4_p1'
| RNG: Initializing TAO random-number generator
| RNG: Setting seed for random-number generator to 4
| Simulation: requested number of events = 1
|             corr. to luminosity [fb-1] =   1.2909E-04
| Events: generating 1 unweighted, unpolarized events ...
| Events: event normalization mode '1'
|         ... event sample complete.
| Events: actual unweighting efficiency = 100.00 %
?read_raw = true
?write_raw = false
n_events = 2
| Starting simulation for process 'testproc_4_p1'
| RNG: Initializing TAO random-number generator
| RNG: Setting seed for random-number generator to 5
| Simulation: requested number of events = 2
|             corr. to luminosity [fb-1] =   2.5818E-04
| Events: reading from raw file 'testproc_4_p1.evx'
| Events: reading 2 unweighted, unpolarized events ...
| Events: event normalization mode '1'
|         ... event sample complete.
| Events: closing raw file 'testproc_4_p1.evx'
| There were no errors and    1 warning(s).
| WHIZARD run finished.
|=============================================================================|
