?openmp_logging = false
?vis_history = false
?integration_timer = false
?write_raw = false
seed = 0
| Process library 'stdhep_2_lib': recorded process 'stdhep_2_p'
sqrts =  1.000000000000E+03
openmp_num_threads = 1
| Integrate: current process library needs compilation
| Process library 'stdhep_2_lib': compiling ...
| Process library 'stdhep_2_lib': writing makefile
| Process library 'stdhep_2_lib': removing old files
| Process library 'stdhep_2_lib': writing driver
| Process library 'stdhep_2_lib': creating source code
| Process library 'stdhep_2_lib': compiling sources
| Process library 'stdhep_2_lib': linking
| Process library 'stdhep_2_lib': loading
| Process library 'stdhep_2_lib': ... success.
| Integrate: compilation done
| RNG: Initializing TAO random-number generator
| RNG: Setting seed for random-number generator to 0
| Initializing integration for process stdhep_2_p:
| Beam structure: [any particles]
| Beam data (collision):
|   u     (mass = 0.0000000E+00 GeV)
|   ubar  (mass = 0.0000000E+00 GeV)
|   sqrts = 1.000000000000E+03 GeV
| Phase space: generating configuration ...
| Phase space: ... success.
| Phase space: writing configuration file 'stdhep_2_p.i1.phs'
| ------------------------------------------------------------------------
| Process [scattering]: 'stdhep_2_p'
|   Library name  = 'stdhep_2_lib'
|   Process index = 1
|   Process components:
|     1: 'stdhep_2_p_i1':   u, ubar => gl, gl [omega]
| ------------------------------------------------------------------------
| Phase space: 5 channels, 2 dimensions
| Phase space: found 5 channels, collected in 2 groves.
| Phase space: Using 18 equivalences between channels.
| Phase space: wood
Warning: No cuts have been defined.
| Starting integration for process 'stdhep_2_p'
| Integrate: iterations = 1:100
| Integrator: 2 chains, 5 channels, 2 dimensions
| Integrator: Using VAMP channel equivalences
| Integrator: 100 initial calls, 20 bins, stratified = T
| Integrator: VAMP
|=============================================================================|
| It      Calls  Integral[fb]  Error[fb]   Err[%]    Acc  Eff[%]   Chi2 N[It] |
|=============================================================================|
   1        100  1.9224662E+05  1.62E+04    8.40    0.84*  28.94
|-----------------------------------------------------------------------------|
   1        100  1.9224662E+05  1.62E+04    8.40    0.84   28.94
|=============================================================================|
n_events = 1
| Starting simulation for process 'stdhep_2_p'
| Simulate: using integration grids from file 'stdhep_2_p.m1.vg'
| RNG: Initializing TAO random-number generator
| RNG: Setting seed for random-number generator to 1
| Simulation: requested number of events = 1
|             corr. to luminosity [fb-1] =   5.2017E-06
| Events: writing to STDHEP file 'stdhep_2_p.up.hep'
| Events: generating 1 unweighted, unpolarized events ...
| Events: event normalization mode '1'
|         ... event sample complete.
| Events: actual unweighting efficiency =  50.00 %
| Events: closing STDHEP file 'stdhep_2_p.up.hep'
| There were no errors and    1 warning(s).
| WHIZARD run finished.
|=============================================================================|
