?openmp_logging = false
?vis_history = false
?integration_timer = false
$method = "omega"
| Process library 'circe1_photons_1_lib': recorded process 'circe1_photons_1_p1'
| Process library 'circe1_photons_1_lib': recorded process 'circe1_photons_1_p2'
| Process library 'circe1_photons_1_lib': recorded process 'circe1_photons_1_p3'
| Process library 'circe1_photons_1_lib': recorded process 'circe1_photons_1_p4'
seed = 0
| Process library 'circe1_photons_1_lib': compiling ...
| Process library 'circe1_photons_1_lib': writing makefile
| Process library 'circe1_photons_1_lib': removing old files
| Process library 'circe1_photons_1_lib': writing driver
| Process library 'circe1_photons_1_lib': creating source code
| Process library 'circe1_photons_1_lib': compiling sources
| Process library 'circe1_photons_1_lib': linking
| Process library 'circe1_photons_1_lib': loading
| Process library 'circe1_photons_1_lib': ... success.
$phs_method = "wood"
$integration_method = "vamp"
sqrts =  5.000000000000E+02
openmp_num_threads = 1
[user variable] n = 1000
| RNG: Initializing TAO random-number generator
| RNG: Setting seed for random-number generator to 0
| Initializing integration for process circe1_photons_1_p1:
| Beam structure: [any particles]
| Beam data (collision):
|   A  (mass = 0.0000000E+00 GeV)
|   A  (mass = 0.0000000E+00 GeV)
|   sqrts = 5.000000000000E+02 GeV
| Phase space: generating configuration ...
| Phase space: ... success.
| Phase space: writing configuration file 'circe1_photons_1_p1.i1.phs'
| ------------------------------------------------------------------------
| Process [scattering]: 'circe1_photons_1_p1'
|   Library name  = 'circe1_photons_1_lib'
|   Process index = 1
|   Process components:
|     1: 'circe1_photons_1_p1_i1':   A, A => m-, m+ [omega]
| ------------------------------------------------------------------------
| Phase space: 4 channels, 2 dimensions
| Phase space: found 4 channels, collected in 1 grove.
| Phase space: Using 8 equivalences between channels.
| Phase space: wood
| Applying user-defined cuts.
| Starting integration for process 'circe1_photons_1_p1'
| Integrate: iterations = 3:1000:"g", 3:1000
| Integrator: 1 chains, 4 channels, 2 dimensions
| Integrator: Using VAMP channel equivalences
| Integrator: 1000 initial calls, 20 bins, stratified = T
| Integrator: VAMP
|=============================================================================|
| It      Calls  Integral[fb]  Error[fb]   Err[%]    Acc  Eff[%]   Chi2 N[It] |
|=============================================================================|
   1        800  7.2013796E+03  8.03E+01    1.12    0.32*  59.65
   2        800  7.1156829E+03  7.28E+01    1.02    0.29*  25.90
   3        800  7.1457172E+03  5.40E+01    0.76    0.21*  40.03
|-----------------------------------------------------------------------------|
   3       2400  7.1500260E+03  3.81E+01    0.53    0.26   40.03    0.32   3
|-----------------------------------------------------------------------------|
   4        800  7.1750086E+03  4.75E+01    0.66    0.19*  40.14
   5        800  7.0045848E+03  5.01E+01    0.71    0.20   39.19
   6        800  7.1951189E+03  5.08E+01    0.71    0.20*  40.12
|-----------------------------------------------------------------------------|
   6       2400  7.1260940E+03  2.85E+01    0.40    0.20   40.12    4.40   3
|=============================================================================|
epa_x_min =  1.000000000000E-01
epa_mass =  5.110000000000E-04
| RNG: Initializing TAO random-number generator
| RNG: Setting seed for random-number generator to 1
| Initializing integration for process circe1_photons_1_p2:
| Beam structure: e-, e+ => epa
| Beam data (collision):
|   e-  (mass = 5.1100000E-04 GeV)
|   e+  (mass = 5.1100000E-04 GeV)
|   sqrts = 5.000000000000E+02 GeV
| Phase space: generating configuration ...
| Phase space: ... success.
| Phase space: writing configuration file 'circe1_photons_1_p2.i1.phs'
| ------------------------------------------------------------------------
| Process [scattering]: 'circe1_photons_1_p2'
|   Library name  = 'circe1_photons_1_lib'
|   Process index = 2
|   Process components:
|     1: 'circe1_photons_1_p2_i1':   A, A => m-, m+ [omega]
| ------------------------------------------------------------------------
| Phase space: 4 channels, 2 dimensions
| Phase space: found 4 channels, collected in 1 grove.
| Phase space: Using 8 equivalences between channels.
| Phase space: wood
| Beam structure: epa, none => none, epa
| Beam structure: 1 channels, 2 dimensions
| Applying user-defined cuts.
| Starting integration for process 'circe1_photons_1_p2'
| Integrate: iterations = 5:1000:"g", 3:1000
| Integrator: 1 chains, 4 channels, 4 dimensions
| Integrator: Using VAMP channel equivalences
| Integrator: 1000 initial calls, 20 bins, stratified = T
| Integrator: VAMP
|=============================================================================|
| It      Calls  Integral[fb]  Error[fb]   Err[%]    Acc  Eff[%]   Chi2 N[It] |
|=============================================================================|
   1       1000  6.5293943E+02  2.49E+01    3.81    1.21*  14.29
   2       1000  6.4337581E+02  9.66E+00    1.50    0.47*  40.22
   3       1000  6.3169751E+02  9.32E+00    1.48    0.47*  36.53
   4       1000  6.3418223E+02  9.34E+00    1.47    0.47*  32.71
   5       1000  6.1042585E+02  9.23E+00    1.51    0.48   43.61
|-----------------------------------------------------------------------------|
   5       5000  6.3038741E+02  4.61E+00    0.73    0.52   43.61    1.87   5
|-----------------------------------------------------------------------------|
   6       1000  6.2481366E+02  9.50E+00    1.52    0.48   33.80
   7       1000  6.1894270E+02  9.40E+00    1.52    0.48*  32.42
   8       1000  6.3193035E+02  9.26E+00    1.46    0.46*  33.00
|-----------------------------------------------------------------------------|
   8       3000  6.2530116E+02  5.42E+00    0.87    0.47   33.00    0.49   3
|=============================================================================|
$circe1_acc = "TESLA"
circe1_chat = 2
?circe1_generate = true
| RNG: Initializing TAO random-number generator
| RNG: Setting seed for random-number generator to 2
| Initializing integration for process circe1_photons_1_p3:
| Beam structure: e-, e+ => circe1 => epa
| Beam data (collision):
|   e-  (mass = 5.1100000E-04 GeV)
|   e+  (mass = 5.1100000E-04 GeV)
|   sqrts = 5.000000000000E+02 GeV
| CIRCE1: activating generator mode
| RNG: Initializing TAO random-number generator
| RNG: Setting seed for random-number generator to 3
| Phase space: generating configuration ...
| Phase space: ... success.
| Phase space: writing configuration file 'circe1_photons_1_p3.i1.phs'
| ------------------------------------------------------------------------
| Process [scattering]: 'circe1_photons_1_p3'
|   Library name  = 'circe1_photons_1_lib'
|   Process index = 3
|   Process components:
|     1: 'circe1_photons_1_p3_i1':   A, A => m-, m+ [omega]
| ------------------------------------------------------------------------
| Phase space: 4 channels, 2 dimensions
| Phase space: found 4 channels, collected in 1 grove.
| Phase space: Using 8 equivalences between channels.
| Phase space: wood
| Beam structure: circe1 => epa, none => none, epa
| Beam structure: 1 channels, 2 dimensions
| Applying user-defined cuts.
| Starting integration for process 'circe1_photons_1_p3'
| Integrate: iterations = 5:1000:"g", 3:1000
| Integrator: 1 chains, 4 channels, 4 dimensions
| Integrator: Using VAMP channel equivalences
| Integrator: 1000 initial calls, 20 bins, stratified = T
| Integrator: VAMP
|=============================================================================|
| It      Calls  Integral[fb]  Error[fb]   Err[%]    Acc  Eff[%]   Chi2 N[It] |
|=============================================================================|
   1       1000  5.9763043E+02  2.32E+01    3.88    1.23*  15.24
   2       1000  6.4856263E+02  1.05E+01    1.63    0.51*  40.37
   3       1000  6.5090899E+02  9.39E+00    1.44    0.46*  31.46
   4       1000  6.4671784E+02  9.80E+00    1.52    0.48   26.66
   5       1000  6.4818885E+02  9.10E+00    1.40    0.44*  41.39
|-----------------------------------------------------------------------------|
   5       5000  6.4650924E+02  4.73E+00    0.73    0.52   41.39    1.18   5
|-----------------------------------------------------------------------------|
   6       1000  6.3913110E+02  9.25E+00    1.45    0.46   33.12
   7       1000  6.4761237E+02  9.09E+00    1.40    0.44*  31.17
   8       1000  6.4069364E+02  8.90E+00    1.39    0.44*  30.84
|-----------------------------------------------------------------------------|
   8       3000  6.4248925E+02  5.24E+00    0.82    0.45   30.84    0.25   3
|=============================================================================|
[user variable] n = 1000
?circe1_photon1 = true
?circe1_photon2 = true
| RNG: Initializing TAO random-number generator
| RNG: Setting seed for random-number generator to 4
| Initializing integration for process circe1_photons_1_p4:
| Beam structure: e-, e+ => circe1
| Beam data (collision):
|   e-  (mass = 5.1100000E-04 GeV)
|   e+  (mass = 5.1100000E-04 GeV)
|   sqrts = 5.000000000000E+02 GeV
| CIRCE1: activating generator mode
| RNG: Initializing TAO random-number generator
| RNG: Setting seed for random-number generator to 5
| Phase space: generating configuration ...
| Phase space: ... success.
| Phase space: writing configuration file 'circe1_photons_1_p4.i1.phs'
| ------------------------------------------------------------------------
| Process [scattering]: 'circe1_photons_1_p4'
|   Library name  = 'circe1_photons_1_lib'
|   Process index = 4
|   Process components:
|     1: 'circe1_photons_1_p4_i1':   A, A => m-, m+ [omega]
| ------------------------------------------------------------------------
| Phase space: 4 channels, 2 dimensions
| Phase space: found 4 channels, collected in 1 grove.
| Phase space: Using 8 equivalences between channels.
| Phase space: wood
| Beam structure: circe1
| Beam structure: 1 channels, 0 dimensions
| Applying user-defined cuts.
| Starting integration for process 'circe1_photons_1_p4'
| Integrate: iterations = 5:1000:"g", 3:1000
| Integrator: 1 chains, 4 channels, 2 dimensions
| Integrator: Using VAMP channel equivalences
| Integrator: 1000 initial calls, 20 bins, stratified = T
| Integrator: VAMP
|=============================================================================|
| It      Calls  Integral[fb]  Error[fb]   Err[%]    Acc  Eff[%]   Chi2 N[It] |
|=============================================================================|
   1        800  7.9004458E+03  2.81E+03   35.63   10.08*   0.94
   2        800  2.1176515E+03  1.09E+03   51.28   14.50    0.60
   3        800  4.3831108E+03  1.44E+03   32.75    9.26*   1.08
   4        800  7.8541264E+03  3.94E+03   50.13   14.18    0.71
   5        800  4.7989410E+03  2.04E+03   42.52   12.03*   0.77
|-----------------------------------------------------------------------------|
   5       4000  3.7294400E+03  7.53E+02   20.19   12.77    0.77    1.49   5
|-----------------------------------------------------------------------------|
   6        800  5.0242330E+03  2.61E+03   52.04   14.72    0.55
   7        800  8.7251882E+03  2.77E+03   31.71    8.97*   0.73
   8        800  5.0432242E+03  2.13E+03   42.15   11.92    0.42
|-----------------------------------------------------------------------------|
   8       2400  6.0030746E+03  1.42E+03   23.60   11.56    0.42    0.66   3
|=============================================================================|
| WHIZARD run finished.
|=============================================================================|
