?openmp_logging = false
?vis_history = false
?integration_timer = false
?phs_s_mapping = false
[user variable] q = PDG(2, 1, 3)
[user variable] Q = PDG(-2, -1, -3)
[user variable] lepton = PDG(11, 13, 15, -11, -13, -15)
seed = 0
$method = "omega"
| Process library 'pdf_builtin_1_lib': recorded process 'pdf_builtin_1_p'
| Process library 'pdf_builtin_1_lib': recorded process 'pdf_builtin_2_p'
| Process library 'pdf_builtin_lib': compiling ...
| Process library 'pdf_builtin_lib': ... success.
| Process library 'pdf_builtin_1_lib': compiling ...
| Process library 'pdf_builtin_1_lib': writing makefile
| Process library 'pdf_builtin_1_lib': removing old files
| Process library 'pdf_builtin_1_lib': writing driver
| Process library 'pdf_builtin_1_lib': creating source code
| Process library 'pdf_builtin_1_lib': compiling sources
| Process library 'pdf_builtin_1_lib': linking
| Process library 'pdf_builtin_1_lib': loading
| Process library 'pdf_builtin_1_lib': ... success.
SM.ms =>  0.000000000000E+00
SM.me =>  0.000000000000E+00
SM.mmu =>  0.000000000000E+00
$phs_method = "wood"
$integration_method = "vamp"
sqrts =  1.000000000000E+03
openmp_num_threads = 1
| RNG: Initializing TAO random-number generator
| RNG: Setting seed for random-number generator to 0
| Initializing integration for process pdf_builtin_1_p:
| Beam structure: u, ubar
| Beam data (collision):
|   u     (mass = 0.0000000E+00 GeV)
|   ubar  (mass = 0.0000000E+00 GeV)
|   sqrts = 1.000000000000E+03 GeV
| Phase space: generating configuration ...
| Phase space: ... success.
| Phase space: writing configuration file 'pdf_builtin_1_p.i1.phs'
| ------------------------------------------------------------------------
| Process [scattering]: 'pdf_builtin_1_p'
|   Library name  = 'pdf_builtin_1_lib'
|   Process index = 1
|   Process components:
|     1: 'pdf_builtin_1_p_i1':   u:d:s, ubar:dbar:sbar => mu-, mu+ [omega]
| ------------------------------------------------------------------------
| Phase space: 2 channels, 2 dimensions
| Phase space: found 2 channels, collected in 2 groves.
| Phase space: Using 2 equivalences between channels.
| Phase space: wood
| Applying user-defined cuts.
| Starting integration for process 'pdf_builtin_1_p'
| Integrate: iterations = 4:500:"gw", 2:500
| Integrator: 2 chains, 2 channels, 2 dimensions
| Integrator: Using VAMP channel equivalences
| Integrator: 500 initial calls, 20 bins, stratified = T
| Integrator: VAMP
|=============================================================================|
| It      Calls  Integral[fb]  Error[fb]   Err[%]    Acc  Eff[%]   Chi2 N[It] |
|=============================================================================|
   1        400  1.8321997E+01  2.98E-01    1.63    0.33*  35.80
   2        400  1.8828751E+01  1.70E-01    0.90    0.18*  40.76
   3        400  1.8682775E+01  1.30E-01    0.70    0.14*  53.32
   4        400  1.8636496E+01  1.06E-01    0.57    0.11*  40.51
|-----------------------------------------------------------------------------|
   4       1600  1.8666882E+01  7.19E-02    0.39    0.15   40.51    0.78   4
|-----------------------------------------------------------------------------|
   5        400  1.8881752E+01  1.31E-01    0.69    0.14   40.70
   6        400  1.8558177E+01  1.27E-01    0.68    0.14*  39.83
|-----------------------------------------------------------------------------|
   6        800  1.8715083E+01  9.12E-02    0.49    0.14   39.83    3.14   2
|=============================================================================|
$pdf_builtin_set = "cteq6l"
| RNG: Initializing TAO random-number generator
| RNG: Setting seed for random-number generator to 1
| Initializing integration for process pdf_builtin_1_p:
| Beam structure: p, p => pdf_builtin
| Beam data (collision):
|   p  (mass = 0.0000000E+00 GeV)
|   p  (mass = 0.0000000E+00 GeV)
|   sqrts = 1.000000000000E+03 GeV
| Initialized builtin PDF CTEQ6L
| Phase space: generating configuration ...
| Phase space: ... success.
| Phase space: writing configuration file 'pdf_builtin_1_p.i1.phs'
| ------------------------------------------------------------------------
| Process [scattering]: 'pdf_builtin_1_p'
|   Library name  = 'pdf_builtin_1_lib'
|   Process index = 1
|   Process components:
|     1: 'pdf_builtin_1_p_i1':   u:d:s, ubar:dbar:sbar => mu-, mu+ [omega]
| ------------------------------------------------------------------------
| Phase space: 2 channels, 2 dimensions
| Phase space: found 2 channels, collected in 2 groves.
| Phase space: Using 2 equivalences between channels.
| Phase space: wood
| Beam structure: pdf_builtin, none => none, pdf_builtin
| Beam structure: 1 channels, 2 dimensions
| Applying user-defined cuts.
| Starting integration for process 'pdf_builtin_1_p'
| Integrate: iterations = 4:500:"gw", 2:500
| Integrator: 2 chains, 2 channels, 4 dimensions
| Integrator: Using VAMP channel equivalences
| Integrator: 500 initial calls, 20 bins, stratified = T
| Integrator: VAMP
|=============================================================================|
| It      Calls  Integral[fb]  Error[fb]   Err[%]    Acc  Eff[%]   Chi2 N[It] |
|=============================================================================|
   1        500  1.0289901E+00  2.67E-01   25.95    5.80*   1.50
   2        499  1.5389851E+00  1.45E-01    9.41    2.10*   7.00
   3        498  1.6947237E+00  8.32E-02    4.91    1.10*  14.36
   4        497  1.8264951E+00  9.45E-02    5.17    1.15   11.07
|-----------------------------------------------------------------------------|
   4       1994  1.6884026E+00  5.61E-02    3.32    1.48   11.07    3.10   4
|-----------------------------------------------------------------------------|
   5        497  1.7911732E+00  9.61E-02    5.36    1.20    7.49
   6        497  1.6593299E+00  7.87E-02    4.74    1.06*   6.94
|-----------------------------------------------------------------------------|
   6        994  1.7122737E+00  6.09E-02    3.56    1.12    6.94    1.13   2
|=============================================================================|
$pdf_builtin_set = "mstw2008lo"
| RNG: Initializing TAO random-number generator
| RNG: Setting seed for random-number generator to 2
| Initializing integration for process pdf_builtin_1_p:
| Beam structure: p, p => pdf_builtin
| Beam data (collision):
|   p  (mass = 0.0000000E+00 GeV)
|   p  (mass = 0.0000000E+00 GeV)
|   sqrts = 1.000000000000E+03 GeV
| Initialized builtin PDF MSTW2008LO
| Phase space: generating configuration ...
| Phase space: ... success.
| Phase space: writing configuration file 'pdf_builtin_1_p.i1.phs'
| ------------------------------------------------------------------------
| Process [scattering]: 'pdf_builtin_1_p'
|   Library name  = 'pdf_builtin_1_lib'
|   Process index = 1
|   Process components:
|     1: 'pdf_builtin_1_p_i1':   u:d:s, ubar:dbar:sbar => mu-, mu+ [omega]
| ------------------------------------------------------------------------
| Phase space: 2 channels, 2 dimensions
| Phase space: found 2 channels, collected in 2 groves.
| Phase space: Using 2 equivalences between channels.
| Phase space: wood
| Beam structure: pdf_builtin, none => none, pdf_builtin
| Beam structure: 1 channels, 2 dimensions
| Applying user-defined cuts.
| Starting integration for process 'pdf_builtin_1_p'
| Integrate: iterations = 4:500:"gw", 2:500
| Integrator: 2 chains, 2 channels, 4 dimensions
| Integrator: Using VAMP channel equivalences
| Integrator: 500 initial calls, 20 bins, stratified = T
| Integrator: VAMP
|=============================================================================|
| It      Calls  Integral[fb]  Error[fb]   Err[%]    Acc  Eff[%]   Chi2 N[It] |
|=============================================================================|
   1        500  1.1880877E+00  5.55E-01   46.70   10.44*   0.75
   2        499  1.7294095E+00  1.56E-01    9.03    2.02*   5.67
   3        498  1.7268042E+00  9.93E-02    5.75    1.28*  10.16
   4        497  1.7156684E+00  8.15E-02    4.75    1.06*  16.39
|-----------------------------------------------------------------------------|
   4       1994  1.7155968E+00  5.81E-02    3.39    1.51   16.39    0.31   4
|-----------------------------------------------------------------------------|
   5        497  1.8369997E+00  9.31E-02    5.07    1.13   11.18
   6        497  1.7518523E+00  9.22E-02    5.26    1.17   10.67
|-----------------------------------------------------------------------------|
   6        994  1.7939895E+00  6.55E-02    3.65    1.15   10.67    0.42   2
|=============================================================================|
$pdf_builtin_set = "mstw2008nlo"
| RNG: Initializing TAO random-number generator
| RNG: Setting seed for random-number generator to 3
| Initializing integration for process pdf_builtin_1_p:
| Beam structure: p, p => pdf_builtin
| Beam data (collision):
|   p  (mass = 0.0000000E+00 GeV)
|   p  (mass = 0.0000000E+00 GeV)
|   sqrts = 1.000000000000E+03 GeV
| Initialized builtin PDF MSTW2008NLO
| Phase space: generating configuration ...
| Phase space: ... success.
| Phase space: writing configuration file 'pdf_builtin_1_p.i1.phs'
| ------------------------------------------------------------------------
| Process [scattering]: 'pdf_builtin_1_p'
|   Library name  = 'pdf_builtin_1_lib'
|   Process index = 1
|   Process components:
|     1: 'pdf_builtin_1_p_i1':   u:d:s, ubar:dbar:sbar => mu-, mu+ [omega]
| ------------------------------------------------------------------------
| Phase space: 2 channels, 2 dimensions
| Phase space: found 2 channels, collected in 2 groves.
| Phase space: Using 2 equivalences between channels.
| Phase space: wood
| Beam structure: pdf_builtin, none => none, pdf_builtin
| Beam structure: 1 channels, 2 dimensions
| Applying user-defined cuts.
| Starting integration for process 'pdf_builtin_1_p'
| Integrate: iterations = 4:500:"gw", 2:500
| Integrator: 2 chains, 2 channels, 4 dimensions
| Integrator: Using VAMP channel equivalences
| Integrator: 500 initial calls, 20 bins, stratified = T
| Integrator: VAMP
|=============================================================================|
| It      Calls  Integral[fb]  Error[fb]   Err[%]    Acc  Eff[%]   Chi2 N[It] |
|=============================================================================|
   1        500  1.4521330E+00  3.77E-01   25.96    5.81*   1.79
   2        499  1.6921136E+00  1.63E-01    9.66    2.16*   5.64
   3        498  1.6653622E+00  9.62E-02    5.78    1.29*   7.33
   4        497  1.6425744E+00  1.07E-01    6.53    1.46    8.71
|-----------------------------------------------------------------------------|
   4       1994  1.6550091E+00  6.46E-02    3.91    1.74    8.71    0.12   4
|-----------------------------------------------------------------------------|
   5        497  1.5526409E+00  7.47E-02    4.81    1.07*   8.24
   6        497  1.5904078E+00  7.61E-02    4.78    1.07*   8.44
|-----------------------------------------------------------------------------|
   6        994  1.5711731E+00  5.33E-02    3.39    1.07    8.44    0.13   2
|=============================================================================|
$pdf_builtin_set = "mstw2008nnlo"
| RNG: Initializing TAO random-number generator
| RNG: Setting seed for random-number generator to 4
| Initializing integration for process pdf_builtin_1_p:
| Beam structure: p, p => pdf_builtin
| Beam data (collision):
|   p  (mass = 0.0000000E+00 GeV)
|   p  (mass = 0.0000000E+00 GeV)
|   sqrts = 1.000000000000E+03 GeV
| Initialized builtin PDF MSTW2008NNLO
| Phase space: generating configuration ...
| Phase space: ... success.
| Phase space: writing configuration file 'pdf_builtin_1_p.i1.phs'
| ------------------------------------------------------------------------
| Process [scattering]: 'pdf_builtin_1_p'
|   Library name  = 'pdf_builtin_1_lib'
|   Process index = 1
|   Process components:
|     1: 'pdf_builtin_1_p_i1':   u:d:s, ubar:dbar:sbar => mu-, mu+ [omega]
| ------------------------------------------------------------------------
| Phase space: 2 channels, 2 dimensions
| Phase space: found 2 channels, collected in 2 groves.
| Phase space: Using 2 equivalences between channels.
| Phase space: wood
| Beam structure: pdf_builtin, none => none, pdf_builtin
| Beam structure: 1 channels, 2 dimensions
| Applying user-defined cuts.
| Starting integration for process 'pdf_builtin_1_p'
| Integrate: iterations = 4:500:"gw", 2:500
| Integrator: 2 chains, 2 channels, 4 dimensions
| Integrator: Using VAMP channel equivalences
| Integrator: 500 initial calls, 20 bins, stratified = T
| Integrator: VAMP
|=============================================================================|
| It      Calls  Integral[fb]  Error[fb]   Err[%]    Acc  Eff[%]   Chi2 N[It] |
|=============================================================================|
   1        500  2.2132140E+00  8.52E-01   38.50    8.61*   1.07
   2        499  1.8511677E+00  1.49E-01    8.07    1.80*   7.67
   3        498  1.5390988E+00  8.55E-02    5.56    1.24*  13.79
   4        497  1.6992156E+00  1.48E-01    8.70    1.94    5.13
|-----------------------------------------------------------------------------|
   4       1994  1.6363962E+00  6.61E-02    4.04    1.80    5.13    1.33   4
|-----------------------------------------------------------------------------|
   5        497  1.6264232E+00  8.16E-02    5.01    1.12*   4.91
   6        497  1.7014429E+00  1.20E-01    7.06    1.57    3.55
|-----------------------------------------------------------------------------|
   6        994  1.6501017E+00  6.75E-02    4.09    1.29    3.55    0.27   2
|=============================================================================|
$pdf_builtin_set = "ct10"
| RNG: Initializing TAO random-number generator
| RNG: Setting seed for random-number generator to 5
| Initializing integration for process pdf_builtin_1_p:
| Beam structure: p, p => pdf_builtin
| Beam data (collision):
|   p  (mass = 0.0000000E+00 GeV)
|   p  (mass = 0.0000000E+00 GeV)
|   sqrts = 1.000000000000E+03 GeV
| Initialized builtin PDF CT10
| Phase space: generating configuration ...
| Phase space: ... success.
| Phase space: writing configuration file 'pdf_builtin_1_p.i1.phs'
| ------------------------------------------------------------------------
| Process [scattering]: 'pdf_builtin_1_p'
|   Library name  = 'pdf_builtin_1_lib'
|   Process index = 1
|   Process components:
|     1: 'pdf_builtin_1_p_i1':   u:d:s, ubar:dbar:sbar => mu-, mu+ [omega]
| ------------------------------------------------------------------------
| Phase space: 2 channels, 2 dimensions
| Phase space: found 2 channels, collected in 2 groves.
| Phase space: Using 2 equivalences between channels.
| Phase space: wood
| Beam structure: pdf_builtin, none => none, pdf_builtin
| Beam structure: 1 channels, 2 dimensions
| Applying user-defined cuts.
| Starting integration for process 'pdf_builtin_1_p'
| Integrate: iterations = 4:500:"gw", 2:500
| Integrator: 2 chains, 2 channels, 4 dimensions
| Integrator: Using VAMP channel equivalences
| Integrator: 500 initial calls, 20 bins, stratified = T
| Integrator: VAMP
|=============================================================================|
| It      Calls  Integral[fb]  Error[fb]   Err[%]    Acc  Eff[%]   Chi2 N[It] |
|=============================================================================|
   1        500  1.3862192E+00  3.57E-01   25.78    5.76*   2.38
   2        499  1.3203714E+00  1.15E-01    8.72    1.95*   8.18
   3        498  1.4726542E+00  7.75E-02    5.26    1.17*  13.45
   4        497  1.4785343E+00  8.04E-02    5.44    1.21   10.57
|-----------------------------------------------------------------------------|
   4       1994  1.4448402E+00  4.97E-02    3.44    1.54   10.57    0.50   4
|-----------------------------------------------------------------------------|
   5        497  1.5258851E+00  8.23E-02    5.39    1.20*   9.58
   6        497  1.5517191E+00  8.03E-02    5.17    1.15*   8.72
|-----------------------------------------------------------------------------|
   6        994  1.5391235E+00  5.75E-02    3.73    1.18    8.72    0.05   2
|=============================================================================|
$pdf_builtin_set = "CJ12_max"
| RNG: Initializing TAO random-number generator
| RNG: Setting seed for random-number generator to 6
| Initializing integration for process pdf_builtin_1_p:
| Beam structure: p, p => pdf_builtin
| Beam data (collision):
|   p  (mass = 0.0000000E+00 GeV)
|   p  (mass = 0.0000000E+00 GeV)
|   sqrts = 1.000000000000E+03 GeV
| Initialized builtin PDF CJ12_max
| Phase space: generating configuration ...
| Phase space: ... success.
| Phase space: writing configuration file 'pdf_builtin_1_p.i1.phs'
| ------------------------------------------------------------------------
| Process [scattering]: 'pdf_builtin_1_p'
|   Library name  = 'pdf_builtin_1_lib'
|   Process index = 1
|   Process components:
|     1: 'pdf_builtin_1_p_i1':   u:d:s, ubar:dbar:sbar => mu-, mu+ [omega]
| ------------------------------------------------------------------------
| Phase space: 2 channels, 2 dimensions
| Phase space: found 2 channels, collected in 2 groves.
| Phase space: Using 2 equivalences between channels.
| Phase space: wood
| Beam structure: pdf_builtin, none => none, pdf_builtin
| Beam structure: 1 channels, 2 dimensions
| Applying user-defined cuts.
| Starting integration for process 'pdf_builtin_1_p'
| Integrate: iterations = 4:500:"gw", 2:500
| Integrator: 2 chains, 2 channels, 4 dimensions
| Integrator: Using VAMP channel equivalences
| Integrator: 500 initial calls, 20 bins, stratified = T
| Integrator: VAMP
|=============================================================================|
| It      Calls  Integral[fb]  Error[fb]   Err[%]    Acc  Eff[%]   Chi2 N[It] |
|=============================================================================|
   1        500  1.2717355E+00  3.39E-01   26.68    5.97*   1.36
   2        499  9.4645198E-01  8.85E-02    9.35    2.09*   5.82
   3        498  1.1891837E+00  6.73E-02    5.66    1.26*  15.10
   4        497  1.2733691E+00  6.17E-02    4.85    1.08*  14.52
|-----------------------------------------------------------------------------|
   4       1994  1.1759633E+00  4.02E-02    3.41    1.52   14.52    3.11   4
|-----------------------------------------------------------------------------|
   5        497  1.2810225E+00  5.97E-02    4.66    1.04*  14.24
   6        497  1.2185410E+00  5.99E-02    4.91    1.10   12.63
|-----------------------------------------------------------------------------|
   6        994  1.2498675E+00  4.23E-02    3.38    1.07   12.63    0.55   2
|=============================================================================|
$pdf_builtin_set = "CJ12_mid"
| RNG: Initializing TAO random-number generator
| RNG: Setting seed for random-number generator to 7
| Initializing integration for process pdf_builtin_1_p:
| Beam structure: p, p => pdf_builtin
| Beam data (collision):
|   p  (mass = 0.0000000E+00 GeV)
|   p  (mass = 0.0000000E+00 GeV)
|   sqrts = 1.000000000000E+03 GeV
| Initialized builtin PDF CJ12_mid
| Phase space: generating configuration ...
| Phase space: ... success.
| Phase space: writing configuration file 'pdf_builtin_1_p.i1.phs'
| ------------------------------------------------------------------------
| Process [scattering]: 'pdf_builtin_1_p'
|   Library name  = 'pdf_builtin_1_lib'
|   Process index = 1
|   Process components:
|     1: 'pdf_builtin_1_p_i1':   u:d:s, ubar:dbar:sbar => mu-, mu+ [omega]
| ------------------------------------------------------------------------
| Phase space: 2 channels, 2 dimensions
| Phase space: found 2 channels, collected in 2 groves.
| Phase space: Using 2 equivalences between channels.
| Phase space: wood
| Beam structure: pdf_builtin, none => none, pdf_builtin
| Beam structure: 1 channels, 2 dimensions
| Applying user-defined cuts.
| Starting integration for process 'pdf_builtin_1_p'
| Integrate: iterations = 4:500:"gw", 2:500
| Integrator: 2 chains, 2 channels, 4 dimensions
| Integrator: Using VAMP channel equivalences
| Integrator: 500 initial calls, 20 bins, stratified = T
| Integrator: VAMP
|=============================================================================|
| It      Calls  Integral[fb]  Error[fb]   Err[%]    Acc  Eff[%]   Chi2 N[It] |
|=============================================================================|
   1        500  1.4787550E+00  5.50E-01   37.20    8.32*   1.07
   2        499  1.2780163E+00  1.39E-01   10.87    2.43*   4.07
   3        498  1.1876599E+00  6.34E-02    5.34    1.19*  14.30
   4        497  1.2122686E+00  6.15E-02    5.07    1.13*   9.95
|-----------------------------------------------------------------------------|
   4       1994  1.2090507E+00  4.19E-02    3.47    1.55    9.95    0.20   4
|-----------------------------------------------------------------------------|
   5        497  1.0602654E+00  5.92E-02    5.58    1.24    8.59
   6        497  1.2087038E+00  7.25E-02    6.00    1.34    6.47
|-----------------------------------------------------------------------------|
   6        994  1.1196144E+00  4.59E-02    4.10    1.29    6.47    2.51   2
|=============================================================================|
$pdf_builtin_set = "CJ12_min"
| RNG: Initializing TAO random-number generator
| RNG: Setting seed for random-number generator to 8
| Initializing integration for process pdf_builtin_1_p:
| Beam structure: p, p => pdf_builtin
| Beam data (collision):
|   p  (mass = 0.0000000E+00 GeV)
|   p  (mass = 0.0000000E+00 GeV)
|   sqrts = 1.000000000000E+03 GeV
| Initialized builtin PDF CJ12_min
| Phase space: generating configuration ...
| Phase space: ... success.
| Phase space: writing configuration file 'pdf_builtin_1_p.i1.phs'
| ------------------------------------------------------------------------
| Process [scattering]: 'pdf_builtin_1_p'
|   Library name  = 'pdf_builtin_1_lib'
|   Process index = 1
|   Process components:
|     1: 'pdf_builtin_1_p_i1':   u:d:s, ubar:dbar:sbar => mu-, mu+ [omega]
| ------------------------------------------------------------------------
| Phase space: 2 channels, 2 dimensions
| Phase space: found 2 channels, collected in 2 groves.
| Phase space: Using 2 equivalences between channels.
| Phase space: wood
| Beam structure: pdf_builtin, none => none, pdf_builtin
| Beam structure: 1 channels, 2 dimensions
| Applying user-defined cuts.
| Starting integration for process 'pdf_builtin_1_p'
| Integrate: iterations = 4:500:"gw", 2:500
| Integrator: 2 chains, 2 channels, 4 dimensions
| Integrator: Using VAMP channel equivalences
| Integrator: 500 initial calls, 20 bins, stratified = T
| Integrator: VAMP
|=============================================================================|
| It      Calls  Integral[fb]  Error[fb]   Err[%]    Acc  Eff[%]   Chi2 N[It] |
|=============================================================================|
   1        500  9.0558388E-01  2.51E-01   27.68    6.19*   1.43
   2        499  1.2619626E+00  1.25E-01    9.90    2.21*   5.68
   3        498  1.1722549E+00  6.02E-02    5.14    1.15*  14.80
   4        497  1.1501006E+00  5.41E-02    4.70    1.05*  13.13
|-----------------------------------------------------------------------------|
   4       1994  1.1635616E+00  3.79E-02    3.25    1.45   13.13    0.59   4
|-----------------------------------------------------------------------------|
   5        497  1.2551941E+00  6.29E-02    5.01    1.12   12.16
   6        497  1.1622829E+00  5.41E-02    4.65    1.04*  10.66
|-----------------------------------------------------------------------------|
   6        994  1.2017602E+00  4.10E-02    3.41    1.08   10.66    1.25   2
|=============================================================================|
$pdf_builtin_set = "mmht2014lo"
| RNG: Initializing TAO random-number generator
| RNG: Setting seed for random-number generator to 9
| Initializing integration for process pdf_builtin_1_p:
| Beam structure: p, p => pdf_builtin
| Beam data (collision):
|   p  (mass = 0.0000000E+00 GeV)
|   p  (mass = 0.0000000E+00 GeV)
|   sqrts = 1.000000000000E+03 GeV
| Initialized builtin PDF MMHT2014LO
| Phase space: generating configuration ...
| Phase space: ... success.
| Phase space: writing configuration file 'pdf_builtin_1_p.i1.phs'
| ------------------------------------------------------------------------
| Process [scattering]: 'pdf_builtin_1_p'
|   Library name  = 'pdf_builtin_1_lib'
|   Process index = 1
|   Process components:
|     1: 'pdf_builtin_1_p_i1':   u:d:s, ubar:dbar:sbar => mu-, mu+ [omega]
| ------------------------------------------------------------------------
| Phase space: 2 channels, 2 dimensions
| Phase space: found 2 channels, collected in 2 groves.
| Phase space: Using 2 equivalences between channels.
| Phase space: wood
| Beam structure: pdf_builtin, none => none, pdf_builtin
| Beam structure: 1 channels, 2 dimensions
| Applying user-defined cuts.
| Starting integration for process 'pdf_builtin_1_p'
| Integrate: iterations = 4:500:"gw", 2:500
| Integrator: 2 chains, 2 channels, 4 dimensions
| Integrator: Using VAMP channel equivalences
| Integrator: 500 initial calls, 20 bins, stratified = T
| Integrator: VAMP
|=============================================================================|
| It      Calls  Integral[fb]  Error[fb]   Err[%]    Acc  Eff[%]   Chi2 N[It] |
|=============================================================================|
   1        500  1.3561548E+00  4.59E-01   33.86    7.57*   0.92
   2        499  1.4991156E+00  1.54E-01   10.29    2.30*   5.60
   3        498  1.5788781E+00  9.31E-02    5.90    1.32*   9.88
   4        497  1.6634566E+00  8.83E-02    5.31    1.18*  11.48
|-----------------------------------------------------------------------------|
   4       1994  1.6010560E+00  5.87E-02    3.66    1.64   11.48    0.43   4
|-----------------------------------------------------------------------------|
   5        497  1.5125145E+00  8.17E-02    5.40    1.20   10.44
   6        497  1.5646462E+00  8.22E-02    5.25    1.17*  10.80
|-----------------------------------------------------------------------------|
   6        994  1.5384187E+00  5.79E-02    3.76    1.19   10.80    0.20   2
|=============================================================================|
$pdf_builtin_set = "mmht2014nlo"
| RNG: Initializing TAO random-number generator
| RNG: Setting seed for random-number generator to 10
| Initializing integration for process pdf_builtin_1_p:
| Beam structure: p, p => pdf_builtin
| Beam data (collision):
|   p  (mass = 0.0000000E+00 GeV)
|   p  (mass = 0.0000000E+00 GeV)
|   sqrts = 1.000000000000E+03 GeV
| Initialized builtin PDF MMHT2014NLO
| Phase space: generating configuration ...
| Phase space: ... success.
| Phase space: writing configuration file 'pdf_builtin_1_p.i1.phs'
| ------------------------------------------------------------------------
| Process [scattering]: 'pdf_builtin_1_p'
|   Library name  = 'pdf_builtin_1_lib'
|   Process index = 1
|   Process components:
|     1: 'pdf_builtin_1_p_i1':   u:d:s, ubar:dbar:sbar => mu-, mu+ [omega]
| ------------------------------------------------------------------------
| Phase space: 2 channels, 2 dimensions
| Phase space: found 2 channels, collected in 2 groves.
| Phase space: Using 2 equivalences between channels.
| Phase space: wood
| Beam structure: pdf_builtin, none => none, pdf_builtin
| Beam structure: 1 channels, 2 dimensions
| Applying user-defined cuts.
| Starting integration for process 'pdf_builtin_1_p'
| Integrate: iterations = 4:500:"gw", 2:500
| Integrator: 2 chains, 2 channels, 4 dimensions
| Integrator: Using VAMP channel equivalences
| Integrator: 500 initial calls, 20 bins, stratified = T
| Integrator: VAMP
|=============================================================================|
| It      Calls  Integral[fb]  Error[fb]   Err[%]    Acc  Eff[%]   Chi2 N[It] |
|=============================================================================|
   1        500  1.3468700E+00  4.75E-01   35.29    7.89*   1.05
   2        499  1.5774460E+00  1.50E-01    9.51    2.12*   6.36
   3        498  1.6126714E+00  8.53E-02    5.29    1.18*  16.38
   4        497  1.6157172E+00  7.74E-02    4.79    1.07*  15.26
|-----------------------------------------------------------------------------|
   4       1994  1.6063520E+00  5.32E-02    3.31    1.48   15.26    0.12   4
|-----------------------------------------------------------------------------|
   5        497  1.6751461E+00  9.53E-02    5.69    1.27    8.15
   6        497  1.4433716E+00  6.94E-02    4.81    1.07*   7.02
|-----------------------------------------------------------------------------|
   6        994  1.5237131E+00  5.61E-02    3.68    1.16    7.02    3.86   2
|=============================================================================|
$pdf_builtin_set = "mmht2014nnlo"
| RNG: Initializing TAO random-number generator
| RNG: Setting seed for random-number generator to 11
| Initializing integration for process pdf_builtin_1_p:
| Beam structure: p, p => pdf_builtin
| Beam data (collision):
|   p  (mass = 0.0000000E+00 GeV)
|   p  (mass = 0.0000000E+00 GeV)
|   sqrts = 1.000000000000E+03 GeV
| Initialized builtin PDF MMHT2014NNLO
| Phase space: generating configuration ...
| Phase space: ... success.
| Phase space: writing configuration file 'pdf_builtin_1_p.i1.phs'
| ------------------------------------------------------------------------
| Process [scattering]: 'pdf_builtin_1_p'
|   Library name  = 'pdf_builtin_1_lib'
|   Process index = 1
|   Process components:
|     1: 'pdf_builtin_1_p_i1':   u:d:s, ubar:dbar:sbar => mu-, mu+ [omega]
| ------------------------------------------------------------------------
| Phase space: 2 channels, 2 dimensions
| Phase space: found 2 channels, collected in 2 groves.
| Phase space: Using 2 equivalences between channels.
| Phase space: wood
| Beam structure: pdf_builtin, none => none, pdf_builtin
| Beam structure: 1 channels, 2 dimensions
| Applying user-defined cuts.
| Starting integration for process 'pdf_builtin_1_p'
| Integrate: iterations = 4:500:"gw", 2:500
| Integrator: 2 chains, 2 channels, 4 dimensions
| Integrator: Using VAMP channel equivalences
| Integrator: 500 initial calls, 20 bins, stratified = T
| Integrator: VAMP
|=============================================================================|
| It      Calls  Integral[fb]  Error[fb]   Err[%]    Acc  Eff[%]   Chi2 N[It] |
|=============================================================================|
   1        500  2.2202207E+00  6.63E-01   29.86    6.68*   1.29
   2        499  1.7357678E+00  1.51E-01    8.68    1.94*   6.54
   3        498  1.6295739E+00  8.93E-02    5.48    1.22*  10.66
   4        497  1.6004490E+00  7.52E-02    4.70    1.05*  16.90
|-----------------------------------------------------------------------------|
   4       1994  1.6320604E+00  5.36E-02    3.28    1.47   16.90    0.48   4
|-----------------------------------------------------------------------------|
   5        497  1.5364994E+00  7.18E-02    4.67    1.04*  11.87
   6        497  1.5828071E+00  7.74E-02    4.89    1.09    9.54
|-----------------------------------------------------------------------------|
   6        994  1.5579180E+00  5.26E-02    3.38    1.06    9.54    0.19   2
|=============================================================================|
$pdf_builtin_set = "CT14LL"
| RNG: Initializing TAO random-number generator
| RNG: Setting seed for random-number generator to 12
| Initializing integration for process pdf_builtin_1_p:
| Beam structure: p, p => pdf_builtin
| Beam data (collision):
|   p  (mass = 0.0000000E+00 GeV)
|   p  (mass = 0.0000000E+00 GeV)
|   sqrts = 1.000000000000E+03 GeV
| Initialized builtin PDF CT14LL
| Phase space: generating configuration ...
| Phase space: ... success.
| Phase space: writing configuration file 'pdf_builtin_1_p.i1.phs'
| ------------------------------------------------------------------------
| Process [scattering]: 'pdf_builtin_1_p'
|   Library name  = 'pdf_builtin_1_lib'
|   Process index = 1
|   Process components:
|     1: 'pdf_builtin_1_p_i1':   u:d:s, ubar:dbar:sbar => mu-, mu+ [omega]
| ------------------------------------------------------------------------
| Phase space: 2 channels, 2 dimensions
| Phase space: found 2 channels, collected in 2 groves.
| Phase space: Using 2 equivalences between channels.
| Phase space: wood
| Beam structure: pdf_builtin, none => none, pdf_builtin
| Beam structure: 1 channels, 2 dimensions
| Applying user-defined cuts.
| Starting integration for process 'pdf_builtin_1_p'
| Integrate: iterations = 4:500:"gw", 2:500
| Integrator: 2 chains, 2 channels, 4 dimensions
| Integrator: Using VAMP channel equivalences
| Integrator: 500 initial calls, 20 bins, stratified = T
| Integrator: VAMP
|=============================================================================|
| It      Calls  Integral[fb]  Error[fb]   Err[%]    Acc  Eff[%]   Chi2 N[It] |
|=============================================================================|
   1        500  1.3642040E+00  5.08E-01   37.26    8.33*   0.87
   2        499  1.7317900E+00  1.97E-01   11.40    2.55*   4.81
   3        498  1.8444955E+00  1.85E-01   10.02    2.24*   3.60
   4        497  1.6168487E+00  9.76E-02    6.04    1.35*  11.28
|-----------------------------------------------------------------------------|
   4       1994  1.6695802E+00  7.82E-02    4.68    2.09   11.28    0.55   4
|-----------------------------------------------------------------------------|
   5        497  1.7595951E+00  1.14E-01    6.45    1.44    9.37
   6        497  1.6786737E+00  1.02E-01    6.08    1.36*   8.16
|-----------------------------------------------------------------------------|
   6        994  1.7148709E+00  7.59E-02    4.43    1.40    8.16    0.28   2
|=============================================================================|
$pdf_builtin_set = "CT14L"
| RNG: Initializing TAO random-number generator
| RNG: Setting seed for random-number generator to 13
| Initializing integration for process pdf_builtin_1_p:
| Beam structure: p, p => pdf_builtin
| Beam data (collision):
|   p  (mass = 0.0000000E+00 GeV)
|   p  (mass = 0.0000000E+00 GeV)
|   sqrts = 1.000000000000E+03 GeV
| Initialized builtin PDF CT14L
| Phase space: generating configuration ...
| Phase space: ... success.
| Phase space: writing configuration file 'pdf_builtin_1_p.i1.phs'
| ------------------------------------------------------------------------
| Process [scattering]: 'pdf_builtin_1_p'
|   Library name  = 'pdf_builtin_1_lib'
|   Process index = 1
|   Process components:
|     1: 'pdf_builtin_1_p_i1':   u:d:s, ubar:dbar:sbar => mu-, mu+ [omega]
| ------------------------------------------------------------------------
| Phase space: 2 channels, 2 dimensions
| Phase space: found 2 channels, collected in 2 groves.
| Phase space: Using 2 equivalences between channels.
| Phase space: wood
| Beam structure: pdf_builtin, none => none, pdf_builtin
| Beam structure: 1 channels, 2 dimensions
| Applying user-defined cuts.
| Starting integration for process 'pdf_builtin_1_p'
| Integrate: iterations = 4:500:"gw", 2:500
| Integrator: 2 chains, 2 channels, 4 dimensions
| Integrator: Using VAMP channel equivalences
| Integrator: 500 initial calls, 20 bins, stratified = T
| Integrator: VAMP
|=============================================================================|
| It      Calls  Integral[fb]  Error[fb]   Err[%]    Acc  Eff[%]   Chi2 N[It] |
|=============================================================================|
   1        500  1.2827371E+00  5.08E-01   39.57    8.85*   1.25
   2        499  2.2638599E+00  2.41E-01   10.65    2.38*   5.19
   3        498  1.8135940E+00  1.06E-01    5.87    1.31*  10.48
   4        497  1.9405990E+00  9.40E-02    4.84    1.08*  13.23
|-----------------------------------------------------------------------------|
   4       1994  1.9037589E+00  6.70E-02    3.52    1.57   13.23    1.53   4
|-----------------------------------------------------------------------------|
   5        497  1.8007789E+00  8.96E-02    4.98    1.11   12.28
   6        497  1.8616083E+00  9.33E-02    5.01    1.12   10.24
|-----------------------------------------------------------------------------|
   6        994  1.8299773E+00  6.46E-02    3.53    1.11   10.24    0.22   2
|=============================================================================|
$pdf_builtin_set = "CT14N"
| RNG: Initializing TAO random-number generator
| RNG: Setting seed for random-number generator to 14
| Initializing integration for process pdf_builtin_1_p:
| Beam structure: p, p => pdf_builtin
| Beam data (collision):
|   p  (mass = 0.0000000E+00 GeV)
|   p  (mass = 0.0000000E+00 GeV)
|   sqrts = 1.000000000000E+03 GeV
| Initialized builtin PDF CT14N
| Phase space: generating configuration ...
| Phase space: ... success.
| Phase space: writing configuration file 'pdf_builtin_1_p.i1.phs'
| ------------------------------------------------------------------------
| Process [scattering]: 'pdf_builtin_1_p'
|   Library name  = 'pdf_builtin_1_lib'
|   Process index = 1
|   Process components:
|     1: 'pdf_builtin_1_p_i1':   u:d:s, ubar:dbar:sbar => mu-, mu+ [omega]
| ------------------------------------------------------------------------
| Phase space: 2 channels, 2 dimensions
| Phase space: found 2 channels, collected in 2 groves.
| Phase space: Using 2 equivalences between channels.
| Phase space: wood
| Beam structure: pdf_builtin, none => none, pdf_builtin
| Beam structure: 1 channels, 2 dimensions
| Applying user-defined cuts.
| Starting integration for process 'pdf_builtin_1_p'
| Integrate: iterations = 4:500:"gw", 2:500
| Integrator: 2 chains, 2 channels, 4 dimensions
| Integrator: Using VAMP channel equivalences
| Integrator: 500 initial calls, 20 bins, stratified = T
| Integrator: VAMP
|=============================================================================|
| It      Calls  Integral[fb]  Error[fb]   Err[%]    Acc  Eff[%]   Chi2 N[It] |
|=============================================================================|
   1        500  1.5721865E+00  4.35E-01   27.66    6.19*   1.58
   2        499  1.4114258E+00  1.16E-01    8.21    1.83*  11.15
   3        498  1.5302645E+00  9.26E-02    6.05    1.35*   7.47
   4        497  1.3128157E+00  7.77E-02    5.92    1.32*  10.97
|-----------------------------------------------------------------------------|
   4       1994  1.4069107E+00  5.26E-02    3.74    1.67   10.97    1.13   4
|-----------------------------------------------------------------------------|
   5        497  1.3822262E+00  7.59E-02    5.49    1.22*  11.55
   6        497  1.3100406E+00  6.55E-02    5.00    1.12*  10.95
|-----------------------------------------------------------------------------|
   6        994  1.3408521E+00  4.96E-02    3.70    1.17   10.95    0.52   2
|=============================================================================|
$pdf_builtin_set = "CT14NN"
| RNG: Initializing TAO random-number generator
| RNG: Setting seed for random-number generator to 15
| Initializing integration for process pdf_builtin_1_p:
| Beam structure: p, p => pdf_builtin
| Beam data (collision):
|   p  (mass = 0.0000000E+00 GeV)
|   p  (mass = 0.0000000E+00 GeV)
|   sqrts = 1.000000000000E+03 GeV
| Initialized builtin PDF CT14NN
| Phase space: generating configuration ...
| Phase space: ... success.
| Phase space: writing configuration file 'pdf_builtin_1_p.i1.phs'
| ------------------------------------------------------------------------
| Process [scattering]: 'pdf_builtin_1_p'
|   Library name  = 'pdf_builtin_1_lib'
|   Process index = 1
|   Process components:
|     1: 'pdf_builtin_1_p_i1':   u:d:s, ubar:dbar:sbar => mu-, mu+ [omega]
| ------------------------------------------------------------------------
| Phase space: 2 channels, 2 dimensions
| Phase space: found 2 channels, collected in 2 groves.
| Phase space: Using 2 equivalences between channels.
| Phase space: wood
| Beam structure: pdf_builtin, none => none, pdf_builtin
| Beam structure: 1 channels, 2 dimensions
| Applying user-defined cuts.
| Starting integration for process 'pdf_builtin_1_p'
| Integrate: iterations = 4:500:"gw", 2:500
| Integrator: 2 chains, 2 channels, 4 dimensions
| Integrator: Using VAMP channel equivalences
| Integrator: 500 initial calls, 20 bins, stratified = T
| Integrator: VAMP
|=============================================================================|
| It      Calls  Integral[fb]  Error[fb]   Err[%]    Acc  Eff[%]   Chi2 N[It] |
|=============================================================================|
   1        500  1.4886545E+00  5.97E-01   40.11    8.97*   0.96
   2        499  1.4447474E+00  1.19E-01    8.25    1.84*   8.18
   3        498  1.4287560E+00  7.35E-02    5.14    1.15*  14.20
   4        497  1.4275701E+00  8.88E-02    6.22    1.39    6.62
|-----------------------------------------------------------------------------|
   4       1994  1.4317204E+00  5.09E-02    3.56    1.59    6.62    0.01   4
|-----------------------------------------------------------------------------|
   5        497  1.4159104E+00  7.43E-02    5.24    1.17*   6.57
   6        497  1.4412971E+00  8.26E-02    5.73    1.28    5.91
|-----------------------------------------------------------------------------|
   6        994  1.4272561E+00  5.52E-02    3.87    1.22    5.91    0.05   2
|=============================================================================|
$pdf_builtin_set = "CJ15LO"
| RNG: Initializing TAO random-number generator
| RNG: Setting seed for random-number generator to 16
| Initializing integration for process pdf_builtin_1_p:
| Beam structure: p, p => pdf_builtin
| Beam data (collision):
|   p  (mass = 0.0000000E+00 GeV)
|   p  (mass = 0.0000000E+00 GeV)
|   sqrts = 1.000000000000E+03 GeV
| Initialized builtin PDF CJ15LO
| Phase space: generating configuration ...
| Phase space: ... success.
| Phase space: writing configuration file 'pdf_builtin_1_p.i1.phs'
| ------------------------------------------------------------------------
| Process [scattering]: 'pdf_builtin_1_p'
|   Library name  = 'pdf_builtin_1_lib'
|   Process index = 1
|   Process components:
|     1: 'pdf_builtin_1_p_i1':   u:d:s, ubar:dbar:sbar => mu-, mu+ [omega]
| ------------------------------------------------------------------------
| Phase space: 2 channels, 2 dimensions
| Phase space: found 2 channels, collected in 2 groves.
| Phase space: Using 2 equivalences between channels.
| Phase space: wood
| Beam structure: pdf_builtin, none => none, pdf_builtin
| Beam structure: 1 channels, 2 dimensions
| Applying user-defined cuts.
| Starting integration for process 'pdf_builtin_1_p'
| Integrate: iterations = 4:500:"gw", 2:500
| Integrator: 2 chains, 2 channels, 4 dimensions
| Integrator: Using VAMP channel equivalences
| Integrator: 500 initial calls, 20 bins, stratified = T
| Integrator: VAMP
|=============================================================================|
| It      Calls  Integral[fb]  Error[fb]   Err[%]    Acc  Eff[%]   Chi2 N[It] |
|=============================================================================|
   1        500  6.4253465E-01  2.14E-01   33.38    7.46*   1.04
   2        499  1.1902453E+00  1.60E-01   13.48    3.01*   3.01
   3        498  1.3209311E+00  7.42E-02    5.62    1.25*  13.07
   4        497  1.3531757E+00  6.83E-02    5.05    1.13*  11.30
|-----------------------------------------------------------------------------|
   4       1994  1.2925970E+00  4.68E-02    3.62    1.62   11.30    3.51   4
|-----------------------------------------------------------------------------|
   5        497  1.3887694E+00  8.14E-02    5.86    1.31    6.30
   6        497  1.3719815E+00  8.13E-02    5.93    1.32    5.47
|-----------------------------------------------------------------------------|
   6        994  1.3803686E+00  5.75E-02    4.17    1.31    5.47    0.02   2
|=============================================================================|
$pdf_builtin_set = "CJ15NLO"
| RNG: Initializing TAO random-number generator
| RNG: Setting seed for random-number generator to 17
| Initializing integration for process pdf_builtin_1_p:
| Beam structure: p, p => pdf_builtin
| Beam data (collision):
|   p  (mass = 0.0000000E+00 GeV)
|   p  (mass = 0.0000000E+00 GeV)
|   sqrts = 1.000000000000E+03 GeV
| Initialized builtin PDF CJ15NLO
| Phase space: generating configuration ...
| Phase space: ... success.
| Phase space: writing configuration file 'pdf_builtin_1_p.i1.phs'
| ------------------------------------------------------------------------
| Process [scattering]: 'pdf_builtin_1_p'
|   Library name  = 'pdf_builtin_1_lib'
|   Process index = 1
|   Process components:
|     1: 'pdf_builtin_1_p_i1':   u:d:s, ubar:dbar:sbar => mu-, mu+ [omega]
| ------------------------------------------------------------------------
| Phase space: 2 channels, 2 dimensions
| Phase space: found 2 channels, collected in 2 groves.
| Phase space: Using 2 equivalences between channels.
| Phase space: wood
| Beam structure: pdf_builtin, none => none, pdf_builtin
| Beam structure: 1 channels, 2 dimensions
| Applying user-defined cuts.
| Starting integration for process 'pdf_builtin_1_p'
| Integrate: iterations = 4:500:"gw", 2:500
| Integrator: 2 chains, 2 channels, 4 dimensions
| Integrator: Using VAMP channel equivalences
| Integrator: 500 initial calls, 20 bins, stratified = T
| Integrator: VAMP
|=============================================================================|
| It      Calls  Integral[fb]  Error[fb]   Err[%]    Acc  Eff[%]   Chi2 N[It] |
|=============================================================================|
   1        500  1.0561319E+00  3.50E-01   33.10    7.40*   1.93
   2        499  1.0827688E+00  9.99E-02    9.23    2.06*   6.32
   3        498  1.3449498E+00  7.18E-02    5.34    1.19*   9.28
   4        497  1.1368860E+00  5.07E-02    4.46    0.99*  18.24
|-----------------------------------------------------------------------------|
   4       1994  1.1864222E+00  3.80E-02    3.21    1.43   18.24    2.35   4
|-----------------------------------------------------------------------------|
   5        497  1.1817197E+00  5.02E-02    4.24    0.95*  17.94
   6        497  1.1613938E+00  5.72E-02    4.92    1.10   12.71
|-----------------------------------------------------------------------------|
   6        994  1.1728802E+00  3.77E-02    3.21    1.01   12.71    0.07   2
|=============================================================================|
$pdf_builtin_set = "CT18N"
| RNG: Initializing TAO random-number generator
| RNG: Setting seed for random-number generator to 18
| Initializing integration for process pdf_builtin_1_p:
| Beam structure: p, p => pdf_builtin
| Beam data (collision):
|   p  (mass = 0.0000000E+00 GeV)
|   p  (mass = 0.0000000E+00 GeV)
|   sqrts = 1.000000000000E+03 GeV
| Initialized builtin PDF CT18N
| Phase space: generating configuration ...
| Phase space: ... success.
| Phase space: writing configuration file 'pdf_builtin_1_p.i1.phs'
| ------------------------------------------------------------------------
| Process [scattering]: 'pdf_builtin_1_p'
|   Library name  = 'pdf_builtin_1_lib'
|   Process index = 1
|   Process components:
|     1: 'pdf_builtin_1_p_i1':   u:d:s, ubar:dbar:sbar => mu-, mu+ [omega]
| ------------------------------------------------------------------------
| Phase space: 2 channels, 2 dimensions
| Phase space: found 2 channels, collected in 2 groves.
| Phase space: Using 2 equivalences between channels.
| Phase space: wood
| Beam structure: pdf_builtin, none => none, pdf_builtin
| Beam structure: 1 channels, 2 dimensions
| Applying user-defined cuts.
| Starting integration for process 'pdf_builtin_1_p'
| Integrate: iterations = 4:500:"gw", 2:500
| Integrator: 2 chains, 2 channels, 4 dimensions
| Integrator: Using VAMP channel equivalences
| Integrator: 500 initial calls, 20 bins, stratified = T
| Integrator: VAMP
|=============================================================================|
| It      Calls  Integral[fb]  Error[fb]   Err[%]    Acc  Eff[%]   Chi2 N[It] |
|=============================================================================|
   1        500  1.1715907E+00  4.27E-01   36.45    8.15*   1.17
   2        499  1.6102973E+00  2.01E-01   12.51    2.79*   3.01
   3        498  1.5535323E+00  6.74E-02    4.34    0.97*  20.08
   4        497  1.4290183E+00  9.13E-02    6.39    1.42    8.05
|-----------------------------------------------------------------------------|
   4       1994  1.5113095E+00  5.20E-02    3.44    1.54    8.05    0.69   4
|-----------------------------------------------------------------------------|
   5        497  1.5602775E+00  1.03E-01    6.59    1.47    5.27
   6        497  1.3764170E+00  7.07E-02    5.14    1.15*   4.65
|-----------------------------------------------------------------------------|
   6        994  1.4354683E+00  5.83E-02    4.06    1.28    4.65    2.17   2
|=============================================================================|
$pdf_builtin_set = "CT18NN"
| RNG: Initializing TAO random-number generator
| RNG: Setting seed for random-number generator to 19
| Initializing integration for process pdf_builtin_1_p:
| Beam structure: p, p => pdf_builtin
| Beam data (collision):
|   p  (mass = 0.0000000E+00 GeV)
|   p  (mass = 0.0000000E+00 GeV)
|   sqrts = 1.000000000000E+03 GeV
| Initialized builtin PDF CT18NN
| Phase space: generating configuration ...
| Phase space: ... success.
| Phase space: writing configuration file 'pdf_builtin_1_p.i1.phs'
| ------------------------------------------------------------------------
| Process [scattering]: 'pdf_builtin_1_p'
|   Library name  = 'pdf_builtin_1_lib'
|   Process index = 1
|   Process components:
|     1: 'pdf_builtin_1_p_i1':   u:d:s, ubar:dbar:sbar => mu-, mu+ [omega]
| ------------------------------------------------------------------------
| Phase space: 2 channels, 2 dimensions
| Phase space: found 2 channels, collected in 2 groves.
| Phase space: Using 2 equivalences between channels.
| Phase space: wood
| Beam structure: pdf_builtin, none => none, pdf_builtin
| Beam structure: 1 channels, 2 dimensions
| Applying user-defined cuts.
| Starting integration for process 'pdf_builtin_1_p'
| Integrate: iterations = 4:500:"gw", 2:500
| Integrator: 2 chains, 2 channels, 4 dimensions
| Integrator: Using VAMP channel equivalences
| Integrator: 500 initial calls, 20 bins, stratified = T
| Integrator: VAMP
|=============================================================================|
| It      Calls  Integral[fb]  Error[fb]   Err[%]    Acc  Eff[%]   Chi2 N[It] |
|=============================================================================|
   1        500  1.9511136E+00  7.08E-01   36.29    8.11*   0.97
   2        499  1.7879009E+00  1.65E-01    9.23    2.06*   4.73
   3        498  1.3242729E+00  7.36E-02    5.56    1.24*  15.83
   4        497  1.3210960E+00  6.32E-02    4.79    1.07*  16.50
|-----------------------------------------------------------------------------|
   4       1994  1.3612085E+00  4.60E-02    3.38    1.51   16.50    2.68   4
|-----------------------------------------------------------------------------|
   5        497  1.4883320E+00  7.21E-02    4.84    1.08   13.61
   6        497  1.3833891E+00  6.38E-02    4.62    1.03*  12.65
|-----------------------------------------------------------------------------|
   6        994  1.4295351E+00  4.78E-02    3.34    1.05   12.65    1.19   2
|=============================================================================|
| RNG: Initializing TAO random-number generator
| RNG: Setting seed for random-number generator to 20
| Initializing integration for process pdf_builtin_2_p:
| Beam structure: A, A
| Beam data (collision):
|   A  (mass = 0.0000000E+00 GeV)
|   A  (mass = 0.0000000E+00 GeV)
|   sqrts = 1.000000000000E+03 GeV
| Phase space: generating configuration ...
| Phase space: ... success.
| Phase space: writing configuration file 'pdf_builtin_2_p.i1.phs'
| ------------------------------------------------------------------------
| Process [scattering]: 'pdf_builtin_2_p'
|   Library name  = 'pdf_builtin_1_lib'
|   Process index = 2
|   Process components:
|     1: 'pdf_builtin_2_p_i1':   A, A => e-, e+ [omega]
| ------------------------------------------------------------------------
| Phase space: 4 channels, 2 dimensions
| Phase space: found 4 channels, collected in 1 grove.
| Phase space: Using 8 equivalences between channels.
| Phase space: wood
| Applying user-defined cuts.
| Starting integration for process 'pdf_builtin_2_p'
| Integrate: iterations = 4:500:"gw", 2:500
| Integrator: 1 chains, 4 channels, 2 dimensions
| Integrator: Using VAMP channel equivalences
| Integrator: 500 initial calls, 20 bins, stratified = T
| Integrator: VAMP
|=============================================================================|
| It      Calls  Integral[fb]  Error[fb]   Err[%]    Acc  Eff[%]   Chi2 N[It] |
|=============================================================================|
   1        500  9.9850364E+02  5.26E+01    5.27    1.18*  39.18
   2        500  9.8014059E+02  2.36E+01    2.41    0.54*  58.08
   3        500  9.8214992E+02  1.80E+01    1.84    0.41*  65.78
   4        500  1.0021373E+03  1.66E+01    1.66    0.37*  52.94
|-----------------------------------------------------------------------------|
   4       2000  9.9057930E+02  1.06E+01    1.07    0.48   52.94    0.31   4
|-----------------------------------------------------------------------------|
   5        500  1.0142994E+03  1.64E+01    1.61    0.36*  45.47
   6        500  1.0181900E+03  1.70E+01    1.67    0.37   45.64
|-----------------------------------------------------------------------------|
   6       1000  1.0161757E+03  1.18E+01    1.16    0.37   45.64    0.03   2
|=============================================================================|
$pdf_builtin_set = "mrst2004qedp"
| RNG: Initializing TAO random-number generator
| RNG: Setting seed for random-number generator to 21
| Initializing integration for process pdf_builtin_2_p:
| Beam structure: p, p => pdf_builtin
| Beam data (collision):
|   p  (mass = 0.0000000E+00 GeV)
|   p  (mass = 0.0000000E+00 GeV)
|   sqrts = 1.000000000000E+03 GeV
| Initialized builtin PDF MRST2004QEDp
| Phase space: generating configuration ...
| Phase space: ... success.
| Phase space: writing configuration file 'pdf_builtin_2_p.i1.phs'
| ------------------------------------------------------------------------
| Process [scattering]: 'pdf_builtin_2_p'
|   Library name  = 'pdf_builtin_1_lib'
|   Process index = 2
|   Process components:
|     1: 'pdf_builtin_2_p_i1':   A, A => e-, e+ [omega]
| ------------------------------------------------------------------------
| Phase space: 4 channels, 2 dimensions
| Phase space: found 4 channels, collected in 1 grove.
| Phase space: Using 8 equivalences between channels.
| Phase space: wood
| Beam structure: pdf_builtin, none => none, pdf_builtin
| Beam structure: 1 channels, 2 dimensions
| Applying user-defined cuts.
| Starting integration for process 'pdf_builtin_2_p'
| Integrate: iterations = 4:500:"gw", 2:500
| Integrator: 1 chains, 4 channels, 4 dimensions
| Integrator: Using VAMP channel equivalences
| Integrator: 500 initial calls, 20 bins, stratified = T
| Integrator: VAMP
|=============================================================================|
| It      Calls  Integral[fb]  Error[fb]   Err[%]    Acc  Eff[%]   Chi2 N[It] |
|=============================================================================|
   1        500  8.1109041E-02  2.94E-02   36.25    8.11*   2.19
   2        500  1.2263821E-01  1.92E-02   15.62    3.49*   4.10
   3        500  1.2392984E-01  8.77E-03    7.07    1.58*  11.30
   4        500  1.8672975E-01  4.08E-02   21.84    4.88    2.18
|-----------------------------------------------------------------------------|
   4       2000  1.2305507E-01  7.56E-03    6.14    2.75    2.18    1.49   4
|-----------------------------------------------------------------------------|
   5        500  1.5950408E-01  1.76E-02   11.02    2.46*   1.85
   6        500  1.2245260E-01  7.16E-03    5.85    1.31*   1.41
|-----------------------------------------------------------------------------|
   6       1000  1.2773168E-01  6.63E-03    5.19    1.64    1.41    3.81   2
|=============================================================================|
| WHIZARD run finished.
|=============================================================================|
