?openmp_logging = false
?vis_history = false
?integration_timer = false
?pacify = true
| Process library 'tauola_2_lib': recorded process 'tauola_2_p1'
| Process library 'tauola_2_lib': recorded process 'tauola_2_p2'
| Process library 'tauola_2_lib': recorded process 'tauola_2_dec1'
| Process library 'tauola_2_lib': recorded process 'tauola_2_dec2'
| Process library 'tauola_2_lib': compiling ...
| Process library 'tauola_2_lib': writing makefile
| Process library 'tauola_2_lib': removing old files
| Process library 'tauola_2_lib': writing driver
| Process library 'tauola_2_lib': creating source code
| Process library 'tauola_2_lib': compiling sources
| Process library 'tauola_2_lib': linking
| Process library 'tauola_2_lib': loading
| Process library 'tauola_2_lib': ... success.
openmp_num_threads = 1
seed = 0
?ps_fsr_active = true
?hadronization_active = true
$shower_method = "PYTHIA6"
?ps_taudec_active = true
| Particle tau- declared as polarized
| Particle tau+ declared as polarized
| Particle W+ declared as polarized
| Particle W- declared as polarized
| Particle Z declared as polarized
?polarized_events = true
sqrts =  2.50000E+02
error_threshold =  1.00000E-08
| RNG: Initializing TAO random-number generator
| RNG: Setting seed for random-number generator to 0
| Initializing integration for process tauola_2_dec1:
| Beam structure: [any particles]
| Beam data (decay):
|   H  (mass = 1.2500000E+02 GeV)
| Phase space: generating configuration ...
| Phase space: ... success.
| Phase space: writing configuration file 'tauola_2_dec1.i1.phs'
| ------------------------------------------------------------------------
| Process [decay]: 'tauola_2_dec1'
|   Library name  = 'tauola_2_lib'
|   Process index = 3
|   Process components:
|     1: 'tauola_2_dec1_i1':   H => tau-, tau+ [omega]
| ------------------------------------------------------------------------
| Phase space: 1 channels, 2 dimensions
| Phase space: found 1 channel, collected in 1 grove.
| Phase space: Using 1 equivalence between channels.
| Phase space: wood
Warning: No cuts have been defined.
| Starting integration for process 'tauola_2_dec1'
| Integrate: iterations = 1:10
| Integrator: 1 chains, 1 channels, 2 dimensions
| Integrator: Using VAMP channel equivalences
| Integrator: 10 initial calls, 20 bins, stratified = T
| Integrator: VAMP
|=============================================================================|
| It      Calls  Integral[GeV] Error[GeV]  Err[%]    Acc  Eff[%]   Chi2 N[It] |
|=============================================================================|
   1         10     2.588E-04   0.00E+00    0.00    0.00   100.0
|-----------------------------------------------------------------------------|
   1         10     2.588E-04   0.00E+00    0.00    0.00   100.0
|=============================================================================|
error_threshold =  1.00000E-08
| RNG: Initializing TAO random-number generator
| RNG: Setting seed for random-number generator to 1
| Initializing integration for process tauola_2_dec2:
| Beam structure: [any particles]
| Beam data (decay):
|   W-  (mass = 8.0419000E+01 GeV)
| Phase space: generating configuration ...
| Phase space: ... success.
| Phase space: writing configuration file 'tauola_2_dec2.i1.phs'
| ------------------------------------------------------------------------
| Process [decay]: 'tauola_2_dec2'
|   Library name  = 'tauola_2_lib'
|   Process index = 4
|   Process components:
|     1: 'tauola_2_dec2_i1':   W- => tau-, nutaubar [omega]
| ------------------------------------------------------------------------
| Phase space: 1 channels, 2 dimensions
| Phase space: found 1 channel, collected in 1 grove.
| Phase space: Using 1 equivalence between channels.
| Phase space: wood
Warning: No cuts have been defined.
| Starting integration for process 'tauola_2_dec2'
| Integrate: iterations = 1:10
| Integrator: 1 chains, 1 channels, 2 dimensions
| Integrator: Using VAMP channel equivalences
| Integrator: 10 initial calls, 20 bins, stratified = T
| Integrator: VAMP
|=============================================================================|
| It      Calls  Integral[GeV] Error[GeV]  Err[%]    Acc  Eff[%]   Chi2 N[It] |
|=============================================================================|
   1         10     2.274E-01   0.00E+00    0.00    0.00   100.0
|-----------------------------------------------------------------------------|
   1         10     2.274E-01   0.00E+00    0.00    0.00   100.0
|=============================================================================|
$beam_events_file = "uniform_spread_2.5%.dat"
| RNG: Initializing TAO random-number generator
| RNG: Setting seed for random-number generator to 2
| Initializing integration for process tauola_2_p1:
| Beam structure: e-, e+ => beam_events => isr
|   polarization (beam 1):
|     @(-1: -1: ( 1.000000000000E+00, 0.000000000000E+00))
|   polarization (beam 2):
|     @(+1: +1: ( 1.000000000000E+00, 0.000000000000E+00))
|   polarization degree = 1.0000000, 1.0000000
| Beam data (collision):
|   e-  (mass = 5.1099700E-04 GeV)  polarized
|   e+  (mass = 5.1099700E-04 GeV)  polarized
|   sqrts = 2.500000000000E+02 GeV
| Phase space: generating configuration ...
| Phase space: ... success.
| Phase space: writing configuration file 'tauola_2_p1.i1.phs'
| ------------------------------------------------------------------------
| Process [scattering]: 'tauola_2_p1'
|   Library name  = 'tauola_2_lib'
|   Process index = 1
|   Process components:
|     1: 'tauola_2_p1_i1':   e-, e+ => numu, numubar, H [omega]
| ------------------------------------------------------------------------
| Phase space: 2 channels, 5 dimensions
| Phase space: found 2 channels, collected in 2 groves.
| Phase space: Using 2 equivalences between channels.
| Phase space: wood
| Beam structure: beam_events => isr, none => none, isr
| Beam structure: 1 channels, 2 dimensions
Warning: No cuts have been defined.
| Beam events: reading from file 'uniform_spread_2.5%.dat'
| Starting integration for process 'tauola_2_p1'
| Integrate: iterations = 1:1000:"gw"
| Integrator: 2 chains, 2 channels, 7 dimensions
| Integrator: Using VAMP channel equivalences
| Integrator: 1000 initial calls, 20 bins, stratified = T
| Integrator: VAMP
|=============================================================================|
| It      Calls  Integral[fb]  Error[fb]   Err[%]    Acc  Eff[%]   Chi2 N[It] |
|=============================================================================|
   1       1000     3.363E+01   1.61E+00    4.78    1.51    10.0
|-----------------------------------------------------------------------------|
   1       1000     3.363E+01   1.61E+00    4.78    1.51    10.0
|=============================================================================|
| Beam events: closed file 'uniform_spread_2.5%.dat'
| RNG: Initializing TAO random-number generator
| RNG: Setting seed for random-number generator to 3
| Initializing integration for process tauola_2_p2:
| Beam structure: e-, e+ => beam_events => isr
|   polarization (beam 1):
|     @(-1: -1: ( 1.000000000000E+00, 0.000000000000E+00))
|   polarization (beam 2):
|     @(+1: +1: ( 1.000000000000E+00, 0.000000000000E+00))
|   polarization degree = 1.0000000, 1.0000000
| Beam data (collision):
|   e-  (mass = 5.1099700E-04 GeV)  polarized
|   e+  (mass = 5.1099700E-04 GeV)  polarized
|   sqrts = 2.500000000000E+02 GeV
| Phase space: generating configuration ...
| Phase space: ... success.
| Phase space: writing configuration file 'tauola_2_p2.i1.phs'
| ------------------------------------------------------------------------
| Process [scattering]: 'tauola_2_p2'
|   Library name  = 'tauola_2_lib'
|   Process index = 2
|   Process components:
|     1: 'tauola_2_p2_i1':   e-, e+ => mu+, numu, W- [omega]
| ------------------------------------------------------------------------
| Phase space: 11 channels, 5 dimensions
| Phase space: found 11 channels, collected in 5 groves.
| Phase space: Using 11 equivalences between channels.
| Phase space: wood
| Beam structure: beam_events => isr, none => none, isr
| Beam structure: 2 channels, 2 dimensions
Warning: No cuts have been defined.
| Beam events: reading from file 'uniform_spread_2.5%.dat'
| Starting integration for process 'tauola_2_p2'
| Integrate: iterations = 1:1000:"gw"
| Integrator: 5 chains, 11 channels, 7 dimensions
| Integrator: Using VAMP channel equivalences
| Integrator: 1000 initial calls, 20 bins, stratified = T
| Integrator: VAMP
|=============================================================================|
| It      Calls  Integral[fb]  Error[fb]   Err[%]    Acc  Eff[%]   Chi2 N[It] |
|=============================================================================|
   1        990     8.130E+03   7.29E+02    8.97    2.82     8.0
|-----------------------------------------------------------------------------|
   1        990     8.130E+03   7.29E+02    8.97    2.82     8.0
|=============================================================================|
| Beam events: closed file 'uniform_spread_2.5%.dat'
?write_raw = false
| Unstable particle H: computed branching ratios:
|   tauola_2_dec1: 1.0000000E+00   tau-, tau+
|   Total width = 2.5876252E-04 GeV (computed)
|               = 4.1430000E-03 GeV (preset)
|   Decay options: helicity treated exactly
n_events = 1
$sample = "tauola_2_p1"
| Starting simulation for process 'tauola_2_p1'
| Beam events: reading from file 'uniform_spread_2.5%.dat'
| Simulate: using integration grids from file 'tauola_2_p1.m1.vg'
| Simulate: activating decays
| Simulate: activating parton shower
| Shower: Using PYTHIA6 shower
| Simulate: activating hadronization
| Hadronization: Using PYTHIA6 interface for hadronization and decays
| Simulate: using integration grids from file 'tauola_2_dec1.m1.vg'
| RNG: Initializing TAO random-number generator
| RNG: Setting seed for random-number generator to 4
| Simulation: requested number of events = 1
|             corr. to luminosity [fb-1] =   2.9737E-02
| Events: writing to STDHEP file 'tauola_2_p1.ev4.hep'
| Events: generating 1 unweighted, polarized events ...
| Events: event normalization mode '1'
|         ... event sample complete.
| Events: actual unweighting efficiency =   8.33 %
| Events: closing STDHEP file 'tauola_2_p1.ev4.hep'
| Beam events: closed file 'uniform_spread_2.5%.dat'
| Unstable particle W-: computed branching ratios:
|   tauola_2_dec2: 1.0000000E+00   tau-, nutaubar
|   Total width = 2.2739738E-01 GeV (computed)
|               = 2.0490000E+00 GeV (preset)
|   Decay options: helicity treated exactly
n_events = 1
$sample = "tauola_2_p2"
| Starting simulation for process 'tauola_2_p2'
| Beam events: reading from file 'uniform_spread_2.5%.dat'
| Simulate: using integration grids from file 'tauola_2_p2.m1.vg'
| Simulate: activating decays
| Simulate: activating parton shower
| Shower: Using PYTHIA6 shower
| Simulate: activating hadronization
| Hadronization: Using PYTHIA6 interface for hadronization and decays
| Simulate: using integration grids from file 'tauola_2_dec2.m1.vg'
| RNG: Initializing TAO random-number generator
| RNG: Setting seed for random-number generator to 5
| Simulation: requested number of events = 1
|             corr. to luminosity [fb-1] =   1.2300E-04
| Events: writing to STDHEP file 'tauola_2_p2.ev4.hep'
| Events: generating 1 unweighted, polarized events ...
| Events: event normalization mode '1'
|         ... event sample complete.
| Events: actual unweighting efficiency =   8.33 %
| Events: closing STDHEP file 'tauola_2_p2.ev4.hep'
| Beam events: closed file 'uniform_spread_2.5%.dat'
| There were no errors and    4 warning(s).
| WHIZARD run finished.
|=============================================================================|
STDHEP EV4 version:
==================================================== 
 WHIZARD StdHep Reader : 
 opened file : tauola_2_p1.ev4.hep
====== File Header ===========
    total blocks: [...]
         version: 2.01
           title: WHIZARD [version]
         comment: No comment
            date: [...]
    closing date: [...]
 expected events: 1
          events: 3
      firstTable: -1
        dimTable: 100
        nNTuples: 0
         nBlocks: 8
     block names:
                :  Standard HEP COMMON block, see STDHEP Product
                :  Standard HEP COMMON block with multiple interaction, see STDHEP Product
                :  Stdhep begin run record, see STDHEP Product
                :  Stdhep end run record, see STDHEP Product
                :  Standard HEP COMMON block with Les Houches, see STDHEP Product
                :  Standard HEP COMMON block with Les Houches and multiple interaction
                :  Les Houches HEPEUP common block
                :  Les Houches HEPRUP common block
=============================
Process ID = 1   Weight = 1     Scale = 251.051     aQED = -1     aQCD = 0.1178
 Event #0
[   id   ]index|      PDG |q(el)|    px,      py,        pz    | energy  |   mass  |sta| vertex x,     y   ,   z     |              spin           | colorflow | [daughters]
[00000000]    0|        11|-1.00| 0.00e+00, 0.00e+00,  1.23e+02| 1.23e+02| 5.11e-04| 2 | 0.00e+00, 0.00e+00, 0.00e+00| 0.00e+00, 0.00e+00, 0.00e+00|  (0, 0)   | [ 2, 2 ]
[00000001]    1|       -11| 1.00| 0.00e+00, 0.00e+00, -1.28e+02| 1.28e+02| 5.11e-04| 2 | 0.00e+00, 0.00e+00, 0.00e+00| 0.00e+00, 0.00e+00, 0.00e+00|  (0, 0)   | [ 3, 3 ]
[00000002]    2|        11|-1.00| 0.00e+00, 0.00e+00,  1.23e+02| 1.23e+02| 5.11e-04| 2 | 0.00e+00, 0.00e+00, 0.00e+00| 0.00e+00, 0.00e+00, 0.00e+00|  (0, 0)   | [ 4, 6 ]
[00000003]    3|       -11| 1.00| 0.00e+00, 0.00e+00, -1.28e+02| 1.28e+02| 5.11e-04| 2 | 0.00e+00, 0.00e+00, 0.00e+00| 0.00e+00, 0.00e+00, 0.00e+00|  (0, 0)   | [ 4, 6 ]
[00000004]    4|        25| 0.00|-3.31e+01, 3.96e+01, -4.04e+01| 1.41e+02| 1.25e+02| 2 | 0.00e+00, 0.00e+00, 0.00e+00| 0.00e+00, 0.00e+00, 0.00e+00|  (0, 0)   | [ 7, 8 ]
[00000005]    5|        14| 0.00| 1.31e-01,-2.75e+01,  6.09e+01| 6.68e+01| 0.00e+00| 2 | 0.00e+00, 0.00e+00, 0.00e+00| 0.00e+00, 0.00e+00, 0.00e+00|  (0, 0)   | [ 9, 9 ]
[00000006]    6|       -14| 0.00| 3.29e+01,-1.21e+01, -2.52e+01| 4.32e+01| 0.00e+00| 2 | 0.00e+00, 0.00e+00, 0.00e+00| 0.00e+00, 0.00e+00, 0.00e+00|  (0, 0)   | [ 10, 10 ]
[00000007]    7|        15|-1.00| 2.57e+01, 2.24e+01, -6.64e+01| 7.46e+01| 1.78e+00| 2 | 0.00e+00, 0.00e+00, 0.00e+00| 0.00e+00, 0.00e+00, 1.00e+00|  (0, 0)   | [ 12, 13 ]
[00000008]    8|       -15| 1.00|-5.87e+01, 1.72e+01,  2.59e+01| 6.65e+01| 1.78e+00| 2 | 0.00e+00, 0.00e+00, 0.00e+00| 0.00e+00, 0.00e+00, 1.00e+00|  (0, 0)   | [ 11, 11 ]
[00000009]    9|        14| 0.00| 1.31e-01,-2.75e+01,  6.09e+01| 6.68e+01| 0.00e+00| 1 | 0.00e+00, 0.00e+00, 0.00e+00| 0.00e+00, 0.00e+00, 0.00e+00|  (0, 0)   | [ 0, 0 ]
[00000010]   10|       -14| 0.00| 3.29e+01,-1.21e+01, -2.52e+01| 4.32e+01| 0.00e+00| 1 | 0.00e+00, 0.00e+00, 0.00e+00| 0.00e+00, 0.00e+00, 0.00e+00|  (0, 0)   | [ 0, 0 ]
[00000011]   11|       -15| 1.00|-5.87e+01, 1.72e+01,  2.59e+01| 6.65e+01| 1.78e+00| 2 | 0.00e+00, 0.00e+00, 0.00e+00| 0.00e+00, 0.00e+00, 1.00e+00|  (0, 0)   | [ 14, 16 ]
[00000012]   12|        15|-1.00| 2.56e+01, 2.24e+01, -6.62e+01| 7.44e+01| 1.78e+00| 2 | 0.00e+00, 0.00e+00, 0.00e+00| 0.00e+00, 0.00e+00, 1.00e+00|  (0, 0)   | [ 17, 18 ]
[00000013]   13|        22| 0.00| 8.23e-02, 4.77e-02, -1.87e-01| 2.10e-01| 0.00e+00| 1 | 0.00e+00, 0.00e+00, 0.00e+00| 0.00e+00, 0.00e+00, 0.00e+00|  (0, 0)   | [ 0, 0 ]
[00000014]   14|       -16| 0.00|-4.05e+01, 1.14e+01,  1.74e+01| 4.56e+01| 1.00e-02| 1 |-2.44e+00, 7.13e-01, 1.08e+00| 0.00e+00, 0.00e+00, 0.00e+00|  (0, 0)   | [ 0, 0 ]
[00000015]   15|       -13| 1.00|-1.55e+01, 4.95e+00,  7.03e+00| 1.77e+01| 1.06e-01| 1 |-2.44e+00, 7.13e-01, 1.08e+00| 0.00e+00, 0.00e+00, 0.00e+00|  (0, 0)   | [ 0, 0 ]
[00000016]   16|        14| 0.00|-2.69e+00, 7.63e-01,  1.52e+00| 3.18e+00| 0.00e+00| 1 |-2.44e+00, 7.13e-01, 1.08e+00| 0.00e+00, 0.00e+00, 0.00e+00|  (0, 0)   | [ 0, 0 ]
[00000017]   17|        16| 0.00| 4.76e+00, 3.82e+00, -1.06e+01| 1.22e+01| 1.00e-02| 1 | 5.75e-01, 5.03e-01,-1.49e+00| 0.00e+00, 0.00e+00, 0.00e+00|  (0, 0)   | [ 0, 0 ]
[00000018]   18|      -213|-1.00| 2.08e+01, 1.86e+01, -5.56e+01| 6.22e+01| 4.32e-01| 2 | 5.75e-01, 5.03e-01,-1.49e+00| 0.00e+00, 0.00e+00, 0.00e+00|  (0, 0)   | [ 19, 20 ]
[00000019]   19|      -211|-1.00| 6.16e+00, 5.45e+00, -1.67e+01| 1.86e+01| 1.40e-01| 1 | 5.75e-01, 5.03e-01,-1.49e+00| 0.00e+00, 0.00e+00, 0.00e+00|  (0, 0)   | [ 0, 0 ]
[00000020]   20|       111| 0.00| 1.47e+01, 1.31e+01, -3.89e+01| 4.36e+01| 1.35e-01| 2 | 5.75e-01, 5.03e-01,-1.49e+00| 0.00e+00, 0.00e+00, 0.00e+00|  (0, 0)   | [ 21, 22 ]
[00000021]   21|        22| 0.00| 1.16e+01, 1.04e+01, -3.10e+01| 3.47e+01| 0.00e+00| 1 | 5.76e-01, 5.03e-01,-1.49e+00| 0.00e+00, 0.00e+00, 0.00e+00|  (0, 0)   | [ 0, 0 ]
[00000022]   22|        22| 0.00| 3.04e+00, 2.70e+00, -7.93e+00| 8.91e+00| 0.00e+00| 1 | 5.76e-01, 5.03e-01,-1.49e+00| 0.00e+00, 0.00e+00, 0.00e+00|  (0, 0)   | [ 0, 0 ]
  converted 1 events - written to stdout
==================================================== 

==================================================== 
 WHIZARD StdHep Reader : 
 opened file : tauola_2_p2.ev4.hep
====== File Header ===========
    total blocks: [...]
         version: 2.01
           title: WHIZARD [version]
         comment: No comment
            date: [...]
    closing date: [...]
 expected events: 1
          events: 3
      firstTable: -1
        dimTable: 100
        nNTuples: 0
         nBlocks: 8
     block names:
                :  Standard HEP COMMON block, see STDHEP Product
                :  Standard HEP COMMON block with multiple interaction, see STDHEP Product
                :  Stdhep begin run record, see STDHEP Product
                :  Stdhep end run record, see STDHEP Product
                :  Standard HEP COMMON block with Les Houches, see STDHEP Product
                :  Standard HEP COMMON block with Les Houches and multiple interaction
                :  Les Houches HEPEUP common block
                :  Les Houches HEPRUP common block
=============================
Process ID = 1   Weight = 1     Scale = 213.723     aQED = -1     aQCD = 0.1178
 Event #0
[   id   ]index|      PDG |q(el)|    px,      py,        pz    | energy  |   mass  |sta| vertex x,     y   ,   z     |              spin           | colorflow | [daughters]
[00000000]    0|        11|-1.00| 0.00e+00, 0.00e+00,  1.23e+02| 1.23e+02| 5.11e-04| 2 | 0.00e+00, 0.00e+00, 0.00e+00| 0.00e+00, 0.00e+00, 0.00e+00|  (0, 0)   | [ 2, 2 ]
[00000001]    1|       -11| 1.00| 0.00e+00, 0.00e+00, -1.28e+02| 1.28e+02| 5.11e-04| 2 | 0.00e+00, 0.00e+00, 0.00e+00| 0.00e+00, 0.00e+00, 0.00e+00|  (0, 0)   | [ 3, 3 ]
[00000002]    2|        11|-1.00| 0.00e+00, 0.00e+00,  8.93e+01| 8.93e+01| 5.11e-04| 2 | 0.00e+00, 0.00e+00, 0.00e+00| 0.00e+00, 0.00e+00, 0.00e+00|  (0, 0)   | [ 4, 6 ]
[00000003]    3|       -11| 1.00| 0.00e+00, 0.00e+00, -1.28e+02| 1.28e+02| 5.11e-04| 2 | 0.00e+00, 0.00e+00, 0.00e+00| 0.00e+00, 0.00e+00, 0.00e+00|  (0, 0)   | [ 4, 6 ]
[00000004]    4|       -24|-1.00| 3.75e+01, 5.46e+01,  3.32e+00| 1.04e+02| 8.04e+01| 2 | 0.00e+00, 0.00e+00, 0.00e+00| 0.00e+00, 0.00e+00, 0.00e+00|  (0, 0)   | [ 7, 8 ]
[00000005]    5|       -13| 1.00|-3.59e+01,-6.89e+01, -5.37e+01| 9.44e+01| 1.06e-01| 2 | 0.00e+00, 0.00e+00, 0.00e+00| 0.00e+00, 0.00e+00, 0.00e+00|  (0, 0)   | [ 12, 14 ]
[00000006]    6|        14| 0.00|-1.64e+00, 1.42e+01,  1.17e+01| 1.85e+01| 0.00e+00| 2 | 0.00e+00, 0.00e+00, 0.00e+00| 0.00e+00, 0.00e+00, 0.00e+00|  (0, 0)   | [ 11, 11 ]
[00000007]    7|        15|-1.00| 6.15e+01, 4.99e+01, -2.39e+00| 7.92e+01| 1.78e+00| 2 | 0.00e+00, 0.00e+00, 0.00e+00| 0.00e+00, 0.00e+00,-1.00e+00|  (0, 0)   | [ 9, 9 ]
[00000008]    8|       -16| 0.00|-2.39e+01, 4.77e+00,  5.71e+00| 2.51e+01| 0.00e+00| 2 | 0.00e+00, 0.00e+00, 0.00e+00| 0.00e+00, 0.00e+00, 0.00e+00|  (0, 0)   | [ 10, 10 ]
[00000009]    9|        15|-1.00| 6.15e+01, 4.99e+01, -2.39e+00| 7.92e+01| 1.78e+00| 2 | 0.00e+00, 0.00e+00, 0.00e+00| 0.00e+00, 0.00e+00,-1.00e+00|  (0, 0)   | [ 15, 16 ]
[00000010]   10|       -16| 0.00|-2.39e+01, 4.77e+00,  5.71e+00| 2.51e+01| 0.00e+00| 1 | 0.00e+00, 0.00e+00, 0.00e+00| 0.00e+00, 0.00e+00, 0.00e+00|  (0, 0)   | [ 0, 0 ]
[00000011]   11|        14| 0.00|-1.64e+00, 1.42e+01,  1.17e+01| 1.85e+01| 0.00e+00| 1 | 0.00e+00, 0.00e+00, 0.00e+00| 0.00e+00, 0.00e+00, 0.00e+00|  (0, 0)   | [ 0, 0 ]
[00000012]   12|        22| 0.00|-1.24e-03,-1.04e-03, -1.35e-03| 2.11e-03| 0.00e+00| 1 | 0.00e+00, 0.00e+00, 0.00e+00| 0.00e+00, 0.00e+00, 0.00e+00|  (0, 0)   | [ 0, 0 ]
[00000013]   13|       -13| 1.00|-3.59e+01,-6.89e+01, -5.37e+01| 9.44e+01| 1.06e-01| 1 | 0.00e+00, 0.00e+00, 0.00e+00| 0.00e+00, 0.00e+00, 0.00e+00|  (0, 0)   | [ 0, 0 ]
[00000014]   14|        22| 0.00|-9.16e-03,-1.55e-02, -1.37e-02| 2.27e-02| 0.00e+00| 1 | 0.00e+00, 0.00e+00, 0.00e+00| 0.00e+00, 0.00e+00, 0.00e+00|  (0, 0)   | [ 0, 0 ]
[00000015]   15|        16| 0.00| 5.99e+01, 4.83e+01, -2.16e+00| 7.70e+01| 1.00e-02| 1 | 3.40e+00, 2.76e+00,-1.32e-01| 0.00e+00, 0.00e+00, 0.00e+00|  (0, 0)   | [ 0, 0 ]
[00000016]   16|      -211|-1.00| 1.60e+00, 1.56e+00, -2.26e-01| 2.25e+00| 1.40e-01| 1 | 3.40e+00, 2.76e+00,-1.32e-01| 0.00e+00, 0.00e+00, 0.00e+00|  (0, 0)   | [ 0, 0 ]
  converted 1 events - written to stdout
==================================================== 

