tolerance =  1.000000000000E-10
Default parameters:
Test.gy =>  1.000000000000E+00
Test.ms =>  1.250000000000E+02
Test.mf* =>  1.875000000000E+02
| expect: success
Resetting ms:
Test.ms =>  1.200000000000E+02
New parameters:
Test.gy =>  1.000000000000E+00
Test.ms =>  1.200000000000E+02
Test.mf* =>  1.800000000000E+02
| expect: success
| Summary of value checks:
|   Failures: 0 / Total: 2
| WHIZARD run finished.
|=============================================================================|
