| Writing SLHA output file 'suspect2_lha.in'
| command: susyhit
| Reading SLHA input file 'susyhit_slha.out'
| SLHA: Initializing model 'MSSM_Grav'
| SLHA: SUSY spectrum program info:
| SLHA: SuSpect
| SLHA: [version]
?pacify = true
MSSM_Grav.mgg =>  6.48440E+02
MSSM_Grav.wgg =>  0.00000E+00
| WHIZARD run finished.
|=============================================================================|
